TRACE::2026-03-19.10:37:21::SCWPlatform::Trying to open the hw design at C:/Users/C28Asher.Speicher/Documents/ece383_code/vitisWorkspace/lab3v7/hw/lab3v7.xsa
TRACE::2026-03-19.10:37:21::SCWPlatform::DSA given C:/Users/C28Asher.Speicher/Documents/ece383_code/vitisWorkspace/lab3v7/hw/lab3v7.xsa
TRACE::2026-03-19.10:37:21::SCWPlatform::DSA absoulate path C:/Users/C28Asher.Speicher/Documents/ece383_code/vitisWorkspace/lab3v7/hw/lab3v7.xsa
TRACE::2026-03-19.10:37:21::SCWPlatform::DSA directory C:/Users/C28Asher.Speicher/Documents/ece383_code/vitisWorkspace/lab3v7/hw
TRACE::2026-03-19.10:37:21::SCWPlatform:: Platform Path C:/Users/C28Asher.Speicher/Documents/ece383_code/vitisWorkspace/lab3v7/hw/lab3v7.xsa
TRACE::2026-03-19.10:37:21::SCWPlatform:: Unique name xilinx:nexys_video::0.0
TRACE::2026-03-19.10:37:21::SCWPlatform::Do not have an existing db opened. 
TRACE::2026-03-19.10:37:22::SCWPlatform::Opened new HwDB with name design_1_wrapper_15
TRACE::2026-03-19.10:37:22::SCWWriter::formatted JSON is {
	"platformName":	"lab3v7",
	"sprVersion":	"2.0",
	"mode":	"gui",
	"dsaType":	"Fixed",
	"platformDesc":	"lab3v7",
	"platHandOff":	"C:/Users/C28Asher.Speicher/Documents/ece383_code/lab3/lab3v7.xsa",
	"platIntHandOff":	"<platformDir>/hw/lab3v7.xsa",
	"deviceType":	"FPGA",
	"platIsPrebuiltAutogen":	"false",
	"platIsNoBootBsp":	"false",
	"hasFsblMakeHasChanges":	"false",
	"hasPmufwMakeHasChanges":	"false",
	"platPreBuiltFlag":	false,
	"platformSamplesDir":	""
}
TRACE::2026-03-19.10:37:22::SCWWriter::formatted JSON is {
	"platformName":	"lab3v7",
	"sprVersion":	"2.0",
	"mode":	"gui",
	"dsaType":	"Fixed",
	"platformDesc":	"lab3v7",
	"platHandOff":	"C:/Users/C28Asher.Speicher/Documents/ece383_code/lab3/lab3v7.xsa",
	"platIntHandOff":	"<platformDir>/hw/lab3v7.xsa",
	"deviceType":	"FPGA",
	"platIsPrebuiltAutogen":	"false",
	"platIsNoBootBsp":	"false",
	"hasFsblMakeHasChanges":	"false",
	"hasPmufwMakeHasChanges":	"false",
	"platPreBuiltFlag":	false,
	"platformSamplesDir":	"",
	"platActiveSys":	"lab3v7",
	"systems":	[{
			"systemName":	"lab3v7",
			"systemDesc":	"lab3v7",
			"sysIsBootAutoGen":	"true",
			"systemDispName":	"lab3v7"
		}]
}
TRACE::2026-03-19.10:37:22::SCWPlatform::Boot application domains not present, creating them
TRACE::2026-03-19.10:37:22::SCWPlatform::Pure FPGA device, no boot application will be created.
TRACE::2026-03-19.10:37:22::SCWWriter::formatted JSON is {
	"platformName":	"lab3v7",
	"sprVersion":	"2.0",
	"mode":	"gui",
	"dsaType":	"Fixed",
	"platformDesc":	"lab3v7",
	"platHandOff":	"C:/Users/C28Asher.Speicher/Documents/ece383_code/lab3/lab3v7.xsa",
	"platIntHandOff":	"<platformDir>/hw/lab3v7.xsa",
	"deviceType":	"FPGA",
	"platIsPrebuiltAutogen":	"false",
	"platIsNoBootBsp":	"false",
	"hasFsblMakeHasChanges":	"false",
	"hasPmufwMakeHasChanges":	"false",
	"platPreBuiltFlag":	false,
	"platformSamplesDir":	"",
	"platActiveSys":	"lab3v7",
	"systems":	[{
			"systemName":	"lab3v7",
			"systemDesc":	"lab3v7",
			"sysIsBootAutoGen":	"true",
			"systemDispName":	"lab3v7"
		}]
}
TRACE::2026-03-19.10:37:22::SCWWriter::formatted JSON is {
	"platformName":	"lab3v7",
	"sprVersion":	"2.0",
	"mode":	"gui",
	"dsaType":	"Fixed",
	"platformDesc":	"lab3v7",
	"platHandOff":	"C:/Users/C28Asher.Speicher/Documents/ece383_code/lab3/lab3v7.xsa",
	"platIntHandOff":	"<platformDir>/hw/lab3v7.xsa",
	"deviceType":	"FPGA",
	"platIsPrebuiltAutogen":	"false",
	"platIsNoBootBsp":	"false",
	"hasFsblMakeHasChanges":	"false",
	"hasPmufwMakeHasChanges":	"false",
	"platPreBuiltFlag":	false,
	"platformSamplesDir":	"",
	"platActiveSys":	"lab3v7",
	"systems":	[{
			"systemName":	"lab3v7",
			"systemDesc":	"lab3v7",
			"sysIsBootAutoGen":	"true",
			"systemDispName":	"lab3v7"
		}]
}
TRACE::2026-03-19.10:37:22::SCWPlatform::Trying to open the hw design at C:/Users/C28Asher.Speicher/Documents/ece383_code/vitisWorkspace/lab3v7/hw/lab3v7.xsa
TRACE::2026-03-19.10:37:22::SCWPlatform::DSA given C:/Users/C28Asher.Speicher/Documents/ece383_code/vitisWorkspace/lab3v7/hw/lab3v7.xsa
TRACE::2026-03-19.10:37:22::SCWPlatform::DSA absoulate path C:/Users/C28Asher.Speicher/Documents/ece383_code/vitisWorkspace/lab3v7/hw/lab3v7.xsa
TRACE::2026-03-19.10:37:22::SCWPlatform::DSA directory C:/Users/C28Asher.Speicher/Documents/ece383_code/vitisWorkspace/lab3v7/hw
TRACE::2026-03-19.10:37:22::SCWPlatform:: Platform Path C:/Users/C28Asher.Speicher/Documents/ece383_code/vitisWorkspace/lab3v7/hw/lab3v7.xsa
TRACE::2026-03-19.10:37:22::SCWPlatform:: Unique name xilinx:nexys_video::0.0
TRACE::2026-03-19.10:37:22::SCWPlatform::Trying to set the existing hwdb with name design_1_wrapper_15
TRACE::2026-03-19.10:37:22::SCWPlatform::Opened existing hwdb design_1_wrapper_15
TRACE::2026-03-19.10:37:22::SCWPlatform::Found the Hw Db part of the input DSA
TRACE::2026-03-19.10:37:22::SCWPlatform::Trying to open the hw design at C:/Users/C28Asher.Speicher/Documents/ece383_code/vitisWorkspace/lab3v7/hw/lab3v7.xsa
TRACE::2026-03-19.10:37:22::SCWPlatform::DSA given C:/Users/C28Asher.Speicher/Documents/ece383_code/vitisWorkspace/lab3v7/hw/lab3v7.xsa
TRACE::2026-03-19.10:37:22::SCWPlatform::DSA absoulate path C:/Users/C28Asher.Speicher/Documents/ece383_code/vitisWorkspace/lab3v7/hw/lab3v7.xsa
TRACE::2026-03-19.10:37:22::SCWPlatform::DSA directory C:/Users/C28Asher.Speicher/Documents/ece383_code/vitisWorkspace/lab3v7/hw
TRACE::2026-03-19.10:37:22::SCWPlatform:: Platform Path C:/Users/C28Asher.Speicher/Documents/ece383_code/vitisWorkspace/lab3v7/hw/lab3v7.xsa
TRACE::2026-03-19.10:37:22::SCWPlatform:: Unique name xilinx:nexys_video::0.0
TRACE::2026-03-19.10:37:22::SCWPlatform::Trying to set the existing hwdb with name design_1_wrapper_15
TRACE::2026-03-19.10:37:22::SCWPlatform::Opened existing hwdb design_1_wrapper_15
TRACE::2026-03-19.10:37:22::SCWPlatform::Found the Hw Db part of the input DSA
TRACE::2026-03-19.10:37:22::SCWDomain::checking for install qemu data   : 
TRACE::2026-03-19.10:37:22::SCWPlatform::Trying to open the hw design at C:/Users/C28Asher.Speicher/Documents/ece383_code/vitisWorkspace/lab3v7/hw/lab3v7.xsa
TRACE::2026-03-19.10:37:22::SCWPlatform::DSA given C:/Users/C28Asher.Speicher/Documents/ece383_code/vitisWorkspace/lab3v7/hw/lab3v7.xsa
TRACE::2026-03-19.10:37:22::SCWPlatform::DSA absoulate path C:/Users/C28Asher.Speicher/Documents/ece383_code/vitisWorkspace/lab3v7/hw/lab3v7.xsa
TRACE::2026-03-19.10:37:22::SCWPlatform::DSA directory C:/Users/C28Asher.Speicher/Documents/ece383_code/vitisWorkspace/lab3v7/hw
TRACE::2026-03-19.10:37:22::SCWPlatform:: Platform Path C:/Users/C28Asher.Speicher/Documents/ece383_code/vitisWorkspace/lab3v7/hw/lab3v7.xsa
TRACE::2026-03-19.10:37:22::SCWPlatform:: Unique name xilinx:nexys_video::0.0
TRACE::2026-03-19.10:37:22::SCWPlatform::Trying to set the existing hwdb with name design_1_wrapper_15
TRACE::2026-03-19.10:37:22::SCWPlatform::Opened existing hwdb design_1_wrapper_15
TRACE::2026-03-19.10:37:22::SCWPlatform::Found the Hw Db part of the input DSA
TRACE::2026-03-19.10:37:22::SCWPlatform::Trying to open the hw design at C:/Users/C28Asher.Speicher/Documents/ece383_code/vitisWorkspace/lab3v7/hw/lab3v7.xsa
TRACE::2026-03-19.10:37:22::SCWPlatform::DSA given C:/Users/C28Asher.Speicher/Documents/ece383_code/vitisWorkspace/lab3v7/hw/lab3v7.xsa
TRACE::2026-03-19.10:37:22::SCWPlatform::DSA absoulate path C:/Users/C28Asher.Speicher/Documents/ece383_code/vitisWorkspace/lab3v7/hw/lab3v7.xsa
TRACE::2026-03-19.10:37:22::SCWPlatform::DSA directory C:/Users/C28Asher.Speicher/Documents/ece383_code/vitisWorkspace/lab3v7/hw
TRACE::2026-03-19.10:37:22::SCWPlatform:: Platform Path C:/Users/C28Asher.Speicher/Documents/ece383_code/vitisWorkspace/lab3v7/hw/lab3v7.xsa
TRACE::2026-03-19.10:37:22::SCWPlatform:: Unique name xilinx:nexys_video::0.0
TRACE::2026-03-19.10:37:22::SCWPlatform::Trying to set the existing hwdb with name design_1_wrapper_15
TRACE::2026-03-19.10:37:22::SCWPlatform::Opened existing hwdb design_1_wrapper_15
TRACE::2026-03-19.10:37:22::SCWPlatform::Found the Hw Db part of the input DSA
TRACE::2026-03-19.10:37:22::SCWPlatform::Trying to open the hw design at C:/Users/C28Asher.Speicher/Documents/ece383_code/vitisWorkspace/lab3v7/hw/lab3v7.xsa
TRACE::2026-03-19.10:37:22::SCWPlatform::DSA given C:/Users/C28Asher.Speicher/Documents/ece383_code/vitisWorkspace/lab3v7/hw/lab3v7.xsa
TRACE::2026-03-19.10:37:22::SCWPlatform::DSA absoulate path C:/Users/C28Asher.Speicher/Documents/ece383_code/vitisWorkspace/lab3v7/hw/lab3v7.xsa
TRACE::2026-03-19.10:37:22::SCWPlatform::DSA directory C:/Users/C28Asher.Speicher/Documents/ece383_code/vitisWorkspace/lab3v7/hw
TRACE::2026-03-19.10:37:22::SCWPlatform:: Platform Path C:/Users/C28Asher.Speicher/Documents/ece383_code/vitisWorkspace/lab3v7/hw/lab3v7.xsa
TRACE::2026-03-19.10:37:22::SCWPlatform:: Unique name xilinx:nexys_video::0.0
TRACE::2026-03-19.10:37:22::SCWPlatform::Trying to set the existing hwdb with name design_1_wrapper_15
TRACE::2026-03-19.10:37:22::SCWPlatform::Opened existing hwdb design_1_wrapper_15
TRACE::2026-03-19.10:37:22::SCWPlatform::Found the Hw Db part of the input DSA
TRACE::2026-03-19.10:37:22::SCWMssOS::Checking the sw design at  C:/Users/C28Asher.Speicher/Documents/ece383_code/vitisWorkspace/lab3v7/microblaze_0/standalone_microblaze_0/bsp/system.mss
TRACE::2026-03-19.10:37:22::SCWMssOS::DEBUG:  swdes dump  C:/Users/C28Asher.Speicher/Documents/ece383_code/vitisWorkspace/design_1_wrapper/microblaze_0/standalone_microblaze_0/bsp/system.mss|system||
C:/Users/C28Asher.Speicher/Documents/ece383_code/vitisWorkspace/lab3wrapper/microblaze_0/standalone_microblaze_0/bsp/system.mss|system_0||

TRACE::2026-03-19.10:37:22::SCWMssOS::No sw design opened at  C:/Users/C28Asher.Speicher/Documents/ece383_code/vitisWorkspace/lab3v7/microblaze_0/standalone_microblaze_0/bsp/system.mss
TRACE::2026-03-19.10:37:22::SCWMssOS::mss does not exists at C:/Users/C28Asher.Speicher/Documents/ece383_code/vitisWorkspace/lab3v7/microblaze_0/standalone_microblaze_0/bsp/system.mss
TRACE::2026-03-19.10:37:22::SCWMssOS::Creating sw design at  C:/Users/C28Asher.Speicher/Documents/ece383_code/vitisWorkspace/lab3v7/microblaze_0/standalone_microblaze_0/bsp/system.mss
TRACE::2026-03-19.10:37:22::SCWMssOS::Adding the swdes entry, created swdb C:/Users/C28Asher.Speicher/Documents/ece383_code/vitisWorkspace/lab3v7/microblaze_0/standalone_microblaze_0/bsp/system.mss with des name C:/Users/C28Asher.Speicher/Documents/ece383_code/vitisWorkspace/lab3v7/microblaze_0/standalone_microblaze_0/bsp/system.mss
TRACE::2026-03-19.10:37:22::SCWMssOS::updating the scw layer changes to swdes at   C:/Users/C28Asher.Speicher/Documents/ece383_code/vitisWorkspace/lab3v7/microblaze_0/standalone_microblaze_0/bsp/system.mss
TRACE::2026-03-19.10:37:22::SCWMssOS::Writing mss at C:/Users/C28Asher.Speicher/Documents/ece383_code/vitisWorkspace/lab3v7/microblaze_0/standalone_microblaze_0/bsp/system.mss
TRACE::2026-03-19.10:37:22::SCWMssOS::Completed writing the mss file at C:/Users/C28Asher.Speicher/Documents/ece383_code/vitisWorkspace/lab3v7/microblaze_0/standalone_microblaze_0/bsp
TRACE::2026-03-19.10:37:22::SCWMssOS::Picking up changes from newly written mss file into SCW Layer. 
TRACE::2026-03-19.10:37:22::SCWMssOS::Updated the changes from newly written mss file into SCW Layer. 
TRACE::2026-03-19.10:37:22::SCWMssOS::Completed writing the mss file at C:/Users/C28Asher.Speicher/Documents/ece383_code/vitisWorkspace/lab3v7/microblaze_0/standalone_microblaze_0/bsp
TRACE::2026-03-19.10:37:22::SCWMssOS::Forcing BSP Sources regeneration.
TRACE::2026-03-19.10:37:30::SCWMssOS::Saving the mss changes C:/Users/C28Asher.Speicher/Documents/ece383_code/vitisWorkspace/lab3v7/microblaze_0/standalone_microblaze_0/bsp/system.mss
TRACE::2026-03-19.10:37:30::SCWMssOS::Adding the swdes entry, mss present, able to open swdb C:/Users/C28Asher.Speicher/Documents/ece383_code/vitisWorkspace/lab3v7/microblaze_0/standalone_microblaze_0/bsp/system.mss with des name system_1
TRACE::2026-03-19.10:37:30::SCWMssOS::Writing the mss file completed C:/Users/C28Asher.Speicher/Documents/ece383_code/vitisWorkspace/lab3v7/microblaze_0/standalone_microblaze_0/bsp/system.mss
TRACE::2026-03-19.10:37:30::SCWMssOS::Commit changes completed.
TRACE::2026-03-19.10:37:30::SCWPlatform::Trying to open the hw design at C:/Users/C28Asher.Speicher/Documents/ece383_code/vitisWorkspace/lab3v7/hw/lab3v7.xsa
TRACE::2026-03-19.10:37:30::SCWPlatform::DSA given C:/Users/C28Asher.Speicher/Documents/ece383_code/vitisWorkspace/lab3v7/hw/lab3v7.xsa
TRACE::2026-03-19.10:37:30::SCWPlatform::DSA absoulate path C:/Users/C28Asher.Speicher/Documents/ece383_code/vitisWorkspace/lab3v7/hw/lab3v7.xsa
TRACE::2026-03-19.10:37:30::SCWPlatform::DSA directory C:/Users/C28Asher.Speicher/Documents/ece383_code/vitisWorkspace/lab3v7/hw
TRACE::2026-03-19.10:37:30::SCWPlatform:: Platform Path C:/Users/C28Asher.Speicher/Documents/ece383_code/vitisWorkspace/lab3v7/hw/lab3v7.xsa
TRACE::2026-03-19.10:37:30::SCWPlatform:: Unique name xilinx:nexys_video::0.0
TRACE::2026-03-19.10:37:30::SCWPlatform::Trying to set the existing hwdb with name design_1_wrapper_15
TRACE::2026-03-19.10:37:30::SCWPlatform::Opened existing hwdb design_1_wrapper_15
TRACE::2026-03-19.10:37:30::SCWPlatform::Found the Hw Db part of the input DSA
TRACE::2026-03-19.10:37:30::SCWMssOS::Checking the sw design at  C:/Users/C28Asher.Speicher/Documents/ece383_code/vitisWorkspace/lab3v7/microblaze_0/standalone_microblaze_0/bsp/system.mss
TRACE::2026-03-19.10:37:30::SCWMssOS::DEBUG:  swdes dump  C:/Users/C28Asher.Speicher/Documents/ece383_code/vitisWorkspace/design_1_wrapper/microblaze_0/standalone_microblaze_0/bsp/system.mss|system||
C:/Users/C28Asher.Speicher/Documents/ece383_code/vitisWorkspace/lab3v7/microblaze_0/standalone_microblaze_0/bsp/system.mss|system_1||
C:/Users/C28Asher.Speicher/Documents/ece383_code/vitisWorkspace/lab3wrapper/microblaze_0/standalone_microblaze_0/bsp/system.mss|system_0||

TRACE::2026-03-19.10:37:30::SCWMssOS::Sw design exists and opened at  C:/Users/C28Asher.Speicher/Documents/ece383_code/vitisWorkspace/lab3v7/microblaze_0/standalone_microblaze_0/bsp/system.mss
TRACE::2026-03-19.10:37:30::SCWPlatform::Trying to open the hw design at C:/Users/C28Asher.Speicher/Documents/ece383_code/vitisWorkspace/lab3v7/hw/lab3v7.xsa
TRACE::2026-03-19.10:37:30::SCWPlatform::DSA given C:/Users/C28Asher.Speicher/Documents/ece383_code/vitisWorkspace/lab3v7/hw/lab3v7.xsa
TRACE::2026-03-19.10:37:30::SCWPlatform::DSA absoulate path C:/Users/C28Asher.Speicher/Documents/ece383_code/vitisWorkspace/lab3v7/hw/lab3v7.xsa
TRACE::2026-03-19.10:37:30::SCWPlatform::DSA directory C:/Users/C28Asher.Speicher/Documents/ece383_code/vitisWorkspace/lab3v7/hw
TRACE::2026-03-19.10:37:30::SCWPlatform:: Platform Path C:/Users/C28Asher.Speicher/Documents/ece383_code/vitisWorkspace/lab3v7/hw/lab3v7.xsa
TRACE::2026-03-19.10:37:30::SCWPlatform:: Unique name xilinx:nexys_video::0.0
TRACE::2026-03-19.10:37:30::SCWPlatform::Trying to set the existing hwdb with name design_1_wrapper_15
TRACE::2026-03-19.10:37:30::SCWPlatform::Opened existing hwdb design_1_wrapper_15
TRACE::2026-03-19.10:37:30::SCWPlatform::Found the Hw Db part of the input DSA
TRACE::2026-03-19.10:37:30::SCWMssOS::Checking the sw design at  C:/Users/C28Asher.Speicher/Documents/ece383_code/vitisWorkspace/lab3v7/microblaze_0/standalone_microblaze_0/bsp/system.mss
TRACE::2026-03-19.10:37:30::SCWMssOS::DEBUG:  swdes dump  C:/Users/C28Asher.Speicher/Documents/ece383_code/vitisWorkspace/design_1_wrapper/microblaze_0/standalone_microblaze_0/bsp/system.mss|system||
C:/Users/C28Asher.Speicher/Documents/ece383_code/vitisWorkspace/lab3v7/microblaze_0/standalone_microblaze_0/bsp/system.mss|system_1||
C:/Users/C28Asher.Speicher/Documents/ece383_code/vitisWorkspace/lab3wrapper/microblaze_0/standalone_microblaze_0/bsp/system.mss|system_0||

TRACE::2026-03-19.10:37:30::SCWMssOS::Sw design exists and opened at  C:/Users/C28Asher.Speicher/Documents/ece383_code/vitisWorkspace/lab3v7/microblaze_0/standalone_microblaze_0/bsp/system.mss
TRACE::2026-03-19.10:37:30::SCWPlatform::Trying to open the hw design at C:/Users/C28Asher.Speicher/Documents/ece383_code/vitisWorkspace/lab3v7/hw/lab3v7.xsa
TRACE::2026-03-19.10:37:30::SCWPlatform::DSA given C:/Users/C28Asher.Speicher/Documents/ece383_code/vitisWorkspace/lab3v7/hw/lab3v7.xsa
TRACE::2026-03-19.10:37:30::SCWPlatform::DSA absoulate path C:/Users/C28Asher.Speicher/Documents/ece383_code/vitisWorkspace/lab3v7/hw/lab3v7.xsa
TRACE::2026-03-19.10:37:30::SCWPlatform::DSA directory C:/Users/C28Asher.Speicher/Documents/ece383_code/vitisWorkspace/lab3v7/hw
TRACE::2026-03-19.10:37:30::SCWPlatform:: Platform Path C:/Users/C28Asher.Speicher/Documents/ece383_code/vitisWorkspace/lab3v7/hw/lab3v7.xsa
TRACE::2026-03-19.10:37:30::SCWPlatform:: Unique name xilinx:nexys_video::0.0
TRACE::2026-03-19.10:37:30::SCWPlatform::Trying to set the existing hwdb with name design_1_wrapper_15
TRACE::2026-03-19.10:37:30::SCWPlatform::Opened existing hwdb design_1_wrapper_15
TRACE::2026-03-19.10:37:30::SCWPlatform::Found the Hw Db part of the input DSA
TRACE::2026-03-19.10:37:30::SCWMssOS::Checking the sw design at  C:/Users/C28Asher.Speicher/Documents/ece383_code/vitisWorkspace/lab3v7/microblaze_0/standalone_microblaze_0/bsp/system.mss
TRACE::2026-03-19.10:37:30::SCWMssOS::DEBUG:  swdes dump  C:/Users/C28Asher.Speicher/Documents/ece383_code/vitisWorkspace/design_1_wrapper/microblaze_0/standalone_microblaze_0/bsp/system.mss|system||
C:/Users/C28Asher.Speicher/Documents/ece383_code/vitisWorkspace/lab3v7/microblaze_0/standalone_microblaze_0/bsp/system.mss|system_1||
C:/Users/C28Asher.Speicher/Documents/ece383_code/vitisWorkspace/lab3wrapper/microblaze_0/standalone_microblaze_0/bsp/system.mss|system_0||

TRACE::2026-03-19.10:37:30::SCWMssOS::Sw design exists and opened at  C:/Users/C28Asher.Speicher/Documents/ece383_code/vitisWorkspace/lab3v7/microblaze_0/standalone_microblaze_0/bsp/system.mss
TRACE::2026-03-19.10:37:30::SCWWriter::formatted JSON is {
	"platformName":	"lab3v7",
	"sprVersion":	"2.0",
	"mode":	"gui",
	"dsaType":	"Fixed",
	"platformDesc":	"lab3v7",
	"platHandOff":	"C:/Users/C28Asher.Speicher/Documents/ece383_code/lab3/lab3v7.xsa",
	"platIntHandOff":	"<platformDir>/hw/lab3v7.xsa",
	"deviceType":	"FPGA",
	"platIsPrebuiltAutogen":	"false",
	"platIsNoBootBsp":	"false",
	"hasFsblMakeHasChanges":	"false",
	"hasPmufwMakeHasChanges":	"false",
	"platPreBuiltFlag":	false,
	"platformSamplesDir":	"",
	"platActiveSys":	"lab3v7",
	"systems":	[{
			"systemName":	"lab3v7",
			"systemDesc":	"lab3v7",
			"sysIsBootAutoGen":	"true",
			"systemDispName":	"lab3v7",
			"sysActiveDom":	"standalone_microblaze_0",
			"sysDefaultDom":	"standalone_microblaze_0",
			"domains":	[{
					"domainName":	"standalone_microblaze_0",
					"domainDispName":	"standalone_microblaze_0",
					"domainDesc":	"standalone_microblaze_0",
					"processors":	"microblaze_0",
					"os":	"standalone",
					"sdxOs":	"standalone",
					"debugEnable":	"False",
					"domRuntimes":	["cpp"],
					"swRepo":	"",
					"mssOsVer":	"9.2",
					"mssFile":	"",
					"md5Digest":	"42ccb7ea313779dd670bc6882054070d",
					"compatibleApp":	"hello_world",
					"domType":	"mssDomain",
					"arch":	"32-bit",
					"appSettings":	{
						"appCompilerFlags":	"",
						"appLinkerFlags":	""
					},
					"addedLibs":	[],
					"libOptions":	{
						"libsContainingOptions":	[]
					},
					"prebuiltLibs":	{
						"prebuiltIncPath":	[],
						"prebuiltLibPath":	[]
					},
					"isolation":	{
					}
				}]
		}]
}
LOG::2026-03-19.10:37:30::SCWPlatform::Started generating the artifacts platform lab3v7
TRACE::2026-03-19.10:37:30::SCWPlatform::Sanity checking of platform is completed
LOG::2026-03-19.10:37:30::SCWPlatform::Started generating the artifacts for system configuration lab3v7
LOG::2026-03-19.10:37:30::SCWSystem::Checking the domain standalone_microblaze_0
LOG::2026-03-19.10:37:30::SCWSystem::Not a boot domain 
LOG::2026-03-19.10:37:30::SCWSystem::Started Processing the domain standalone_microblaze_0
TRACE::2026-03-19.10:37:30::SCWDomain::Generating domain artifcats
TRACE::2026-03-19.10:37:30::SCWMssOS::Generating standalone artifcats
TRACE::2026-03-19.10:37:30::SCWMssOS:: Copying the user libraries. 
TRACE::2026-03-19.10:37:30::SCWPlatform::Trying to open the hw design at C:/Users/C28Asher.Speicher/Documents/ece383_code/vitisWorkspace/lab3v7/hw/lab3v7.xsa
TRACE::2026-03-19.10:37:30::SCWPlatform::DSA given C:/Users/C28Asher.Speicher/Documents/ece383_code/vitisWorkspace/lab3v7/hw/lab3v7.xsa
TRACE::2026-03-19.10:37:30::SCWPlatform::DSA absoulate path C:/Users/C28Asher.Speicher/Documents/ece383_code/vitisWorkspace/lab3v7/hw/lab3v7.xsa
TRACE::2026-03-19.10:37:30::SCWPlatform::DSA directory C:/Users/C28Asher.Speicher/Documents/ece383_code/vitisWorkspace/lab3v7/hw
TRACE::2026-03-19.10:37:30::SCWPlatform:: Platform Path C:/Users/C28Asher.Speicher/Documents/ece383_code/vitisWorkspace/lab3v7/hw/lab3v7.xsa
TRACE::2026-03-19.10:37:30::SCWPlatform:: Unique name xilinx:nexys_video::0.0
TRACE::2026-03-19.10:37:30::SCWPlatform::Trying to set the existing hwdb with name design_1_wrapper_15
TRACE::2026-03-19.10:37:30::SCWPlatform::Opened existing hwdb design_1_wrapper_15
TRACE::2026-03-19.10:37:30::SCWPlatform::Found the Hw Db part of the input DSA
TRACE::2026-03-19.10:37:30::SCWMssOS::Checking the sw design at  C:/Users/C28Asher.Speicher/Documents/ece383_code/vitisWorkspace/lab3v7/microblaze_0/standalone_microblaze_0/bsp/system.mss
TRACE::2026-03-19.10:37:30::SCWMssOS::DEBUG:  swdes dump  C:/Users/C28Asher.Speicher/Documents/ece383_code/vitisWorkspace/design_1_wrapper/microblaze_0/standalone_microblaze_0/bsp/system.mss|system||
C:/Users/C28Asher.Speicher/Documents/ece383_code/vitisWorkspace/lab3v7/microblaze_0/standalone_microblaze_0/bsp/system.mss|system_1||
C:/Users/C28Asher.Speicher/Documents/ece383_code/vitisWorkspace/lab3wrapper/microblaze_0/standalone_microblaze_0/bsp/system.mss|system_0||

TRACE::2026-03-19.10:37:30::SCWMssOS::Sw design exists and opened at  C:/Users/C28Asher.Speicher/Documents/ece383_code/vitisWorkspace/lab3v7/microblaze_0/standalone_microblaze_0/bsp/system.mss
TRACE::2026-03-19.10:37:30::SCWMssOS::Completed writing the mss file at C:/Users/C28Asher.Speicher/Documents/ece383_code/vitisWorkspace/lab3v7/microblaze_0/standalone_microblaze_0/bsp
TRACE::2026-03-19.10:37:30::SCWMssOS::Mss edits present, copying mssfile into export location C:/Users/C28Asher.Speicher/Documents/ece383_code/vitisWorkspace/lab3v7/microblaze_0/standalone_microblaze_0/bsp/system.mss
TRACE::2026-03-19.10:37:30::SCWMssOS::bsp generated is upto date with the mss file. Skipping bsp generation.
TRACE::2026-03-19.10:37:30::SCWMssOS::BSP is already built. skipping the bsp build ... 
TRACE::2026-03-19.10:37:30::SCWDomain::Skipping the build for domain :  standalone_microblaze_0
TRACE::2026-03-19.10:37:30::SCWMssOS::skipping the bsp build ... 
TRACE::2026-03-19.10:37:30::SCWMssOS::Copying to export directory.
TRACE::2026-03-19.10:37:30::SCWMssOS:: Checking if to create the Supporting Applications
TRACE::2026-03-19.10:37:30::SCWMssOS:: No Linux domain exists, trying to generate FSBL 
LOG::2026-03-19.10:37:30::SCWSystem::Completed Processing the domain standalone_microblaze_0
LOG::2026-03-19.10:37:30::SCWSystem::Completed Processing the sysconfig lab3v7
LOG::2026-03-19.10:37:30::SCWPlatform::Completed generating the artifacts for system configuration lab3v7
TRACE::2026-03-19.10:37:30::SCWPlatform::Started preparing the platform 
TRACE::2026-03-19.10:37:30::SCWSystem::Writing the bif file for system config lab3v7
TRACE::2026-03-19.10:37:30::SCWSystem::dir created 
TRACE::2026-03-19.10:37:30::SCWSystem::Writing the bif 
TRACE::2026-03-19.10:37:30::SCWPlatform::Started writing the spfm file 
TRACE::2026-03-19.10:37:30::SCWPlatform::Started writing the xpfm file 
TRACE::2026-03-19.10:37:30::SCWPlatform::Completed generating the platform
TRACE::2026-03-19.10:37:30::SCWMssOS::Saving the mss changes C:/Users/C28Asher.Speicher/Documents/ece383_code/vitisWorkspace/lab3v7/microblaze_0/standalone_microblaze_0/bsp/system.mss
TRACE::2026-03-19.10:37:30::SCWMssOS::Found a swdesign opened with the mssfile.
TRACE::2026-03-19.10:37:30::SCWMssOS::Completed writemss as part of save.
TRACE::2026-03-19.10:37:30::SCWMssOS::Commit changes completed.
TRACE::2026-03-19.10:37:30::SCWPlatform::Trying to open the hw design at C:/Users/C28Asher.Speicher/Documents/ece383_code/vitisWorkspace/lab3v7/hw/lab3v7.xsa
TRACE::2026-03-19.10:37:30::SCWPlatform::DSA given C:/Users/C28Asher.Speicher/Documents/ece383_code/vitisWorkspace/lab3v7/hw/lab3v7.xsa
TRACE::2026-03-19.10:37:30::SCWPlatform::DSA absoulate path C:/Users/C28Asher.Speicher/Documents/ece383_code/vitisWorkspace/lab3v7/hw/lab3v7.xsa
TRACE::2026-03-19.10:37:30::SCWPlatform::DSA directory C:/Users/C28Asher.Speicher/Documents/ece383_code/vitisWorkspace/lab3v7/hw
TRACE::2026-03-19.10:37:30::SCWPlatform:: Platform Path C:/Users/C28Asher.Speicher/Documents/ece383_code/vitisWorkspace/lab3v7/hw/lab3v7.xsa
TRACE::2026-03-19.10:37:30::SCWPlatform:: Unique name xilinx:nexys_video::0.0
TRACE::2026-03-19.10:37:30::SCWPlatform::Trying to set the existing hwdb with name design_1_wrapper_15
TRACE::2026-03-19.10:37:30::SCWPlatform::Opened existing hwdb design_1_wrapper_15
TRACE::2026-03-19.10:37:30::SCWPlatform::Found the Hw Db part of the input DSA
TRACE::2026-03-19.10:37:30::SCWMssOS::Checking the sw design at  C:/Users/C28Asher.Speicher/Documents/ece383_code/vitisWorkspace/lab3v7/microblaze_0/standalone_microblaze_0/bsp/system.mss
TRACE::2026-03-19.10:37:30::SCWMssOS::DEBUG:  swdes dump  C:/Users/C28Asher.Speicher/Documents/ece383_code/vitisWorkspace/design_1_wrapper/microblaze_0/standalone_microblaze_0/bsp/system.mss|system||
C:/Users/C28Asher.Speicher/Documents/ece383_code/vitisWorkspace/lab3v7/microblaze_0/standalone_microblaze_0/bsp/system.mss|system_1||
C:/Users/C28Asher.Speicher/Documents/ece383_code/vitisWorkspace/lab3wrapper/microblaze_0/standalone_microblaze_0/bsp/system.mss|system_0||

TRACE::2026-03-19.10:37:30::SCWMssOS::Sw design exists and opened at  C:/Users/C28Asher.Speicher/Documents/ece383_code/vitisWorkspace/lab3v7/microblaze_0/standalone_microblaze_0/bsp/system.mss
TRACE::2026-03-19.10:37:30::SCWPlatform::Trying to open the hw design at C:/Users/C28Asher.Speicher/Documents/ece383_code/vitisWorkspace/lab3v7/hw/lab3v7.xsa
TRACE::2026-03-19.10:37:30::SCWPlatform::DSA given C:/Users/C28Asher.Speicher/Documents/ece383_code/vitisWorkspace/lab3v7/hw/lab3v7.xsa
TRACE::2026-03-19.10:37:30::SCWPlatform::DSA absoulate path C:/Users/C28Asher.Speicher/Documents/ece383_code/vitisWorkspace/lab3v7/hw/lab3v7.xsa
TRACE::2026-03-19.10:37:30::SCWPlatform::DSA directory C:/Users/C28Asher.Speicher/Documents/ece383_code/vitisWorkspace/lab3v7/hw
TRACE::2026-03-19.10:37:31::SCWPlatform:: Platform Path C:/Users/C28Asher.Speicher/Documents/ece383_code/vitisWorkspace/lab3v7/hw/lab3v7.xsa
TRACE::2026-03-19.10:37:31::SCWPlatform:: Unique name xilinx:nexys_video::0.0
TRACE::2026-03-19.10:37:31::SCWPlatform::Trying to set the existing hwdb with name design_1_wrapper_15
TRACE::2026-03-19.10:37:31::SCWPlatform::Opened existing hwdb design_1_wrapper_15
TRACE::2026-03-19.10:37:31::SCWPlatform::Found the Hw Db part of the input DSA
TRACE::2026-03-19.10:37:31::SCWMssOS::Checking the sw design at  C:/Users/C28Asher.Speicher/Documents/ece383_code/vitisWorkspace/lab3v7/microblaze_0/standalone_microblaze_0/bsp/system.mss
TRACE::2026-03-19.10:37:31::SCWMssOS::DEBUG:  swdes dump  C:/Users/C28Asher.Speicher/Documents/ece383_code/vitisWorkspace/design_1_wrapper/microblaze_0/standalone_microblaze_0/bsp/system.mss|system||
C:/Users/C28Asher.Speicher/Documents/ece383_code/vitisWorkspace/lab3v7/microblaze_0/standalone_microblaze_0/bsp/system.mss|system_1||
C:/Users/C28Asher.Speicher/Documents/ece383_code/vitisWorkspace/lab3wrapper/microblaze_0/standalone_microblaze_0/bsp/system.mss|system_0||

TRACE::2026-03-19.10:37:31::SCWMssOS::Sw design exists and opened at  C:/Users/C28Asher.Speicher/Documents/ece383_code/vitisWorkspace/lab3v7/microblaze_0/standalone_microblaze_0/bsp/system.mss
TRACE::2026-03-19.10:37:31::SCWPlatform::Trying to open the hw design at C:/Users/C28Asher.Speicher/Documents/ece383_code/vitisWorkspace/lab3v7/hw/lab3v7.xsa
TRACE::2026-03-19.10:37:31::SCWPlatform::DSA given C:/Users/C28Asher.Speicher/Documents/ece383_code/vitisWorkspace/lab3v7/hw/lab3v7.xsa
TRACE::2026-03-19.10:37:31::SCWPlatform::DSA absoulate path C:/Users/C28Asher.Speicher/Documents/ece383_code/vitisWorkspace/lab3v7/hw/lab3v7.xsa
TRACE::2026-03-19.10:37:31::SCWPlatform::DSA directory C:/Users/C28Asher.Speicher/Documents/ece383_code/vitisWorkspace/lab3v7/hw
TRACE::2026-03-19.10:37:31::SCWPlatform:: Platform Path C:/Users/C28Asher.Speicher/Documents/ece383_code/vitisWorkspace/lab3v7/hw/lab3v7.xsa
TRACE::2026-03-19.10:37:31::SCWPlatform:: Unique name xilinx:nexys_video::0.0
TRACE::2026-03-19.10:37:31::SCWPlatform::Trying to set the existing hwdb with name design_1_wrapper_15
TRACE::2026-03-19.10:37:31::SCWPlatform::Opened existing hwdb design_1_wrapper_15
TRACE::2026-03-19.10:37:31::SCWPlatform::Found the Hw Db part of the input DSA
TRACE::2026-03-19.10:37:31::SCWMssOS::Checking the sw design at  C:/Users/C28Asher.Speicher/Documents/ece383_code/vitisWorkspace/lab3v7/microblaze_0/standalone_microblaze_0/bsp/system.mss
TRACE::2026-03-19.10:37:31::SCWMssOS::DEBUG:  swdes dump  C:/Users/C28Asher.Speicher/Documents/ece383_code/vitisWorkspace/design_1_wrapper/microblaze_0/standalone_microblaze_0/bsp/system.mss|system||
C:/Users/C28Asher.Speicher/Documents/ece383_code/vitisWorkspace/lab3v7/microblaze_0/standalone_microblaze_0/bsp/system.mss|system_1||
C:/Users/C28Asher.Speicher/Documents/ece383_code/vitisWorkspace/lab3wrapper/microblaze_0/standalone_microblaze_0/bsp/system.mss|system_0||

TRACE::2026-03-19.10:37:31::SCWMssOS::Sw design exists and opened at  C:/Users/C28Asher.Speicher/Documents/ece383_code/vitisWorkspace/lab3v7/microblaze_0/standalone_microblaze_0/bsp/system.mss
TRACE::2026-03-19.10:37:31::SCWWriter::formatted JSON is {
	"platformName":	"lab3v7",
	"sprVersion":	"2.0",
	"mode":	"gui",
	"dsaType":	"Fixed",
	"platformDesc":	"lab3v7",
	"platHandOff":	"C:/Users/C28Asher.Speicher/Documents/ece383_code/lab3/lab3v7.xsa",
	"platIntHandOff":	"<platformDir>/hw/lab3v7.xsa",
	"deviceType":	"FPGA",
	"platIsPrebuiltAutogen":	"false",
	"platIsNoBootBsp":	"false",
	"hasFsblMakeHasChanges":	"false",
	"hasPmufwMakeHasChanges":	"false",
	"platPreBuiltFlag":	false,
	"platformSamplesDir":	"",
	"platActiveSys":	"lab3v7",
	"systems":	[{
			"systemName":	"lab3v7",
			"systemDesc":	"lab3v7",
			"sysIsBootAutoGen":	"true",
			"systemDispName":	"lab3v7",
			"sysActiveDom":	"standalone_microblaze_0",
			"sysDefaultDom":	"standalone_microblaze_0",
			"domains":	[{
					"domainName":	"standalone_microblaze_0",
					"domainDispName":	"standalone_microblaze_0",
					"domainDesc":	"standalone_microblaze_0",
					"processors":	"microblaze_0",
					"os":	"standalone",
					"sdxOs":	"standalone",
					"debugEnable":	"False",
					"domRuntimes":	["cpp"],
					"swRepo":	"",
					"mssOsVer":	"9.2",
					"mssFile":	"",
					"md5Digest":	"42ccb7ea313779dd670bc6882054070d",
					"compatibleApp":	"hello_world",
					"domType":	"mssDomain",
					"arch":	"32-bit",
					"appSettings":	{
						"appCompilerFlags":	"",
						"appLinkerFlags":	""
					},
					"addedLibs":	[],
					"libOptions":	{
						"libsContainingOptions":	[]
					},
					"prebuiltLibs":	{
						"prebuiltIncPath":	[],
						"prebuiltLibPath":	[]
					},
					"isolation":	{
					}
				}]
		}]
}
KEYINFO::2026-03-19.10:37:31::SCWPlatform::updated the xpfm file.
TRACE::2026-03-19.10:37:31::SCWPlatform::Trying to open the hw design at C:/Users/C28Asher.Speicher/Documents/ece383_code/vitisWorkspace/lab3v7/hw/lab3v7.xsa
TRACE::2026-03-19.10:37:31::SCWPlatform::DSA given C:/Users/C28Asher.Speicher/Documents/ece383_code/vitisWorkspace/lab3v7/hw/lab3v7.xsa
TRACE::2026-03-19.10:37:31::SCWPlatform::DSA absoulate path C:/Users/C28Asher.Speicher/Documents/ece383_code/vitisWorkspace/lab3v7/hw/lab3v7.xsa
TRACE::2026-03-19.10:37:31::SCWPlatform::DSA directory C:/Users/C28Asher.Speicher/Documents/ece383_code/vitisWorkspace/lab3v7/hw
TRACE::2026-03-19.10:37:31::SCWPlatform:: Platform Path C:/Users/C28Asher.Speicher/Documents/ece383_code/vitisWorkspace/lab3v7/hw/lab3v7.xsa
TRACE::2026-03-19.10:37:31::SCWPlatform:: Unique name xilinx:nexys_video::0.0
TRACE::2026-03-19.10:37:31::SCWPlatform::Trying to set the existing hwdb with name design_1_wrapper_15
TRACE::2026-03-19.10:37:31::SCWPlatform::Opened existing hwdb design_1_wrapper_15
TRACE::2026-03-19.10:37:31::SCWPlatform::Found the Hw Db part of the input DSA
TRACE::2026-03-19.10:37:31::SCWMssOS::Checking the sw design at  C:/Users/C28Asher.Speicher/Documents/ece383_code/vitisWorkspace/lab3v7/microblaze_0/standalone_microblaze_0/bsp/system.mss
TRACE::2026-03-19.10:37:31::SCWMssOS::DEBUG:  swdes dump  C:/Users/C28Asher.Speicher/Documents/ece383_code/vitisWorkspace/design_1_wrapper/microblaze_0/standalone_microblaze_0/bsp/system.mss|system||
C:/Users/C28Asher.Speicher/Documents/ece383_code/vitisWorkspace/lab3v7/microblaze_0/standalone_microblaze_0/bsp/system.mss|system_1||
C:/Users/C28Asher.Speicher/Documents/ece383_code/vitisWorkspace/lab3wrapper/microblaze_0/standalone_microblaze_0/bsp/system.mss|system_0||

TRACE::2026-03-19.10:37:31::SCWMssOS::Sw design exists and opened at  C:/Users/C28Asher.Speicher/Documents/ece383_code/vitisWorkspace/lab3v7/microblaze_0/standalone_microblaze_0/bsp/system.mss
TRACE::2026-03-19.10:37:31::SCWMssOS::Saving the mss changes C:/Users/C28Asher.Speicher/Documents/ece383_code/vitisWorkspace/lab3v7/microblaze_0/standalone_microblaze_0/bsp/system.mss
TRACE::2026-03-19.10:37:31::SCWMssOS::Found a swdesign opened with the mssfile.
TRACE::2026-03-19.10:37:31::SCWMssOS::Completed writemss as part of save.
TRACE::2026-03-19.10:37:31::SCWMssOS::Commit changes completed.
TRACE::2026-03-19.10:37:31::SCWPlatform::Trying to open the hw design at C:/Users/C28Asher.Speicher/Documents/ece383_code/vitisWorkspace/lab3v7/hw/lab3v7.xsa
TRACE::2026-03-19.10:37:31::SCWPlatform::DSA given C:/Users/C28Asher.Speicher/Documents/ece383_code/vitisWorkspace/lab3v7/hw/lab3v7.xsa
TRACE::2026-03-19.10:37:31::SCWPlatform::DSA absoulate path C:/Users/C28Asher.Speicher/Documents/ece383_code/vitisWorkspace/lab3v7/hw/lab3v7.xsa
TRACE::2026-03-19.10:37:31::SCWPlatform::DSA directory C:/Users/C28Asher.Speicher/Documents/ece383_code/vitisWorkspace/lab3v7/hw
TRACE::2026-03-19.10:37:31::SCWPlatform:: Platform Path C:/Users/C28Asher.Speicher/Documents/ece383_code/vitisWorkspace/lab3v7/hw/lab3v7.xsa
TRACE::2026-03-19.10:37:31::SCWPlatform:: Unique name xilinx:nexys_video::0.0
TRACE::2026-03-19.10:37:31::SCWPlatform::Trying to set the existing hwdb with name design_1_wrapper_15
TRACE::2026-03-19.10:37:31::SCWPlatform::Opened existing hwdb design_1_wrapper_15
TRACE::2026-03-19.10:37:31::SCWPlatform::Found the Hw Db part of the input DSA
TRACE::2026-03-19.10:37:31::SCWMssOS::Checking the sw design at  C:/Users/C28Asher.Speicher/Documents/ece383_code/vitisWorkspace/lab3v7/microblaze_0/standalone_microblaze_0/bsp/system.mss
TRACE::2026-03-19.10:37:31::SCWMssOS::DEBUG:  swdes dump  C:/Users/C28Asher.Speicher/Documents/ece383_code/vitisWorkspace/design_1_wrapper/microblaze_0/standalone_microblaze_0/bsp/system.mss|system||
C:/Users/C28Asher.Speicher/Documents/ece383_code/vitisWorkspace/lab3v7/microblaze_0/standalone_microblaze_0/bsp/system.mss|system_1||
C:/Users/C28Asher.Speicher/Documents/ece383_code/vitisWorkspace/lab3wrapper/microblaze_0/standalone_microblaze_0/bsp/system.mss|system_0||

TRACE::2026-03-19.10:37:31::SCWMssOS::Sw design exists and opened at  C:/Users/C28Asher.Speicher/Documents/ece383_code/vitisWorkspace/lab3v7/microblaze_0/standalone_microblaze_0/bsp/system.mss
TRACE::2026-03-19.10:37:31::SCWPlatform::Trying to open the hw design at C:/Users/C28Asher.Speicher/Documents/ece383_code/vitisWorkspace/lab3v7/hw/lab3v7.xsa
TRACE::2026-03-19.10:37:31::SCWPlatform::DSA given C:/Users/C28Asher.Speicher/Documents/ece383_code/vitisWorkspace/lab3v7/hw/lab3v7.xsa
TRACE::2026-03-19.10:37:31::SCWPlatform::DSA absoulate path C:/Users/C28Asher.Speicher/Documents/ece383_code/vitisWorkspace/lab3v7/hw/lab3v7.xsa
TRACE::2026-03-19.10:37:31::SCWPlatform::DSA directory C:/Users/C28Asher.Speicher/Documents/ece383_code/vitisWorkspace/lab3v7/hw
TRACE::2026-03-19.10:37:31::SCWPlatform:: Platform Path C:/Users/C28Asher.Speicher/Documents/ece383_code/vitisWorkspace/lab3v7/hw/lab3v7.xsa
TRACE::2026-03-19.10:37:31::SCWPlatform:: Unique name xilinx:nexys_video::0.0
TRACE::2026-03-19.10:37:31::SCWPlatform::Trying to set the existing hwdb with name design_1_wrapper_15
TRACE::2026-03-19.10:37:31::SCWPlatform::Opened existing hwdb design_1_wrapper_15
TRACE::2026-03-19.10:37:31::SCWPlatform::Found the Hw Db part of the input DSA
TRACE::2026-03-19.10:37:31::SCWMssOS::Checking the sw design at  C:/Users/C28Asher.Speicher/Documents/ece383_code/vitisWorkspace/lab3v7/microblaze_0/standalone_microblaze_0/bsp/system.mss
TRACE::2026-03-19.10:37:31::SCWMssOS::DEBUG:  swdes dump  C:/Users/C28Asher.Speicher/Documents/ece383_code/vitisWorkspace/design_1_wrapper/microblaze_0/standalone_microblaze_0/bsp/system.mss|system||
C:/Users/C28Asher.Speicher/Documents/ece383_code/vitisWorkspace/lab3v7/microblaze_0/standalone_microblaze_0/bsp/system.mss|system_1||
C:/Users/C28Asher.Speicher/Documents/ece383_code/vitisWorkspace/lab3wrapper/microblaze_0/standalone_microblaze_0/bsp/system.mss|system_0||

TRACE::2026-03-19.10:37:31::SCWMssOS::Sw design exists and opened at  C:/Users/C28Asher.Speicher/Documents/ece383_code/vitisWorkspace/lab3v7/microblaze_0/standalone_microblaze_0/bsp/system.mss
TRACE::2026-03-19.10:37:31::SCWPlatform::Trying to open the hw design at C:/Users/C28Asher.Speicher/Documents/ece383_code/vitisWorkspace/lab3v7/hw/lab3v7.xsa
TRACE::2026-03-19.10:37:31::SCWPlatform::DSA given C:/Users/C28Asher.Speicher/Documents/ece383_code/vitisWorkspace/lab3v7/hw/lab3v7.xsa
TRACE::2026-03-19.10:37:31::SCWPlatform::DSA absoulate path C:/Users/C28Asher.Speicher/Documents/ece383_code/vitisWorkspace/lab3v7/hw/lab3v7.xsa
TRACE::2026-03-19.10:37:31::SCWPlatform::DSA directory C:/Users/C28Asher.Speicher/Documents/ece383_code/vitisWorkspace/lab3v7/hw
TRACE::2026-03-19.10:37:31::SCWPlatform:: Platform Path C:/Users/C28Asher.Speicher/Documents/ece383_code/vitisWorkspace/lab3v7/hw/lab3v7.xsa
TRACE::2026-03-19.10:37:31::SCWPlatform:: Unique name xilinx:nexys_video::0.0
TRACE::2026-03-19.10:37:31::SCWPlatform::Trying to set the existing hwdb with name design_1_wrapper_15
TRACE::2026-03-19.10:37:31::SCWPlatform::Opened existing hwdb design_1_wrapper_15
TRACE::2026-03-19.10:37:31::SCWPlatform::Found the Hw Db part of the input DSA
TRACE::2026-03-19.10:37:31::SCWMssOS::Checking the sw design at  C:/Users/C28Asher.Speicher/Documents/ece383_code/vitisWorkspace/lab3v7/microblaze_0/standalone_microblaze_0/bsp/system.mss
TRACE::2026-03-19.10:37:31::SCWMssOS::DEBUG:  swdes dump  C:/Users/C28Asher.Speicher/Documents/ece383_code/vitisWorkspace/design_1_wrapper/microblaze_0/standalone_microblaze_0/bsp/system.mss|system||
C:/Users/C28Asher.Speicher/Documents/ece383_code/vitisWorkspace/lab3v7/microblaze_0/standalone_microblaze_0/bsp/system.mss|system_1||
C:/Users/C28Asher.Speicher/Documents/ece383_code/vitisWorkspace/lab3wrapper/microblaze_0/standalone_microblaze_0/bsp/system.mss|system_0||

TRACE::2026-03-19.10:37:31::SCWMssOS::Sw design exists and opened at  C:/Users/C28Asher.Speicher/Documents/ece383_code/vitisWorkspace/lab3v7/microblaze_0/standalone_microblaze_0/bsp/system.mss
TRACE::2026-03-19.10:37:31::SCWWriter::formatted JSON is {
	"platformName":	"lab3v7",
	"sprVersion":	"2.0",
	"mode":	"gui",
	"dsaType":	"Fixed",
	"platformDesc":	"lab3v7",
	"platHandOff":	"C:/Users/C28Asher.Speicher/Documents/ece383_code/lab3/lab3v7.xsa",
	"platIntHandOff":	"<platformDir>/hw/lab3v7.xsa",
	"deviceType":	"FPGA",
	"platIsPrebuiltAutogen":	"false",
	"platIsNoBootBsp":	"false",
	"hasFsblMakeHasChanges":	"false",
	"hasPmufwMakeHasChanges":	"false",
	"platPreBuiltFlag":	false,
	"platformSamplesDir":	"",
	"platActiveSys":	"lab3v7",
	"systems":	[{
			"systemName":	"lab3v7",
			"systemDesc":	"lab3v7",
			"sysIsBootAutoGen":	"true",
			"systemDispName":	"lab3v7",
			"sysActiveDom":	"standalone_microblaze_0",
			"sysDefaultDom":	"standalone_microblaze_0",
			"domains":	[{
					"domainName":	"standalone_microblaze_0",
					"domainDispName":	"standalone_microblaze_0",
					"domainDesc":	"standalone_microblaze_0",
					"processors":	"microblaze_0",
					"os":	"standalone",
					"sdxOs":	"standalone",
					"debugEnable":	"False",
					"domRuntimes":	["cpp"],
					"swRepo":	"",
					"mssOsVer":	"9.2",
					"mssFile":	"",
					"md5Digest":	"42ccb7ea313779dd670bc6882054070d",
					"compatibleApp":	"hello_world",
					"domType":	"mssDomain",
					"arch":	"32-bit",
					"appSettings":	{
						"appCompilerFlags":	"",
						"appLinkerFlags":	""
					},
					"addedLibs":	[],
					"libOptions":	{
						"libsContainingOptions":	[]
					},
					"prebuiltLibs":	{
						"prebuiltIncPath":	[],
						"prebuiltLibPath":	[]
					},
					"isolation":	{
					}
				}]
		}]
}
TRACE::2026-03-19.10:37:31::SCWPlatform::Trying to open the hw design at C:/Users/C28Asher.Speicher/Documents/ece383_code/vitisWorkspace/lab3v7/hw/lab3v7.xsa
TRACE::2026-03-19.10:37:31::SCWPlatform::DSA given C:/Users/C28Asher.Speicher/Documents/ece383_code/vitisWorkspace/lab3v7/hw/lab3v7.xsa
TRACE::2026-03-19.10:37:31::SCWPlatform::DSA absoulate path C:/Users/C28Asher.Speicher/Documents/ece383_code/vitisWorkspace/lab3v7/hw/lab3v7.xsa
TRACE::2026-03-19.10:37:31::SCWPlatform::DSA directory C:/Users/C28Asher.Speicher/Documents/ece383_code/vitisWorkspace/lab3v7/hw
TRACE::2026-03-19.10:37:31::SCWPlatform:: Platform Path C:/Users/C28Asher.Speicher/Documents/ece383_code/vitisWorkspace/lab3v7/hw/lab3v7.xsa
TRACE::2026-03-19.10:37:31::SCWPlatform:: Unique name xilinx:nexys_video::0.0
TRACE::2026-03-19.10:37:31::SCWPlatform::Trying to set the existing hwdb with name design_1_wrapper_15
TRACE::2026-03-19.10:37:31::SCWPlatform::Opened existing hwdb design_1_wrapper_15
TRACE::2026-03-19.10:37:31::SCWPlatform::Found the Hw Db part of the input DSA
TRACE::2026-03-19.10:37:31::SCWMssOS::Checking the sw design at  C:/Users/C28Asher.Speicher/Documents/ece383_code/vitisWorkspace/lab3v7/microblaze_0/standalone_microblaze_0/bsp/system.mss
TRACE::2026-03-19.10:37:31::SCWMssOS::DEBUG:  swdes dump  C:/Users/C28Asher.Speicher/Documents/ece383_code/vitisWorkspace/design_1_wrapper/microblaze_0/standalone_microblaze_0/bsp/system.mss|system||
C:/Users/C28Asher.Speicher/Documents/ece383_code/vitisWorkspace/lab3v7/microblaze_0/standalone_microblaze_0/bsp/system.mss|system_1||
C:/Users/C28Asher.Speicher/Documents/ece383_code/vitisWorkspace/lab3wrapper/microblaze_0/standalone_microblaze_0/bsp/system.mss|system_0||

TRACE::2026-03-19.10:37:31::SCWMssOS::Sw design exists and opened at  C:/Users/C28Asher.Speicher/Documents/ece383_code/vitisWorkspace/lab3v7/microblaze_0/standalone_microblaze_0/bsp/system.mss
TRACE::2026-03-19.10:37:31::SCWPlatform::Trying to open the hw design at C:/Users/C28Asher.Speicher/Documents/ece383_code/vitisWorkspace/lab3v7/hw/lab3v7.xsa
TRACE::2026-03-19.10:37:31::SCWPlatform::DSA given C:/Users/C28Asher.Speicher/Documents/ece383_code/vitisWorkspace/lab3v7/hw/lab3v7.xsa
TRACE::2026-03-19.10:37:31::SCWPlatform::DSA absoulate path C:/Users/C28Asher.Speicher/Documents/ece383_code/vitisWorkspace/lab3v7/hw/lab3v7.xsa
TRACE::2026-03-19.10:37:31::SCWPlatform::DSA directory C:/Users/C28Asher.Speicher/Documents/ece383_code/vitisWorkspace/lab3v7/hw
TRACE::2026-03-19.10:37:31::SCWPlatform:: Platform Path C:/Users/C28Asher.Speicher/Documents/ece383_code/vitisWorkspace/lab3v7/hw/lab3v7.xsa
TRACE::2026-03-19.10:37:31::SCWPlatform:: Unique name xilinx:nexys_video::0.0
TRACE::2026-03-19.10:37:31::SCWPlatform::Trying to set the existing hwdb with name design_1_wrapper_15
TRACE::2026-03-19.10:37:31::SCWPlatform::Opened existing hwdb design_1_wrapper_15
TRACE::2026-03-19.10:37:31::SCWPlatform::Found the Hw Db part of the input DSA
TRACE::2026-03-19.10:37:31::SCWMssOS::Checking the sw design at  C:/Users/C28Asher.Speicher/Documents/ece383_code/vitisWorkspace/lab3v7/microblaze_0/standalone_microblaze_0/bsp/system.mss
TRACE::2026-03-19.10:37:31::SCWMssOS::DEBUG:  swdes dump  C:/Users/C28Asher.Speicher/Documents/ece383_code/vitisWorkspace/design_1_wrapper/microblaze_0/standalone_microblaze_0/bsp/system.mss|system||
C:/Users/C28Asher.Speicher/Documents/ece383_code/vitisWorkspace/lab3v7/microblaze_0/standalone_microblaze_0/bsp/system.mss|system_1||
C:/Users/C28Asher.Speicher/Documents/ece383_code/vitisWorkspace/lab3wrapper/microblaze_0/standalone_microblaze_0/bsp/system.mss|system_0||

TRACE::2026-03-19.10:37:31::SCWMssOS::Sw design exists and opened at  C:/Users/C28Asher.Speicher/Documents/ece383_code/vitisWorkspace/lab3v7/microblaze_0/standalone_microblaze_0/bsp/system.mss
TRACE::2026-03-19.10:37:31::SCWMssOS::Saving the mss changes C:/Users/C28Asher.Speicher/Documents/ece383_code/vitisWorkspace/lab3v7/microblaze_0/standalone_microblaze_0/bsp/system.mss
TRACE::2026-03-19.10:37:31::SCWMssOS::Found a swdesign opened with the mssfile.
TRACE::2026-03-19.10:37:31::SCWMssOS::Completed writemss as part of save.
TRACE::2026-03-19.10:37:31::SCWMssOS::Commit changes completed.
TRACE::2026-03-19.10:37:31::SCWPlatform::Trying to open the hw design at C:/Users/C28Asher.Speicher/Documents/ece383_code/vitisWorkspace/lab3v7/hw/lab3v7.xsa
TRACE::2026-03-19.10:37:31::SCWPlatform::DSA given C:/Users/C28Asher.Speicher/Documents/ece383_code/vitisWorkspace/lab3v7/hw/lab3v7.xsa
TRACE::2026-03-19.10:37:31::SCWPlatform::DSA absoulate path C:/Users/C28Asher.Speicher/Documents/ece383_code/vitisWorkspace/lab3v7/hw/lab3v7.xsa
TRACE::2026-03-19.10:37:31::SCWPlatform::DSA directory C:/Users/C28Asher.Speicher/Documents/ece383_code/vitisWorkspace/lab3v7/hw
TRACE::2026-03-19.10:37:31::SCWPlatform:: Platform Path C:/Users/C28Asher.Speicher/Documents/ece383_code/vitisWorkspace/lab3v7/hw/lab3v7.xsa
TRACE::2026-03-19.10:37:31::SCWPlatform:: Unique name xilinx:nexys_video::0.0
TRACE::2026-03-19.10:37:31::SCWPlatform::Trying to set the existing hwdb with name design_1_wrapper_15
TRACE::2026-03-19.10:37:31::SCWPlatform::Opened existing hwdb design_1_wrapper_15
TRACE::2026-03-19.10:37:31::SCWPlatform::Found the Hw Db part of the input DSA
TRACE::2026-03-19.10:37:31::SCWMssOS::Checking the sw design at  C:/Users/C28Asher.Speicher/Documents/ece383_code/vitisWorkspace/lab3v7/microblaze_0/standalone_microblaze_0/bsp/system.mss
TRACE::2026-03-19.10:37:31::SCWMssOS::DEBUG:  swdes dump  C:/Users/C28Asher.Speicher/Documents/ece383_code/vitisWorkspace/design_1_wrapper/microblaze_0/standalone_microblaze_0/bsp/system.mss|system||
C:/Users/C28Asher.Speicher/Documents/ece383_code/vitisWorkspace/lab3v7/microblaze_0/standalone_microblaze_0/bsp/system.mss|system_1||
C:/Users/C28Asher.Speicher/Documents/ece383_code/vitisWorkspace/lab3wrapper/microblaze_0/standalone_microblaze_0/bsp/system.mss|system_0||

TRACE::2026-03-19.10:37:31::SCWMssOS::Sw design exists and opened at  C:/Users/C28Asher.Speicher/Documents/ece383_code/vitisWorkspace/lab3v7/microblaze_0/standalone_microblaze_0/bsp/system.mss
TRACE::2026-03-19.10:37:31::SCWPlatform::Trying to open the hw design at C:/Users/C28Asher.Speicher/Documents/ece383_code/vitisWorkspace/lab3v7/hw/lab3v7.xsa
TRACE::2026-03-19.10:37:31::SCWPlatform::DSA given C:/Users/C28Asher.Speicher/Documents/ece383_code/vitisWorkspace/lab3v7/hw/lab3v7.xsa
TRACE::2026-03-19.10:37:31::SCWPlatform::DSA absoulate path C:/Users/C28Asher.Speicher/Documents/ece383_code/vitisWorkspace/lab3v7/hw/lab3v7.xsa
TRACE::2026-03-19.10:37:31::SCWPlatform::DSA directory C:/Users/C28Asher.Speicher/Documents/ece383_code/vitisWorkspace/lab3v7/hw
TRACE::2026-03-19.10:37:31::SCWPlatform:: Platform Path C:/Users/C28Asher.Speicher/Documents/ece383_code/vitisWorkspace/lab3v7/hw/lab3v7.xsa
TRACE::2026-03-19.10:37:31::SCWPlatform:: Unique name xilinx:nexys_video::0.0
TRACE::2026-03-19.10:37:31::SCWPlatform::Trying to set the existing hwdb with name design_1_wrapper_15
TRACE::2026-03-19.10:37:31::SCWPlatform::Opened existing hwdb design_1_wrapper_15
TRACE::2026-03-19.10:37:31::SCWPlatform::Found the Hw Db part of the input DSA
TRACE::2026-03-19.10:37:31::SCWMssOS::Checking the sw design at  C:/Users/C28Asher.Speicher/Documents/ece383_code/vitisWorkspace/lab3v7/microblaze_0/standalone_microblaze_0/bsp/system.mss
TRACE::2026-03-19.10:37:31::SCWMssOS::DEBUG:  swdes dump  C:/Users/C28Asher.Speicher/Documents/ece383_code/vitisWorkspace/design_1_wrapper/microblaze_0/standalone_microblaze_0/bsp/system.mss|system||
C:/Users/C28Asher.Speicher/Documents/ece383_code/vitisWorkspace/lab3v7/microblaze_0/standalone_microblaze_0/bsp/system.mss|system_1||
C:/Users/C28Asher.Speicher/Documents/ece383_code/vitisWorkspace/lab3wrapper/microblaze_0/standalone_microblaze_0/bsp/system.mss|system_0||

TRACE::2026-03-19.10:37:31::SCWMssOS::Sw design exists and opened at  C:/Users/C28Asher.Speicher/Documents/ece383_code/vitisWorkspace/lab3v7/microblaze_0/standalone_microblaze_0/bsp/system.mss
TRACE::2026-03-19.10:37:31::SCWPlatform::Trying to open the hw design at C:/Users/C28Asher.Speicher/Documents/ece383_code/vitisWorkspace/lab3v7/hw/lab3v7.xsa
TRACE::2026-03-19.10:37:31::SCWPlatform::DSA given C:/Users/C28Asher.Speicher/Documents/ece383_code/vitisWorkspace/lab3v7/hw/lab3v7.xsa
TRACE::2026-03-19.10:37:31::SCWPlatform::DSA absoulate path C:/Users/C28Asher.Speicher/Documents/ece383_code/vitisWorkspace/lab3v7/hw/lab3v7.xsa
TRACE::2026-03-19.10:37:31::SCWPlatform::DSA directory C:/Users/C28Asher.Speicher/Documents/ece383_code/vitisWorkspace/lab3v7/hw
TRACE::2026-03-19.10:37:31::SCWPlatform:: Platform Path C:/Users/C28Asher.Speicher/Documents/ece383_code/vitisWorkspace/lab3v7/hw/lab3v7.xsa
TRACE::2026-03-19.10:37:31::SCWPlatform:: Unique name xilinx:nexys_video::0.0
TRACE::2026-03-19.10:37:31::SCWPlatform::Trying to set the existing hwdb with name design_1_wrapper_15
TRACE::2026-03-19.10:37:31::SCWPlatform::Opened existing hwdb design_1_wrapper_15
TRACE::2026-03-19.10:37:31::SCWPlatform::Found the Hw Db part of the input DSA
TRACE::2026-03-19.10:37:31::SCWMssOS::Checking the sw design at  C:/Users/C28Asher.Speicher/Documents/ece383_code/vitisWorkspace/lab3v7/microblaze_0/standalone_microblaze_0/bsp/system.mss
TRACE::2026-03-19.10:37:31::SCWMssOS::DEBUG:  swdes dump  C:/Users/C28Asher.Speicher/Documents/ece383_code/vitisWorkspace/design_1_wrapper/microblaze_0/standalone_microblaze_0/bsp/system.mss|system||
C:/Users/C28Asher.Speicher/Documents/ece383_code/vitisWorkspace/lab3v7/microblaze_0/standalone_microblaze_0/bsp/system.mss|system_1||
C:/Users/C28Asher.Speicher/Documents/ece383_code/vitisWorkspace/lab3wrapper/microblaze_0/standalone_microblaze_0/bsp/system.mss|system_0||

TRACE::2026-03-19.10:37:31::SCWMssOS::Sw design exists and opened at  C:/Users/C28Asher.Speicher/Documents/ece383_code/vitisWorkspace/lab3v7/microblaze_0/standalone_microblaze_0/bsp/system.mss
TRACE::2026-03-19.10:37:31::SCWWriter::formatted JSON is {
	"platformName":	"lab3v7",
	"sprVersion":	"2.0",
	"mode":	"gui",
	"dsaType":	"Fixed",
	"platformDesc":	"lab3v7",
	"platHandOff":	"C:/Users/C28Asher.Speicher/Documents/ece383_code/lab3/lab3v7.xsa",
	"platIntHandOff":	"<platformDir>/hw/lab3v7.xsa",
	"deviceType":	"FPGA",
	"platIsPrebuiltAutogen":	"false",
	"platIsNoBootBsp":	"false",
	"hasFsblMakeHasChanges":	"false",
	"hasPmufwMakeHasChanges":	"false",
	"platPreBuiltFlag":	false,
	"platformSamplesDir":	"",
	"platActiveSys":	"lab3v7",
	"systems":	[{
			"systemName":	"lab3v7",
			"systemDesc":	"lab3v7",
			"sysIsBootAutoGen":	"true",
			"systemDispName":	"lab3v7",
			"sysActiveDom":	"standalone_microblaze_0",
			"sysDefaultDom":	"standalone_microblaze_0",
			"domains":	[{
					"domainName":	"standalone_microblaze_0",
					"domainDispName":	"standalone_microblaze_0",
					"domainDesc":	"standalone_microblaze_0",
					"processors":	"microblaze_0",
					"os":	"standalone",
					"sdxOs":	"standalone",
					"debugEnable":	"False",
					"domRuntimes":	["cpp"],
					"swRepo":	"",
					"mssOsVer":	"9.2",
					"mssFile":	"",
					"md5Digest":	"42ccb7ea313779dd670bc6882054070d",
					"compatibleApp":	"hello_world",
					"domType":	"mssDomain",
					"arch":	"32-bit",
					"appSettings":	{
						"appCompilerFlags":	"",
						"appLinkerFlags":	""
					},
					"addedLibs":	[],
					"libOptions":	{
						"libsContainingOptions":	[]
					},
					"prebuiltLibs":	{
						"prebuiltIncPath":	[],
						"prebuiltLibPath":	[]
					},
					"isolation":	{
					}
				}]
		}]
}
LOG::2026-03-19.10:37:31::SCWPlatform::Started generating the artifacts platform lab3v7
TRACE::2026-03-19.10:37:31::SCWPlatform::Sanity checking of platform is completed
LOG::2026-03-19.10:37:31::SCWPlatform::Started generating the artifacts for system configuration lab3v7
LOG::2026-03-19.10:37:31::SCWSystem::Started Processing the domain standalone_microblaze_0
TRACE::2026-03-19.10:37:31::SCWDomain::Generating domain artifcats
TRACE::2026-03-19.10:37:31::SCWMssOS::Generating standalone artifcats
TRACE::2026-03-19.10:37:31::SCWMssOS:: Copying the user libraries. 
TRACE::2026-03-19.10:37:31::SCWPlatform::Trying to open the hw design at C:/Users/C28Asher.Speicher/Documents/ece383_code/vitisWorkspace/lab3v7/hw/lab3v7.xsa
TRACE::2026-03-19.10:37:31::SCWPlatform::DSA given C:/Users/C28Asher.Speicher/Documents/ece383_code/vitisWorkspace/lab3v7/hw/lab3v7.xsa
TRACE::2026-03-19.10:37:31::SCWPlatform::DSA absoulate path C:/Users/C28Asher.Speicher/Documents/ece383_code/vitisWorkspace/lab3v7/hw/lab3v7.xsa
TRACE::2026-03-19.10:37:31::SCWPlatform::DSA directory C:/Users/C28Asher.Speicher/Documents/ece383_code/vitisWorkspace/lab3v7/hw
TRACE::2026-03-19.10:37:31::SCWPlatform:: Platform Path C:/Users/C28Asher.Speicher/Documents/ece383_code/vitisWorkspace/lab3v7/hw/lab3v7.xsa
TRACE::2026-03-19.10:37:31::SCWPlatform:: Unique name xilinx:nexys_video::0.0
TRACE::2026-03-19.10:37:31::SCWPlatform::Trying to set the existing hwdb with name design_1_wrapper_15
TRACE::2026-03-19.10:37:31::SCWPlatform::Opened existing hwdb design_1_wrapper_15
TRACE::2026-03-19.10:37:31::SCWPlatform::Found the Hw Db part of the input DSA
TRACE::2026-03-19.10:37:31::SCWMssOS::Checking the sw design at  C:/Users/C28Asher.Speicher/Documents/ece383_code/vitisWorkspace/lab3v7/microblaze_0/standalone_microblaze_0/bsp/system.mss
TRACE::2026-03-19.10:37:31::SCWMssOS::DEBUG:  swdes dump  C:/Users/C28Asher.Speicher/Documents/ece383_code/vitisWorkspace/design_1_wrapper/microblaze_0/standalone_microblaze_0/bsp/system.mss|system||
C:/Users/C28Asher.Speicher/Documents/ece383_code/vitisWorkspace/lab3v7/microblaze_0/standalone_microblaze_0/bsp/system.mss|system_1||
C:/Users/C28Asher.Speicher/Documents/ece383_code/vitisWorkspace/lab3wrapper/microblaze_0/standalone_microblaze_0/bsp/system.mss|system_0||

TRACE::2026-03-19.10:37:31::SCWMssOS::Sw design exists and opened at  C:/Users/C28Asher.Speicher/Documents/ece383_code/vitisWorkspace/lab3v7/microblaze_0/standalone_microblaze_0/bsp/system.mss
TRACE::2026-03-19.10:37:31::SCWMssOS::Completed writing the mss file at C:/Users/C28Asher.Speicher/Documents/ece383_code/vitisWorkspace/lab3v7/microblaze_0/standalone_microblaze_0/bsp
TRACE::2026-03-19.10:37:31::SCWMssOS::Mss edits present, copying mssfile into export location C:/Users/C28Asher.Speicher/Documents/ece383_code/vitisWorkspace/lab3v7/microblaze_0/standalone_microblaze_0/bsp/system.mss
TRACE::2026-03-19.10:37:31::SCWMssOS::bsp generated is upto date with the mss file. Skipping bsp generation.
TRACE::2026-03-19.10:37:31::SCWMssOS::BSP is already built. skipping the bsp build ... 
TRACE::2026-03-19.10:37:31::SCWDomain::Building the domain as part of full build :  standalone_microblaze_0
TRACE::2026-03-19.10:37:31::SCWMssOS::skipping the bsp build ... 
TRACE::2026-03-19.10:37:31::SCWMssOS::Copying to export directory.
TRACE::2026-03-19.10:37:31::SCWMssOS:: Checking if to create the Supporting Applications
TRACE::2026-03-19.10:37:31::SCWMssOS:: No Linux domain exists, trying to generate FSBL 
LOG::2026-03-19.10:37:31::SCWSystem::Completed Processing the domain standalone_microblaze_0
LOG::2026-03-19.10:37:31::SCWSystem::Completed Processing the sysconfig lab3v7
LOG::2026-03-19.10:37:31::SCWPlatform::Completed generating the artifacts for system configuration lab3v7
TRACE::2026-03-19.10:37:31::SCWPlatform::Started preparing the platform 
TRACE::2026-03-19.10:37:31::SCWSystem::Writing the bif file for system config lab3v7
TRACE::2026-03-19.10:37:31::SCWSystem::dir created 
TRACE::2026-03-19.10:37:31::SCWSystem::Writing the bif 
TRACE::2026-03-19.10:37:31::SCWPlatform::Started writing the spfm file 
TRACE::2026-03-19.10:37:31::SCWPlatform::Started writing the xpfm file 
TRACE::2026-03-19.10:37:31::SCWPlatform::Completed generating the platform
TRACE::2026-03-19.10:37:31::SCWMssOS::Saving the mss changes C:/Users/C28Asher.Speicher/Documents/ece383_code/vitisWorkspace/lab3v7/microblaze_0/standalone_microblaze_0/bsp/system.mss
TRACE::2026-03-19.10:37:31::SCWMssOS::Found a swdesign opened with the mssfile.
TRACE::2026-03-19.10:37:31::SCWMssOS::Completed writemss as part of save.
TRACE::2026-03-19.10:37:31::SCWMssOS::Commit changes completed.
TRACE::2026-03-19.10:37:31::SCWPlatform::Trying to open the hw design at C:/Users/C28Asher.Speicher/Documents/ece383_code/vitisWorkspace/lab3v7/hw/lab3v7.xsa
TRACE::2026-03-19.10:37:31::SCWPlatform::DSA given C:/Users/C28Asher.Speicher/Documents/ece383_code/vitisWorkspace/lab3v7/hw/lab3v7.xsa
TRACE::2026-03-19.10:37:31::SCWPlatform::DSA absoulate path C:/Users/C28Asher.Speicher/Documents/ece383_code/vitisWorkspace/lab3v7/hw/lab3v7.xsa
TRACE::2026-03-19.10:37:31::SCWPlatform::DSA directory C:/Users/C28Asher.Speicher/Documents/ece383_code/vitisWorkspace/lab3v7/hw
TRACE::2026-03-19.10:37:31::SCWPlatform:: Platform Path C:/Users/C28Asher.Speicher/Documents/ece383_code/vitisWorkspace/lab3v7/hw/lab3v7.xsa
TRACE::2026-03-19.10:37:31::SCWPlatform:: Unique name xilinx:nexys_video::0.0
TRACE::2026-03-19.10:37:31::SCWPlatform::Trying to set the existing hwdb with name design_1_wrapper_15
TRACE::2026-03-19.10:37:31::SCWPlatform::Opened existing hwdb design_1_wrapper_15
TRACE::2026-03-19.10:37:31::SCWPlatform::Found the Hw Db part of the input DSA
TRACE::2026-03-19.10:37:31::SCWMssOS::Checking the sw design at  C:/Users/C28Asher.Speicher/Documents/ece383_code/vitisWorkspace/lab3v7/microblaze_0/standalone_microblaze_0/bsp/system.mss
TRACE::2026-03-19.10:37:31::SCWMssOS::DEBUG:  swdes dump  C:/Users/C28Asher.Speicher/Documents/ece383_code/vitisWorkspace/design_1_wrapper/microblaze_0/standalone_microblaze_0/bsp/system.mss|system||
C:/Users/C28Asher.Speicher/Documents/ece383_code/vitisWorkspace/lab3v7/microblaze_0/standalone_microblaze_0/bsp/system.mss|system_1||
C:/Users/C28Asher.Speicher/Documents/ece383_code/vitisWorkspace/lab3wrapper/microblaze_0/standalone_microblaze_0/bsp/system.mss|system_0||

TRACE::2026-03-19.10:37:31::SCWMssOS::Sw design exists and opened at  C:/Users/C28Asher.Speicher/Documents/ece383_code/vitisWorkspace/lab3v7/microblaze_0/standalone_microblaze_0/bsp/system.mss
TRACE::2026-03-19.10:37:31::SCWPlatform::Trying to open the hw design at C:/Users/C28Asher.Speicher/Documents/ece383_code/vitisWorkspace/lab3v7/hw/lab3v7.xsa
TRACE::2026-03-19.10:37:31::SCWPlatform::DSA given C:/Users/C28Asher.Speicher/Documents/ece383_code/vitisWorkspace/lab3v7/hw/lab3v7.xsa
TRACE::2026-03-19.10:37:31::SCWPlatform::DSA absoulate path C:/Users/C28Asher.Speicher/Documents/ece383_code/vitisWorkspace/lab3v7/hw/lab3v7.xsa
TRACE::2026-03-19.10:37:31::SCWPlatform::DSA directory C:/Users/C28Asher.Speicher/Documents/ece383_code/vitisWorkspace/lab3v7/hw
TRACE::2026-03-19.10:37:31::SCWPlatform:: Platform Path C:/Users/C28Asher.Speicher/Documents/ece383_code/vitisWorkspace/lab3v7/hw/lab3v7.xsa
TRACE::2026-03-19.10:37:31::SCWPlatform:: Unique name xilinx:nexys_video::0.0
TRACE::2026-03-19.10:37:31::SCWPlatform::Trying to set the existing hwdb with name design_1_wrapper_15
TRACE::2026-03-19.10:37:31::SCWPlatform::Opened existing hwdb design_1_wrapper_15
TRACE::2026-03-19.10:37:31::SCWPlatform::Found the Hw Db part of the input DSA
TRACE::2026-03-19.10:37:31::SCWMssOS::Checking the sw design at  C:/Users/C28Asher.Speicher/Documents/ece383_code/vitisWorkspace/lab3v7/microblaze_0/standalone_microblaze_0/bsp/system.mss
TRACE::2026-03-19.10:37:31::SCWMssOS::DEBUG:  swdes dump  C:/Users/C28Asher.Speicher/Documents/ece383_code/vitisWorkspace/design_1_wrapper/microblaze_0/standalone_microblaze_0/bsp/system.mss|system||
C:/Users/C28Asher.Speicher/Documents/ece383_code/vitisWorkspace/lab3v7/microblaze_0/standalone_microblaze_0/bsp/system.mss|system_1||
C:/Users/C28Asher.Speicher/Documents/ece383_code/vitisWorkspace/lab3wrapper/microblaze_0/standalone_microblaze_0/bsp/system.mss|system_0||

TRACE::2026-03-19.10:37:31::SCWMssOS::Sw design exists and opened at  C:/Users/C28Asher.Speicher/Documents/ece383_code/vitisWorkspace/lab3v7/microblaze_0/standalone_microblaze_0/bsp/system.mss
TRACE::2026-03-19.10:37:31::SCWPlatform::Trying to open the hw design at C:/Users/C28Asher.Speicher/Documents/ece383_code/vitisWorkspace/lab3v7/hw/lab3v7.xsa
TRACE::2026-03-19.10:37:31::SCWPlatform::DSA given C:/Users/C28Asher.Speicher/Documents/ece383_code/vitisWorkspace/lab3v7/hw/lab3v7.xsa
TRACE::2026-03-19.10:37:31::SCWPlatform::DSA absoulate path C:/Users/C28Asher.Speicher/Documents/ece383_code/vitisWorkspace/lab3v7/hw/lab3v7.xsa
TRACE::2026-03-19.10:37:31::SCWPlatform::DSA directory C:/Users/C28Asher.Speicher/Documents/ece383_code/vitisWorkspace/lab3v7/hw
TRACE::2026-03-19.10:37:31::SCWPlatform:: Platform Path C:/Users/C28Asher.Speicher/Documents/ece383_code/vitisWorkspace/lab3v7/hw/lab3v7.xsa
TRACE::2026-03-19.10:37:31::SCWPlatform:: Unique name xilinx:nexys_video::0.0
TRACE::2026-03-19.10:37:31::SCWPlatform::Trying to set the existing hwdb with name design_1_wrapper_15
TRACE::2026-03-19.10:37:31::SCWPlatform::Opened existing hwdb design_1_wrapper_15
TRACE::2026-03-19.10:37:31::SCWPlatform::Found the Hw Db part of the input DSA
TRACE::2026-03-19.10:37:31::SCWMssOS::Checking the sw design at  C:/Users/C28Asher.Speicher/Documents/ece383_code/vitisWorkspace/lab3v7/microblaze_0/standalone_microblaze_0/bsp/system.mss
TRACE::2026-03-19.10:37:31::SCWMssOS::DEBUG:  swdes dump  C:/Users/C28Asher.Speicher/Documents/ece383_code/vitisWorkspace/design_1_wrapper/microblaze_0/standalone_microblaze_0/bsp/system.mss|system||
C:/Users/C28Asher.Speicher/Documents/ece383_code/vitisWorkspace/lab3v7/microblaze_0/standalone_microblaze_0/bsp/system.mss|system_1||
C:/Users/C28Asher.Speicher/Documents/ece383_code/vitisWorkspace/lab3wrapper/microblaze_0/standalone_microblaze_0/bsp/system.mss|system_0||

TRACE::2026-03-19.10:37:31::SCWMssOS::Sw design exists and opened at  C:/Users/C28Asher.Speicher/Documents/ece383_code/vitisWorkspace/lab3v7/microblaze_0/standalone_microblaze_0/bsp/system.mss
TRACE::2026-03-19.10:37:31::SCWWriter::formatted JSON is {
	"platformName":	"lab3v7",
	"sprVersion":	"2.0",
	"mode":	"gui",
	"dsaType":	"Fixed",
	"platformDesc":	"lab3v7",
	"platHandOff":	"C:/Users/C28Asher.Speicher/Documents/ece383_code/lab3/lab3v7.xsa",
	"platIntHandOff":	"<platformDir>/hw/lab3v7.xsa",
	"deviceType":	"FPGA",
	"platIsPrebuiltAutogen":	"false",
	"platIsNoBootBsp":	"false",
	"hasFsblMakeHasChanges":	"false",
	"hasPmufwMakeHasChanges":	"false",
	"platPreBuiltFlag":	false,
	"platformSamplesDir":	"",
	"platActiveSys":	"lab3v7",
	"systems":	[{
			"systemName":	"lab3v7",
			"systemDesc":	"lab3v7",
			"sysIsBootAutoGen":	"true",
			"systemDispName":	"lab3v7",
			"sysActiveDom":	"standalone_microblaze_0",
			"sysDefaultDom":	"standalone_microblaze_0",
			"domains":	[{
					"domainName":	"standalone_microblaze_0",
					"domainDispName":	"standalone_microblaze_0",
					"domainDesc":	"standalone_microblaze_0",
					"processors":	"microblaze_0",
					"os":	"standalone",
					"sdxOs":	"standalone",
					"debugEnable":	"False",
					"domRuntimes":	["cpp"],
					"swRepo":	"",
					"mssOsVer":	"9.2",
					"mssFile":	"",
					"md5Digest":	"42ccb7ea313779dd670bc6882054070d",
					"compatibleApp":	"hello_world",
					"domType":	"mssDomain",
					"arch":	"32-bit",
					"appSettings":	{
						"appCompilerFlags":	"",
						"appLinkerFlags":	""
					},
					"addedLibs":	[],
					"libOptions":	{
						"libsContainingOptions":	[]
					},
					"prebuiltLibs":	{
						"prebuiltIncPath":	[],
						"prebuiltLibPath":	[]
					},
					"isolation":	{
					}
				}]
		}]
}
KEYINFO::2026-03-19.10:37:31::SCWPlatform::updated the xpfm file.
