Copyright 1986-2022 Xilinx, Inc. All Rights Reserved. Copyright 2022-2024 Advanced Micro Devices, Inc. All Rights Reserved.
---------------------------------------------------------------------------------------------------------------------------------------------
| Tool Version : Vivado v.2024.2 (win64) Build 5239630 Fri Nov 08 22:35:27 MST 2024
| Date         : Tue May  5 13:06:06 2026
| Host         : C28-2TK4150H12 running 64-bit major release  (build 9200)
| Command      : report_control_sets -verbose -file FinalProject_control_sets_placed.rpt
| Design       : FinalProject
| Device       : xc7a200t
---------------------------------------------------------------------------------------------------------------------------------------------

Control Set Information

Table of Contents
-----------------
1. Summary
2. Histogram
3. Flip-Flop Distribution
4. Detailed Control Set Information

1. Summary
----------

+----------------------------------------------------------+-------+
|                          Status                          | Count |
+----------------------------------------------------------+-------+
| Total control sets                                       |    26 |
|    Minimum number of control sets                        |    26 |
|    Addition due to synthesis replication                 |     0 |
|    Addition due to physical synthesis replication        |     0 |
| Unused register locations in slices containing registers |   128 |
+----------------------------------------------------------+-------+
* Control sets can be merged at opt_design using control_set_merge or merge_equivalent_drivers
** Run report_qor_suggestions for automated merging and remapping suggestions


2. Histogram
------------

+--------------------+-------+
|       Fanout       | Count |
+--------------------+-------+
| Total control sets |    26 |
| >= 0 to < 4        |     5 |
| >= 4 to < 6        |     4 |
| >= 6 to < 8        |     1 |
| >= 8 to < 10       |     1 |
| >= 10 to < 12      |     5 |
| >= 12 to < 14      |     1 |
| >= 14 to < 16      |     0 |
| >= 16              |     9 |
+--------------------+-------+
* Control sets can be remapped at either synth_design or opt_design


3. Flip-Flop Distribution
-------------------------

+--------------+-----------------------+------------------------+-----------------+--------------+
| Clock Enable | Synchronous Set/Reset | Asynchronous Set/Reset | Total Registers | Total Slices |
+--------------+-----------------------+------------------------+-----------------+--------------+
| No           | No                    | No                     |             107 |           35 |
| No           | No                    | Yes                    |               0 |            0 |
| No           | Yes                   | No                     |              83 |           54 |
| Yes          | No                    | No                     |               8 |            2 |
| Yes          | No                    | Yes                    |               0 |            0 |
| Yes          | Yes                   | No                     |             162 |           47 |
+--------------+-----------------------+------------------------+-----------------+--------------+


4. Detailed Control Set Information
-----------------------------------

+------------------------------------------------------------------------------------------------------------+------------------------------------------------------------------------------------------------------+----------------------------------------------------------------------------------------------------+------------------+----------------+--------------+
|                                                Clock Signal                                                |                                             Enable Signal                                            |                                          Set/Reset Signal                                          | Slice Load Count | Bel Load Count | Bels / Slice |
+------------------------------------------------------------------------------------------------------------+------------------------------------------------------------------------------------------------------+----------------------------------------------------------------------------------------------------+------------------+----------------+--------------+
|  clk_IBUF_BUFG                                                                                             | datapath_uut/NES_uut/all_values[0]                                                                   | datapath_uut/video_uut/Inst_vga/vga_signal_generator_inst/vertical_counter/SR[0]                   |                1 |              1 |         1.00 |
|  datapath_uut/video_uut/Inst_vga/color_mapper_inst/numeric_stepper_row/debouncer_down/cw_reg[1]_i_2__0_n_0 |                                                                                                      | datapath_uut/video_uut/Inst_vga/color_mapper_inst/numeric_stepper_row/debouncer_down/cw__0         |                1 |              2 |         2.00 |
|  datapath_uut/video_uut/Inst_vga/color_mapper_inst/numeric_stepper_row/debouncer_up/cw_reg[1]_i_2_n_0      |                                                                                                      | datapath_uut/video_uut/Inst_vga/color_mapper_inst/numeric_stepper_row/debouncer_up/cw__0           |                1 |              2 |         2.00 |
|  datapath_uut/video_uut/Inst_vga/color_mapper_inst/numeric_stepper_col/debouncer_down/cw_reg[1]_i_2__2_n_0 |                                                                                                      | datapath_uut/video_uut/Inst_vga/color_mapper_inst/numeric_stepper_col/debouncer_down/cw__0         |                1 |              2 |         2.00 |
|  datapath_uut/video_uut/Inst_vga/color_mapper_inst/numeric_stepper_col/debouncer_up/cw_reg[1]_i_2__1_n_0   |                                                                                                      | datapath_uut/video_uut/Inst_vga/color_mapper_inst/numeric_stepper_col/debouncer_up/cw__0           |                1 |              2 |         2.00 |
|  clk_IBUF_BUFG                                                                                             | datapath_uut/NES_uut/FSM_onehot_state_reg_n_0_[5]                                                    |                                                                                                    |                1 |              4 |         4.00 |
|  clk_IBUF_BUFG                                                                                             | datapath_uut/NES_uut/p_1_in3_in                                                                      | datapath_uut/video_uut/Inst_vga/vga_signal_generator_inst/vertical_counter/SR[0]                   |                1 |              4 |         4.00 |
|  clk_IBUF_BUFG                                                                                             | datapath_uut/NES_uut/ctrl_7                                                                          | datapath_uut/NES_uut/FSM_onehot_state_reg_n_0_[1]                                                  |                1 |              4 |         4.00 |
|  datapath_uut/video_uut/mmcm_adv_inst_display_clocks/inst/clk_out1                                         | datapath_uut/NES_uut/E[0]                                                                            |                                                                                                    |                1 |              4 |         4.00 |
|  datapath_uut/video_uut/mmcm_adv_inst_display_clocks/inst/clk_out2                                         |                                                                                                      | datapath_uut/video_uut/inst_dvid/shift_red[9]_i_1_n_0                                              |                4 |              6 |         1.50 |
|  datapath_uut/video_uut/Inst_vga/color_mapper_inst/chicken_index_reg[7]_i_2_n_0                            |                                                                                                      |                                                                                                    |                2 |              8 |         4.00 |
|  clk_IBUF_BUFG                                                                                             | datapath_uut/NES_uut/counter_6us/ctrl                                                                | datapath_uut/NES_uut/counter_6us/SR[0]                                                             |                4 |             10 |         2.50 |
|  datapath_uut/video_uut/mmcm_adv_inst_display_clocks/inst/clk_out1                                         |                                                                                                      | datapath_uut/video_uut/Inst_vga/vga_signal_generator_inst/vertical_counter/SR[0]                   |                3 |             10 |         3.33 |
|  datapath_uut/video_uut/mmcm_adv_inst_display_clocks/inst/clk_out1                                         | datapath_uut/video_uut/Inst_vga/color_mapper_inst/numeric_stepper_row/debouncer_down/prev_down_reg_0 | datapath_uut/video_uut/Inst_vga/color_mapper_inst/numeric_stepper_row/debouncer_down/prev_down_reg |                4 |             10 |         2.50 |
|  datapath_uut/video_uut/mmcm_adv_inst_display_clocks/inst/clk_out1                                         | datapath_uut/video_uut/Inst_vga/vga_signal_generator_inst/horizontal_counter/E[0]                    | datapath_uut/video_uut/Inst_vga/vga_signal_generator_inst/vertical_counter/SR[0]                   |                3 |             10 |         3.33 |
|  datapath_uut/video_uut/mmcm_adv_inst_display_clocks/inst/clk_out1                                         | datapath_uut/video_uut/Inst_vga/color_mapper_inst/numeric_stepper_col/debouncer_down/prev_down_reg_0 | datapath_uut/video_uut/Inst_vga/color_mapper_inst/numeric_stepper_col/debouncer_down/prev_down_reg |                3 |             11 |         3.67 |
|  clk_IBUF_BUFG                                                                                             | datapath_uut/NES_uut/counter_6us/E[0]                                                                | datapath_uut/video_uut/Inst_vga/vga_signal_generator_inst/vertical_counter/SR[0]                   |                2 |             12 |         6.00 |
|  datapath_uut/video_uut/mmcm_adv_inst_display_clocks/inst/clk_out1                                         |                                                                                                      | datapath_uut/video_uut/Inst_vga/color_index[7]_i_1_n_0                                             |               12 |             16 |         1.33 |
|  datapath_uut/video_uut/mmcm_adv_inst_display_clocks/inst/clk_out1                                         |                                                                                                      | datapath_uut/video_uut/Inst_vga/color_index[7]_i_1__0_n_0                                          |               14 |             16 |         1.14 |
|  datapath_uut/video_uut/mmcm_adv_inst_display_clocks/inst/clk_out1                                         | datapath_uut/video_uut/Inst_vga/color_mapper_inst/numeric_stepper_row/debouncer_down/cw[0]           | datapath_uut/video_uut/Inst_vga/color_mapper_inst/numeric_stepper_row/debouncer_down/cw[1]         |                7 |             25 |         3.57 |
|  datapath_uut/video_uut/mmcm_adv_inst_display_clocks/inst/clk_out1                                         | datapath_uut/video_uut/Inst_vga/color_mapper_inst/numeric_stepper_row/debouncer_up/cw[0]             | datapath_uut/video_uut/Inst_vga/color_mapper_inst/numeric_stepper_row/debouncer_up/cw[1]           |                7 |             25 |         3.57 |
|  datapath_uut/video_uut/mmcm_adv_inst_display_clocks/inst/clk_out1                                         | datapath_uut/video_uut/Inst_vga/color_mapper_inst/numeric_stepper_col/debouncer_down/cw[0]           | datapath_uut/video_uut/Inst_vga/color_mapper_inst/numeric_stepper_col/debouncer_down/cw[1]         |                7 |             25 |         3.57 |
|  datapath_uut/video_uut/mmcm_adv_inst_display_clocks/inst/clk_out1                                         | datapath_uut/video_uut/Inst_vga/color_mapper_inst/numeric_stepper_col/debouncer_up/cw[0]             | datapath_uut/video_uut/Inst_vga/color_mapper_inst/numeric_stepper_col/debouncer_up/cw[1]           |                7 |             25 |         3.57 |
|  datapath_uut/video_uut/mmcm_adv_inst_display_clocks/inst/clk_out1                                         |                                                                                                      | datapath_uut/video_uut/Inst_vga/vga_signal_generator_inst/blank                                    |               17 |             27 |         1.59 |
|  datapath_uut/video_uut/mmcm_adv_inst_display_clocks/inst/clk_out2                                         |                                                                                                      |                                                                                                    |                8 |             34 |         4.25 |
|  datapath_uut/video_uut/mmcm_adv_inst_display_clocks/inst/clk_out1                                         |                                                                                                      |                                                                                                    |               25 |             65 |         2.60 |
+------------------------------------------------------------------------------------------------------------+------------------------------------------------------------------------------------------------------+----------------------------------------------------------------------------------------------------+------------------+----------------+--------------+


