Copyright 1986-2022 Xilinx, Inc. All Rights Reserved. Copyright 2022-2024 Advanced Micro Devices, Inc. All Rights Reserved.
--------------------------------------------------------------------------------------------------------------------------------------------------------------------------
| Tool Version : Vivado v.2024.2 (win64) Build 5239630 Fri Nov 08 22:35:27 MST 2024
| Date         : Tue May  5 13:08:05 2026
| Host         : C28-2TK4150H12 running 64-bit major release  (build 9200)
| Command      : report_methodology -file FinalProject_methodology_drc_routed.rpt -pb FinalProject_methodology_drc_routed.pb -rpx FinalProject_methodology_drc_routed.rpx
| Design       : FinalProject
| Device       : xc7a200tsbg484-1
| Speed File   : -1
| Design State : Fully Routed
--------------------------------------------------------------------------------------------------------------------------------------------------------------------------

Report Methodology

Table of Contents
-----------------
1. REPORT SUMMARY
2. REPORT DETAILS

1. REPORT SUMMARY
-----------------
            Netlist: netlist
          Floorplan: design_1
      Design limits: <entire design considered>
             Max checks: <unlimited>
             Checks found: 58
+-----------+------------------+--------------------------------------------+--------+
| Rule      | Severity         | Description                                | Checks |
+-----------+------------------+--------------------------------------------+--------+
| TIMING-17 | Critical Warning | Non-clocked sequential cell                | 35     |
| TIMING-27 | Critical Warning | Invalid primary clock on hierarchical pin  | 1      |
| LUTAR-1   | Warning          | LUT drives async reset alert               | 4      |
| SYNTH-6   | Warning          | Timing of a RAM block might be sub-optimal | 1      |
| TIMING-20 | Warning          | Non-clocked latch                          | 16     |
| LATCH-1   | Advisory         | Existing latches in the design             | 1      |
+-----------+------------------+--------------------------------------------+--------+

2. REPORT DETAILS
-----------------
TIMING-17#1 Critical Warning
Non-clocked sequential cell  
The clock pin datapath_uut/NES_uut/FSM_onehot_state_reg[0]/C is not reached by a timing clock
Related violations: <none>

TIMING-17#2 Critical Warning
Non-clocked sequential cell  
The clock pin datapath_uut/NES_uut/FSM_onehot_state_reg[10]/C is not reached by a timing clock
Related violations: <none>

TIMING-17#3 Critical Warning
Non-clocked sequential cell  
The clock pin datapath_uut/NES_uut/FSM_onehot_state_reg[11]/C is not reached by a timing clock
Related violations: <none>

TIMING-17#4 Critical Warning
Non-clocked sequential cell  
The clock pin datapath_uut/NES_uut/FSM_onehot_state_reg[1]/C is not reached by a timing clock
Related violations: <none>

TIMING-17#5 Critical Warning
Non-clocked sequential cell  
The clock pin datapath_uut/NES_uut/FSM_onehot_state_reg[2]/C is not reached by a timing clock
Related violations: <none>

TIMING-17#6 Critical Warning
Non-clocked sequential cell  
The clock pin datapath_uut/NES_uut/FSM_onehot_state_reg[3]/C is not reached by a timing clock
Related violations: <none>

TIMING-17#7 Critical Warning
Non-clocked sequential cell  
The clock pin datapath_uut/NES_uut/FSM_onehot_state_reg[4]/C is not reached by a timing clock
Related violations: <none>

TIMING-17#8 Critical Warning
Non-clocked sequential cell  
The clock pin datapath_uut/NES_uut/FSM_onehot_state_reg[5]/C is not reached by a timing clock
Related violations: <none>

TIMING-17#9 Critical Warning
Non-clocked sequential cell  
The clock pin datapath_uut/NES_uut/FSM_onehot_state_reg[6]/C is not reached by a timing clock
Related violations: <none>

TIMING-17#10 Critical Warning
Non-clocked sequential cell  
The clock pin datapath_uut/NES_uut/FSM_onehot_state_reg[7]/C is not reached by a timing clock
Related violations: <none>

TIMING-17#11 Critical Warning
Non-clocked sequential cell  
The clock pin datapath_uut/NES_uut/FSM_onehot_state_reg[8]/C is not reached by a timing clock
Related violations: <none>

TIMING-17#12 Critical Warning
Non-clocked sequential cell  
The clock pin datapath_uut/NES_uut/FSM_onehot_state_reg[9]/C is not reached by a timing clock
Related violations: <none>

TIMING-17#13 Critical Warning
Non-clocked sequential cell  
The clock pin datapath_uut/NES_uut/all_values_reg[0]/C is not reached by a timing clock
Related violations: <none>

TIMING-17#14 Critical Warning
Non-clocked sequential cell  
The clock pin datapath_uut/NES_uut/all_values_reg[1]/C is not reached by a timing clock
Related violations: <none>

TIMING-17#15 Critical Warning
Non-clocked sequential cell  
The clock pin datapath_uut/NES_uut/all_values_reg[2]/C is not reached by a timing clock
Related violations: <none>

TIMING-17#16 Critical Warning
Non-clocked sequential cell  
The clock pin datapath_uut/NES_uut/all_values_reg[3]/C is not reached by a timing clock
Related violations: <none>

TIMING-17#17 Critical Warning
Non-clocked sequential cell  
The clock pin datapath_uut/NES_uut/all_values_reg[4]/C is not reached by a timing clock
Related violations: <none>

TIMING-17#18 Critical Warning
Non-clocked sequential cell  
The clock pin datapath_uut/NES_uut/counter_6us/processQ_reg[0]/C is not reached by a timing clock
Related violations: <none>

TIMING-17#19 Critical Warning
Non-clocked sequential cell  
The clock pin datapath_uut/NES_uut/counter_6us/processQ_reg[1]/C is not reached by a timing clock
Related violations: <none>

TIMING-17#20 Critical Warning
Non-clocked sequential cell  
The clock pin datapath_uut/NES_uut/counter_6us/processQ_reg[2]/C is not reached by a timing clock
Related violations: <none>

TIMING-17#21 Critical Warning
Non-clocked sequential cell  
The clock pin datapath_uut/NES_uut/counter_6us/processQ_reg[3]/C is not reached by a timing clock
Related violations: <none>

TIMING-17#22 Critical Warning
Non-clocked sequential cell  
The clock pin datapath_uut/NES_uut/counter_6us/processQ_reg[4]/C is not reached by a timing clock
Related violations: <none>

TIMING-17#23 Critical Warning
Non-clocked sequential cell  
The clock pin datapath_uut/NES_uut/counter_6us/processQ_reg[5]/C is not reached by a timing clock
Related violations: <none>

TIMING-17#24 Critical Warning
Non-clocked sequential cell  
The clock pin datapath_uut/NES_uut/counter_6us/processQ_reg[6]/C is not reached by a timing clock
Related violations: <none>

TIMING-17#25 Critical Warning
Non-clocked sequential cell  
The clock pin datapath_uut/NES_uut/counter_6us/processQ_reg[7]/C is not reached by a timing clock
Related violations: <none>

TIMING-17#26 Critical Warning
Non-clocked sequential cell  
The clock pin datapath_uut/NES_uut/counter_6us/processQ_reg[8]/C is not reached by a timing clock
Related violations: <none>

TIMING-17#27 Critical Warning
Non-clocked sequential cell  
The clock pin datapath_uut/NES_uut/counter_6us/processQ_reg[9]/C is not reached by a timing clock
Related violations: <none>

TIMING-17#28 Critical Warning
Non-clocked sequential cell  
The clock pin datapath_uut/NES_uut/counter_7/processQ_reg[0]/C is not reached by a timing clock
Related violations: <none>

TIMING-17#29 Critical Warning
Non-clocked sequential cell  
The clock pin datapath_uut/NES_uut/counter_7/processQ_reg[1]/C is not reached by a timing clock
Related violations: <none>

TIMING-17#30 Critical Warning
Non-clocked sequential cell  
The clock pin datapath_uut/NES_uut/counter_7/processQ_reg[2]/C is not reached by a timing clock
Related violations: <none>

TIMING-17#31 Critical Warning
Non-clocked sequential cell  
The clock pin datapath_uut/NES_uut/counter_7/processQ_reg[3]/C is not reached by a timing clock
Related violations: <none>

TIMING-17#32 Critical Warning
Non-clocked sequential cell  
The clock pin datapath_uut/NES_uut/data_out_reg[1]/C is not reached by a timing clock
Related violations: <none>

TIMING-17#33 Critical Warning
Non-clocked sequential cell  
The clock pin datapath_uut/NES_uut/data_out_reg[2]/C is not reached by a timing clock
Related violations: <none>

TIMING-17#34 Critical Warning
Non-clocked sequential cell  
The clock pin datapath_uut/NES_uut/data_out_reg[3]/C is not reached by a timing clock
Related violations: <none>

TIMING-17#35 Critical Warning
Non-clocked sequential cell  
The clock pin datapath_uut/NES_uut/data_out_reg[4]/C is not reached by a timing clock
Related violations: <none>

TIMING-27#1 Critical Warning
Invalid primary clock on hierarchical pin  
A primary clock datapath_uut/video_uut/mmcm_adv_inst_display_clocks/inst/clk_in1 is created on an inappropriate internal pin datapath_uut/video_uut/mmcm_adv_inst_display_clocks/inst/clk_in1. It is not recommended to create a primary clock on a hierarchical pin when its driver pin has a fanout connected to multiple clock pins
Related violations: <none>

LUTAR-1#1 Warning
LUT drives async reset alert  
LUT cell datapath_uut/video_uut/Inst_vga/color_mapper_inst/numeric_stepper_col/debouncer_down/cw_reg[1]_i_3__2, with 2 or more inputs, drives asynchronous preset/clear pin(s) datapath_uut/video_uut/Inst_vga/color_mapper_inst/numeric_stepper_col/debouncer_down/cw_reg[0]/PRE
datapath_uut/video_uut/Inst_vga/color_mapper_inst/numeric_stepper_col/debouncer_down/cw_reg[1]/PRE. The LUT may glitch and trigger an unexpected reset, even if it is a properly timed path.
Related violations: <none>

LUTAR-1#2 Warning
LUT drives async reset alert  
LUT cell datapath_uut/video_uut/Inst_vga/color_mapper_inst/numeric_stepper_col/debouncer_up/cw_reg[1]_i_3__1, with 2 or more inputs, drives asynchronous preset/clear pin(s) datapath_uut/video_uut/Inst_vga/color_mapper_inst/numeric_stepper_col/debouncer_up/cw_reg[0]/PRE
datapath_uut/video_uut/Inst_vga/color_mapper_inst/numeric_stepper_col/debouncer_up/cw_reg[1]/PRE. The LUT may glitch and trigger an unexpected reset, even if it is a properly timed path.
Related violations: <none>

LUTAR-1#3 Warning
LUT drives async reset alert  
LUT cell datapath_uut/video_uut/Inst_vga/color_mapper_inst/numeric_stepper_row/debouncer_down/cw_reg[1]_i_3__0, with 2 or more inputs, drives asynchronous preset/clear pin(s) datapath_uut/video_uut/Inst_vga/color_mapper_inst/numeric_stepper_row/debouncer_down/cw_reg[0]/PRE
datapath_uut/video_uut/Inst_vga/color_mapper_inst/numeric_stepper_row/debouncer_down/cw_reg[1]/PRE. The LUT may glitch and trigger an unexpected reset, even if it is a properly timed path.
Related violations: <none>

LUTAR-1#4 Warning
LUT drives async reset alert  
LUT cell datapath_uut/video_uut/Inst_vga/color_mapper_inst/numeric_stepper_row/debouncer_up/cw_reg[1]_i_3, with 2 or more inputs, drives asynchronous preset/clear pin(s) datapath_uut/video_uut/Inst_vga/color_mapper_inst/numeric_stepper_row/debouncer_up/cw_reg[0]/PRE
datapath_uut/video_uut/Inst_vga/color_mapper_inst/numeric_stepper_row/debouncer_up/cw_reg[1]/PRE. The LUT may glitch and trigger an unexpected reset, even if it is a properly timed path.
Related violations: <none>

SYNTH-6#1 Warning
Timing of a RAM block might be sub-optimal  
The timing for the instance datapath_uut/video_uut/Inst_vga/color_mapper_inst/chicken_color/rgb_reg, implemented as a RAM block, might be sub-optimal as no output register was merged into the block.
Related violations: <none>

TIMING-20#1 Warning
Non-clocked latch  
The latch datapath_uut/video_uut/Inst_vga/color_mapper_inst/chicken_index_reg[0] cannot be properly analyzed as its control pin datapath_uut/video_uut/Inst_vga/color_mapper_inst/chicken_index_reg[0]/G is not reached by a timing clock
Related violations: <none>

TIMING-20#2 Warning
Non-clocked latch  
The latch datapath_uut/video_uut/Inst_vga/color_mapper_inst/chicken_index_reg[1] cannot be properly analyzed as its control pin datapath_uut/video_uut/Inst_vga/color_mapper_inst/chicken_index_reg[1]/G is not reached by a timing clock
Related violations: <none>

TIMING-20#3 Warning
Non-clocked latch  
The latch datapath_uut/video_uut/Inst_vga/color_mapper_inst/chicken_index_reg[2] cannot be properly analyzed as its control pin datapath_uut/video_uut/Inst_vga/color_mapper_inst/chicken_index_reg[2]/G is not reached by a timing clock
Related violations: <none>

TIMING-20#4 Warning
Non-clocked latch  
The latch datapath_uut/video_uut/Inst_vga/color_mapper_inst/chicken_index_reg[3] cannot be properly analyzed as its control pin datapath_uut/video_uut/Inst_vga/color_mapper_inst/chicken_index_reg[3]/G is not reached by a timing clock
Related violations: <none>

TIMING-20#5 Warning
Non-clocked latch  
The latch datapath_uut/video_uut/Inst_vga/color_mapper_inst/chicken_index_reg[4] cannot be properly analyzed as its control pin datapath_uut/video_uut/Inst_vga/color_mapper_inst/chicken_index_reg[4]/G is not reached by a timing clock
Related violations: <none>

TIMING-20#6 Warning
Non-clocked latch  
The latch datapath_uut/video_uut/Inst_vga/color_mapper_inst/chicken_index_reg[5] cannot be properly analyzed as its control pin datapath_uut/video_uut/Inst_vga/color_mapper_inst/chicken_index_reg[5]/G is not reached by a timing clock
Related violations: <none>

TIMING-20#7 Warning
Non-clocked latch  
The latch datapath_uut/video_uut/Inst_vga/color_mapper_inst/chicken_index_reg[6] cannot be properly analyzed as its control pin datapath_uut/video_uut/Inst_vga/color_mapper_inst/chicken_index_reg[6]/G is not reached by a timing clock
Related violations: <none>

TIMING-20#8 Warning
Non-clocked latch  
The latch datapath_uut/video_uut/Inst_vga/color_mapper_inst/chicken_index_reg[7] cannot be properly analyzed as its control pin datapath_uut/video_uut/Inst_vga/color_mapper_inst/chicken_index_reg[7]/G is not reached by a timing clock
Related violations: <none>

TIMING-20#9 Warning
Non-clocked latch  
The latch datapath_uut/video_uut/Inst_vga/color_mapper_inst/numeric_stepper_col/debouncer_down/cw_reg[0] cannot be properly analyzed as its control pin datapath_uut/video_uut/Inst_vga/color_mapper_inst/numeric_stepper_col/debouncer_down/cw_reg[0]/G is not reached by a timing clock
Related violations: <none>

TIMING-20#10 Warning
Non-clocked latch  
The latch datapath_uut/video_uut/Inst_vga/color_mapper_inst/numeric_stepper_col/debouncer_down/cw_reg[1] cannot be properly analyzed as its control pin datapath_uut/video_uut/Inst_vga/color_mapper_inst/numeric_stepper_col/debouncer_down/cw_reg[1]/G is not reached by a timing clock
Related violations: <none>

TIMING-20#11 Warning
Non-clocked latch  
The latch datapath_uut/video_uut/Inst_vga/color_mapper_inst/numeric_stepper_col/debouncer_up/cw_reg[0] cannot be properly analyzed as its control pin datapath_uut/video_uut/Inst_vga/color_mapper_inst/numeric_stepper_col/debouncer_up/cw_reg[0]/G is not reached by a timing clock
Related violations: <none>

TIMING-20#12 Warning
Non-clocked latch  
The latch datapath_uut/video_uut/Inst_vga/color_mapper_inst/numeric_stepper_col/debouncer_up/cw_reg[1] cannot be properly analyzed as its control pin datapath_uut/video_uut/Inst_vga/color_mapper_inst/numeric_stepper_col/debouncer_up/cw_reg[1]/G is not reached by a timing clock
Related violations: <none>

TIMING-20#13 Warning
Non-clocked latch  
The latch datapath_uut/video_uut/Inst_vga/color_mapper_inst/numeric_stepper_row/debouncer_down/cw_reg[0] cannot be properly analyzed as its control pin datapath_uut/video_uut/Inst_vga/color_mapper_inst/numeric_stepper_row/debouncer_down/cw_reg[0]/G is not reached by a timing clock
Related violations: <none>

TIMING-20#14 Warning
Non-clocked latch  
The latch datapath_uut/video_uut/Inst_vga/color_mapper_inst/numeric_stepper_row/debouncer_down/cw_reg[1] cannot be properly analyzed as its control pin datapath_uut/video_uut/Inst_vga/color_mapper_inst/numeric_stepper_row/debouncer_down/cw_reg[1]/G is not reached by a timing clock
Related violations: <none>

TIMING-20#15 Warning
Non-clocked latch  
The latch datapath_uut/video_uut/Inst_vga/color_mapper_inst/numeric_stepper_row/debouncer_up/cw_reg[0] cannot be properly analyzed as its control pin datapath_uut/video_uut/Inst_vga/color_mapper_inst/numeric_stepper_row/debouncer_up/cw_reg[0]/G is not reached by a timing clock
Related violations: <none>

TIMING-20#16 Warning
Non-clocked latch  
The latch datapath_uut/video_uut/Inst_vga/color_mapper_inst/numeric_stepper_row/debouncer_up/cw_reg[1] cannot be properly analyzed as its control pin datapath_uut/video_uut/Inst_vga/color_mapper_inst/numeric_stepper_row/debouncer_up/cw_reg[1]/G is not reached by a timing clock
Related violations: <none>

LATCH-1#1 Advisory
Existing latches in the design  
There are 16 latches found in the design. Inferred latches are often the result of HDL coding mistakes, such as incomplete if or case statements.
Related violations: <none>


