2026-03-19T10:58:06.173842400255-10:58:06 **** Build of project lab3v7 ****
000-buildplatform.bat 60658 lab3v7  
000-
000-****** Software Commandline Tool (XSCT) v2024.2.0
000-  **** SW Build 5239620 on Sun Nov 10 09:56:12 MST 2024
000-    ** Copyright 1986-2022 Xilinx, Inc. All Rights Reserved.
000-    ** Copyright 2022-2024 Advanced Micro Devices, Inc. All Rights Reserved.
000-
000-
000/lab3v70-1-1XSCT is deprecated and will be removed in future releases.1-Warning: XSCT is deprecated and will be removed in future releases.
000-We recommend using the new Python command-line tool for project management and debugging:
000-- Run "vitis -i" for interactive mode.
000-- Run "vitis -s <script>" for script mode.
000-XSDB Server Channel: tcfchan#15
000-No Platform exists with name:  lab3v7
000-    invoked from within
000-"::tcf::eval -progress {apply {{msg} {puts $msg}}} {tcf_send_command tcfchan#0 xsdb eval s es {{platform active lab3v7; platform generate }}}"
000-    (procedure "::tcf::send_command" line 4)
000-    invoked from within
000-"tcf send_command $::xsdb::curchan xsdb eval s es [list "platform active $PLATFORM_NAME; platform generate $target"]"
000-    invoked from within
000-"if { $iswindows == 1 } {    
000-
000-    set XSDB_PORT [lindex $argv 0]
000-    set PLATFORM_NAME [lindex $argv 1]
000-    set arglen [llength $argv]
000-    set lastind..."
000-    (file "C:/Xilinx/Vitis/2024.2\scripts\vitis\util\buildplatform.tcl" line 11)
00255-
10:58:10 Build Finished (took 4s.5ms)

