Copyright 1986-2022 Xilinx, Inc. All Rights Reserved. Copyright 2022-2024 Advanced Micro Devices, Inc. All Rights Reserved.
---------------------------------------------------------------------------------------------------------------------------------------------
| Tool Version : Vivado v.2024.2 (win64) Build 5239630 Fri Nov 08 22:35:27 MST 2024
| Date         : Sun May  3 18:01:21 2026
| Host         : C28-2TK4150H12 running 64-bit major release  (build 9200)
| Command      : report_control_sets -verbose -file FinalProject_control_sets_placed.rpt
| Design       : FinalProject
| Device       : xc7a200t
---------------------------------------------------------------------------------------------------------------------------------------------

Control Set Information

Table of Contents
-----------------
1. Summary
2. Histogram
3. Flip-Flop Distribution
4. Detailed Control Set Information

1. Summary
----------

+----------------------------------------------------------+-------+
|                          Status                          | Count |
+----------------------------------------------------------+-------+
| Total control sets                                       |   136 |
|    Minimum number of control sets                        |   136 |
|    Addition due to synthesis replication                 |     0 |
|    Addition due to physical synthesis replication        |     0 |
| Unused register locations in slices containing registers |    94 |
+----------------------------------------------------------+-------+
* Control sets can be merged at opt_design using control_set_merge or merge_equivalent_drivers
** Run report_qor_suggestions for automated merging and remapping suggestions


2. Histogram
------------

+--------------------+-------+
|       Fanout       | Count |
+--------------------+-------+
| Total control sets |   136 |
| >= 0 to < 4        |     4 |
| >= 4 to < 6        |     1 |
| >= 6 to < 8        |     1 |
| >= 8 to < 10       |   114 |
| >= 10 to < 12      |     2 |
| >= 12 to < 14      |     0 |
| >= 14 to < 16      |     0 |
| >= 16              |    14 |
+--------------------+-------+
* Control sets can be remapped at either synth_design or opt_design


3. Flip-Flop Distribution
-------------------------

+--------------+-----------------------+------------------------+-----------------+--------------+
| Clock Enable | Synchronous Set/Reset | Asynchronous Set/Reset | Total Registers | Total Slices |
+--------------+-----------------------+------------------------+-----------------+--------------+
| No           | No                    | No                     |             107 |           38 |
| No           | No                    | Yes                    |               0 |            0 |
| No           | Yes                   | No                     |            1170 |         1011 |
| Yes          | No                    | No                     |               4 |            1 |
| Yes          | No                    | Yes                    |               0 |            0 |
| Yes          | Yes                   | No                     |             145 |           46 |
+--------------+-----------------------+------------------------+-----------------+--------------+


4. Detailed Control Set Information
-----------------------------------

+------------------------------------------------------------------------------------------------------------+------------------------------------------------------------------------------------------------------+----------------------------------------------------------------------------------------------------------+------------------+----------------+--------------+
|                                                Clock Signal                                                |                                             Enable Signal                                            |                                             Set/Reset Signal                                             | Slice Load Count | Bel Load Count | Bels / Slice |
+------------------------------------------------------------------------------------------------------------+------------------------------------------------------------------------------------------------------+----------------------------------------------------------------------------------------------------------+------------------+----------------+--------------+
|  datapath_uut/video_uut/Inst_vga/color_mapper_inst/numeric_stepper_row/debouncer_down/cw_reg[1]_i_2__2_n_0 |                                                                                                      | datapath_uut/video_uut/Inst_vga/color_mapper_inst/numeric_stepper_row/debouncer_down/cw__0               |                1 |              2 |         2.00 |
|  datapath_uut/video_uut/Inst_vga/color_mapper_inst/numeric_stepper_col/debouncer_down/cw_reg[1]_i_2__0_n_0 |                                                                                                      | datapath_uut/video_uut/Inst_vga/color_mapper_inst/numeric_stepper_col/debouncer_down/cw__0               |                1 |              2 |         2.00 |
|  datapath_uut/video_uut/Inst_vga/color_mapper_inst/numeric_stepper_row/debouncer_up/cw_reg[1]_i_2__1_n_0   |                                                                                                      | datapath_uut/video_uut/Inst_vga/color_mapper_inst/numeric_stepper_row/debouncer_up/cw__0                 |                1 |              2 |         2.00 |
|  datapath_uut/video_uut/Inst_vga/color_mapper_inst/numeric_stepper_col/debouncer_up/cw_reg[1]_i_2_n_0      |                                                                                                      | datapath_uut/video_uut/Inst_vga/color_mapper_inst/numeric_stepper_col/debouncer_up/cw__0                 |                1 |              2 |         2.00 |
|  datapath_uut/video_uut/mmcm_adv_inst_display_clocks/inst/clk_out1                                         | datapath_uut/video_uut/Inst_vga/color_mapper_inst/button_pressed[3]_i_1_n_0                          |                                                                                                          |                1 |              4 |         4.00 |
|  datapath_uut/video_uut/mmcm_adv_inst_display_clocks/inst/clk_out2                                         |                                                                                                      | datapath_uut/video_uut/inst_dvid/shift_red[9]_i_1_n_0                                                    |                5 |              6 |         1.20 |
|  datapath_uut/video_uut/Inst_vga/color_mapper_inst/chicken_index_reg[7]_i_2_n_0                            |                                                                                                      |                                                                                                          |                3 |              8 |         2.67 |
|  datapath_uut/video_uut/mmcm_adv_inst_display_clocks/inst/clk_out1                                         |                                                                                                      | datapath_uut/video_uut/Inst_vga/color_mapper_inst/log_17/color_index[7]_i_1_n_0                          |                8 |              8 |         1.00 |
|  datapath_uut/video_uut/mmcm_adv_inst_display_clocks/inst/clk_out1                                         |                                                                                                      | datapath_uut/video_uut/Inst_vga/color_mapper_inst/log_18/color_index[7]_i_1_n_0                          |                7 |              8 |         1.14 |
|  datapath_uut/video_uut/mmcm_adv_inst_display_clocks/inst/clk_out1                                         |                                                                                                      | datapath_uut/video_uut/Inst_vga/color_mapper_inst/log_19/color_index[7]_i_1_n_0                          |                6 |              8 |         1.33 |
|  datapath_uut/video_uut/mmcm_adv_inst_display_clocks/inst/clk_out1                                         |                                                                                                      | datapath_uut/video_uut/Inst_vga/color_mapper_inst/log_12/color_index[7]_i_1_n_0                          |                8 |              8 |         1.00 |
|  datapath_uut/video_uut/mmcm_adv_inst_display_clocks/inst/clk_out1                                         |                                                                                                      | datapath_uut/video_uut/Inst_vga/color_mapper_inst/log_14/color_index[7]_i_1_n_0                          |                8 |              8 |         1.00 |
|  datapath_uut/video_uut/mmcm_adv_inst_display_clocks/inst/clk_out1                                         |                                                                                                      | datapath_uut/video_uut/Inst_vga/color_mapper_inst/log_13/color_index[7]_i_1_n_0                          |                7 |              8 |         1.14 |
|  datapath_uut/video_uut/mmcm_adv_inst_display_clocks/inst/clk_out1                                         |                                                                                                      | datapath_uut/video_uut/Inst_vga/color_mapper_inst/log_0/color_index[7]_i_1_n_0                           |                7 |              8 |         1.14 |
|  datapath_uut/video_uut/mmcm_adv_inst_display_clocks/inst/clk_out1                                         |                                                                                                      | datapath_uut/video_uut/Inst_vga/color_mapper_inst/log_1/color_index[7]_i_1_n_0                           |                8 |              8 |         1.00 |
|  datapath_uut/video_uut/mmcm_adv_inst_display_clocks/inst/clk_out1                                         |                                                                                                      | datapath_uut/video_uut/Inst_vga/color_mapper_inst/log_10/color_index[7]_i_1_n_0                          |                6 |              8 |         1.33 |
|  datapath_uut/video_uut/mmcm_adv_inst_display_clocks/inst/clk_out1                                         |                                                                                                      | datapath_uut/video_uut/Inst_vga/color_mapper_inst/log_11/color_index[7]_i_1_n_0                          |                6 |              8 |         1.33 |
|  datapath_uut/video_uut/mmcm_adv_inst_display_clocks/inst/clk_out1                                         |                                                                                                      | datapath_uut/video_uut/Inst_vga/color_mapper_inst/log_32/color_index[7]_i_1_n_0                          |                6 |              8 |         1.33 |
|  datapath_uut/video_uut/mmcm_adv_inst_display_clocks/inst/clk_out1                                         |                                                                                                      | datapath_uut/video_uut/Inst_vga/color_mapper_inst/log_15/color_index[7]_i_1_n_0                          |                8 |              8 |         1.00 |
|  datapath_uut/video_uut/mmcm_adv_inst_display_clocks/inst/clk_out1                                         |                                                                                                      | datapath_uut/video_uut/Inst_vga/color_mapper_inst/log_16/color_index[7]_i_1_n_0                          |                6 |              8 |         1.33 |
|  datapath_uut/video_uut/mmcm_adv_inst_display_clocks/inst/clk_out1                                         |                                                                                                      | datapath_uut/video_uut/Inst_vga/color_mapper_inst/log_22/color_index[7]_i_1_n_0                          |                6 |              8 |         1.33 |
|  datapath_uut/video_uut/mmcm_adv_inst_display_clocks/inst/clk_out1                                         |                                                                                                      | datapath_uut/video_uut/Inst_vga/color_mapper_inst/log_2/color_index[7]_i_1_n_0                           |                7 |              8 |         1.14 |
|  datapath_uut/video_uut/mmcm_adv_inst_display_clocks/inst/clk_out1                                         |                                                                                                      | datapath_uut/video_uut/Inst_vga/color_mapper_inst/log_20/color_index[7]_i_1_n_0                          |                7 |              8 |         1.14 |
|  datapath_uut/video_uut/mmcm_adv_inst_display_clocks/inst/clk_out1                                         |                                                                                                      | datapath_uut/video_uut/Inst_vga/color_mapper_inst/log_21/color_index[7]_i_1_n_0                          |                8 |              8 |         1.00 |
|  datapath_uut/video_uut/mmcm_adv_inst_display_clocks/inst/clk_out1                                         |                                                                                                      | datapath_uut/video_uut/Inst_vga/color_mapper_inst/log_23/color_index[7]_i_1_n_0                          |                6 |              8 |         1.33 |
|  datapath_uut/video_uut/mmcm_adv_inst_display_clocks/inst/clk_out1                                         |                                                                                                      | datapath_uut/video_uut/Inst_vga/color_mapper_inst/log_24/color_index[7]_i_1_n_0                          |                6 |              8 |         1.33 |
|  datapath_uut/video_uut/mmcm_adv_inst_display_clocks/inst/clk_out1                                         |                                                                                                      | datapath_uut/video_uut/Inst_vga/color_mapper_inst/log_25/color_index[7]_i_1_n_0                          |                8 |              8 |         1.00 |
|  datapath_uut/video_uut/mmcm_adv_inst_display_clocks/inst/clk_out1                                         |                                                                                                      | datapath_uut/video_uut/Inst_vga/color_mapper_inst/log_26/color_index[7]_i_1_n_0                          |                7 |              8 |         1.14 |
|  datapath_uut/video_uut/mmcm_adv_inst_display_clocks/inst/clk_out1                                         |                                                                                                      | datapath_uut/video_uut/Inst_vga/color_mapper_inst/log_27/color_index[7]_i_1_n_0                          |                6 |              8 |         1.33 |
|  datapath_uut/video_uut/mmcm_adv_inst_display_clocks/inst/clk_out1                                         |                                                                                                      | datapath_uut/video_uut/Inst_vga/color_mapper_inst/log_28/color_index[7]_i_1_n_0                          |                7 |              8 |         1.14 |
|  datapath_uut/video_uut/mmcm_adv_inst_display_clocks/inst/clk_out1                                         |                                                                                                      | datapath_uut/video_uut/Inst_vga/color_mapper_inst/log_29/color_index[7]_i_1_n_0                          |                8 |              8 |         1.00 |
|  datapath_uut/video_uut/mmcm_adv_inst_display_clocks/inst/clk_out1                                         |                                                                                                      | datapath_uut/video_uut/Inst_vga/color_mapper_inst/log_3/color_index[7]_i_1_n_0                           |                8 |              8 |         1.00 |
|  datapath_uut/video_uut/mmcm_adv_inst_display_clocks/inst/clk_out1                                         |                                                                                                      | datapath_uut/video_uut/Inst_vga/color_mapper_inst/log_30/color_index[7]_i_1_n_0                          |                6 |              8 |         1.33 |
|  datapath_uut/video_uut/mmcm_adv_inst_display_clocks/inst/clk_out1                                         |                                                                                                      | datapath_uut/video_uut/Inst_vga/color_mapper_inst/log_31/color_index[7]_i_1_n_0                          |                8 |              8 |         1.00 |
|  datapath_uut/video_uut/mmcm_adv_inst_display_clocks/inst/clk_out1                                         |                                                                                                      | datapath_uut/video_uut/Inst_vga/color_mapper_inst/log_33/color_index[7]_i_1_n_0                          |                7 |              8 |         1.14 |
|  datapath_uut/video_uut/mmcm_adv_inst_display_clocks/inst/clk_out1                                         |                                                                                                      | datapath_uut/video_uut/Inst_vga/color_mapper_inst/log_34/color_index[7]_i_1_n_0                          |                6 |              8 |         1.33 |
|  datapath_uut/video_uut/mmcm_adv_inst_display_clocks/inst/clk_out1                                         |                                                                                                      | datapath_uut/video_uut/Inst_vga/color_mapper_inst/log_35/color_index[7]_i_1_n_0                          |                8 |              8 |         1.00 |
|  datapath_uut/video_uut/mmcm_adv_inst_display_clocks/inst/clk_out1                                         |                                                                                                      | datapath_uut/video_uut/Inst_vga/color_mapper_inst/log_36/color_index[7]_i_1_n_0                          |                8 |              8 |         1.00 |
|  datapath_uut/video_uut/mmcm_adv_inst_display_clocks/inst/clk_out1                                         |                                                                                                      | datapath_uut/video_uut/Inst_vga/color_mapper_inst/log_37/color_index[7]_i_1_n_0                          |                7 |              8 |         1.14 |
|  datapath_uut/video_uut/mmcm_adv_inst_display_clocks/inst/clk_out1                                         |                                                                                                      | datapath_uut/video_uut/Inst_vga/color_mapper_inst/log_38/color_index[7]_i_1_n_0                          |                7 |              8 |         1.14 |
|  datapath_uut/video_uut/mmcm_adv_inst_display_clocks/inst/clk_out1                                         |                                                                                                      | datapath_uut/video_uut/Inst_vga/color_mapper_inst/log_39/color_index[7]_i_1_n_0                          |                5 |              8 |         1.60 |
|  datapath_uut/video_uut/mmcm_adv_inst_display_clocks/inst/clk_out1                                         |                                                                                                      | datapath_uut/video_uut/Inst_vga/color_mapper_inst/log_4/color_index[7]_i_1_n_0                           |                7 |              8 |         1.14 |
|  datapath_uut/video_uut/mmcm_adv_inst_display_clocks/inst/clk_out1                                         |                                                                                                      | datapath_uut/video_uut/Inst_vga/color_mapper_inst/log_40/color_index[7]_i_1_n_0                          |                6 |              8 |         1.33 |
|  datapath_uut/video_uut/mmcm_adv_inst_display_clocks/inst/clk_out1                                         |                                                                                                      | datapath_uut/video_uut/Inst_vga/color_mapper_inst/log_41/color_index[7]_i_1_n_0                          |                6 |              8 |         1.33 |
|  datapath_uut/video_uut/mmcm_adv_inst_display_clocks/inst/clk_out1                                         |                                                                                                      | datapath_uut/video_uut/Inst_vga/color_mapper_inst/log_42/color_index[7]_i_1_n_0                          |                8 |              8 |         1.00 |
|  datapath_uut/video_uut/mmcm_adv_inst_display_clocks/inst/clk_out1                                         |                                                                                                      | datapath_uut/video_uut/Inst_vga/color_mapper_inst/log_43/color_index[7]_i_1_n_0                          |                6 |              8 |         1.33 |
|  datapath_uut/video_uut/mmcm_adv_inst_display_clocks/inst/clk_out1                                         |                                                                                                      | datapath_uut/video_uut/Inst_vga/color_mapper_inst/log_44/color_index[7]_i_1_n_0                          |                6 |              8 |         1.33 |
|  datapath_uut/video_uut/mmcm_adv_inst_display_clocks/inst/clk_out1                                         |                                                                                                      | datapath_uut/video_uut/Inst_vga/color_mapper_inst/log_45/color_index[7]_i_1_n_0                          |                6 |              8 |         1.33 |
|  datapath_uut/video_uut/mmcm_adv_inst_display_clocks/inst/clk_out1                                         |                                                                                                      | datapath_uut/video_uut/Inst_vga/color_mapper_inst/log_46/color_index[7]_i_1_n_0                          |                7 |              8 |         1.14 |
|  datapath_uut/video_uut/mmcm_adv_inst_display_clocks/inst/clk_out1                                         |                                                                                                      | datapath_uut/video_uut/Inst_vga/color_mapper_inst/log_47/color_index[7]_i_1_n_0                          |                6 |              8 |         1.33 |
|  datapath_uut/video_uut/mmcm_adv_inst_display_clocks/inst/clk_out1                                         |                                                                                                      | datapath_uut/video_uut/Inst_vga/color_mapper_inst/log_48/color_index[7]_i_1_n_0                          |                6 |              8 |         1.33 |
|  datapath_uut/video_uut/mmcm_adv_inst_display_clocks/inst/clk_out1                                         |                                                                                                      | datapath_uut/video_uut/Inst_vga/color_mapper_inst/log_49/color_index[7]_i_1_n_0                          |                7 |              8 |         1.14 |
|  datapath_uut/video_uut/mmcm_adv_inst_display_clocks/inst/clk_out1                                         |                                                                                                      | datapath_uut/video_uut/Inst_vga/color_mapper_inst/log_5/color_index[7]_i_1_n_0                           |                7 |              8 |         1.14 |
|  datapath_uut/video_uut/mmcm_adv_inst_display_clocks/inst/clk_out1                                         |                                                                                                      | datapath_uut/video_uut/Inst_vga/color_mapper_inst/log_50/color_index[7]_i_1_n_0                          |                8 |              8 |         1.00 |
|  datapath_uut/video_uut/mmcm_adv_inst_display_clocks/inst/clk_out1                                         |                                                                                                      | datapath_uut/video_uut/Inst_vga/color_mapper_inst/log_51/color_index[7]_i_1_n_0                          |                7 |              8 |         1.14 |
|  datapath_uut/video_uut/mmcm_adv_inst_display_clocks/inst/clk_out1                                         |                                                                                                      | datapath_uut/video_uut/Inst_vga/color_mapper_inst/log_52/color_index[7]_i_1_n_0                          |                7 |              8 |         1.14 |
|  datapath_uut/video_uut/mmcm_adv_inst_display_clocks/inst/clk_out1                                         |                                                                                                      | datapath_uut/video_uut/Inst_vga/color_mapper_inst/log_53/color_index[7]_i_1_n_0                          |                7 |              8 |         1.14 |
|  datapath_uut/video_uut/mmcm_adv_inst_display_clocks/inst/clk_out1                                         |                                                                                                      | datapath_uut/video_uut/Inst_vga/color_mapper_inst/log_54/color_index[7]_i_1_n_0                          |                7 |              8 |         1.14 |
|  datapath_uut/video_uut/mmcm_adv_inst_display_clocks/inst/clk_out1                                         |                                                                                                      | datapath_uut/video_uut/Inst_vga/color_mapper_inst/log_56/color_index[7]_i_1_n_0                          |                6 |              8 |         1.33 |
|  datapath_uut/video_uut/mmcm_adv_inst_display_clocks/inst/clk_out1                                         |                                                                                                      | datapath_uut/video_uut/Inst_vga/color_mapper_inst/log_55/color_index[7]_i_1_n_0                          |                7 |              8 |         1.14 |
|  datapath_uut/video_uut/mmcm_adv_inst_display_clocks/inst/clk_out1                                         |                                                                                                      | datapath_uut/video_uut/Inst_vga/color_mapper_inst/log_57/color_index[7]_i_1_n_0                          |                7 |              8 |         1.14 |
|  datapath_uut/video_uut/mmcm_adv_inst_display_clocks/inst/clk_out1                                         |                                                                                                      | datapath_uut/video_uut/Inst_vga/color_mapper_inst/log_58/color_index[7]_i_1_n_0                          |                8 |              8 |         1.00 |
|  datapath_uut/video_uut/mmcm_adv_inst_display_clocks/inst/clk_out1                                         |                                                                                                      | datapath_uut/video_uut/Inst_vga/color_mapper_inst/log_59/color_index[7]_i_1_n_0                          |                6 |              8 |         1.33 |
|  datapath_uut/video_uut/mmcm_adv_inst_display_clocks/inst/clk_out1                                         |                                                                                                      | datapath_uut/video_uut/Inst_vga/color_mapper_inst/log_6/color_index[7]_i_1_n_0                           |                7 |              8 |         1.14 |
|  datapath_uut/video_uut/mmcm_adv_inst_display_clocks/inst/clk_out1                                         |                                                                                                      | datapath_uut/video_uut/Inst_vga/color_mapper_inst/log_7/color_index[7]_i_1_n_0                           |                6 |              8 |         1.33 |
|  datapath_uut/video_uut/mmcm_adv_inst_display_clocks/inst/clk_out1                                         |                                                                                                      | datapath_uut/video_uut/Inst_vga/color_mapper_inst/log_8/color_index[7]_i_1_n_0                           |                8 |              8 |         1.00 |
|  datapath_uut/video_uut/mmcm_adv_inst_display_clocks/inst/clk_out1                                         |                                                                                                      | datapath_uut/video_uut/Inst_vga/color_mapper_inst/log_9/color_index[7]_i_1_n_0                           |                6 |              8 |         1.33 |
|  datapath_uut/video_uut/mmcm_adv_inst_display_clocks/inst/clk_out1                                         |                                                                                                      | datapath_uut/video_uut/Inst_vga/vga_signal_generator_inst/horizontal_counter/SR[0]                       |                8 |              8 |         1.00 |
|  datapath_uut/video_uut/mmcm_adv_inst_display_clocks/inst/clk_out1                                         |                                                                                                      | datapath_uut/video_uut/Inst_vga/vga_signal_generator_inst/horizontal_counter/processQ_reg[3]_33[0]       |                7 |              8 |         1.14 |
|  datapath_uut/video_uut/mmcm_adv_inst_display_clocks/inst/clk_out1                                         |                                                                                                      | datapath_uut/video_uut/Inst_vga/vga_signal_generator_inst/horizontal_counter/processQ_reg[1]_rep__4_2[0] |                8 |              8 |         1.00 |
|  datapath_uut/video_uut/mmcm_adv_inst_display_clocks/inst/clk_out1                                         |                                                                                                      | datapath_uut/video_uut/Inst_vga/vga_signal_generator_inst/horizontal_counter/processQ_reg[1]_rep__3_2[0] |                8 |              8 |         1.00 |
|  datapath_uut/video_uut/mmcm_adv_inst_display_clocks/inst/clk_out1                                         |                                                                                                      | datapath_uut/video_uut/Inst_vga/vga_signal_generator_inst/horizontal_counter/processQ_reg[3]_42[0]       |                8 |              8 |         1.00 |
|  datapath_uut/video_uut/mmcm_adv_inst_display_clocks/inst/clk_out1                                         |                                                                                                      | datapath_uut/video_uut/Inst_vga/vga_signal_generator_inst/horizontal_counter/processQ_reg[3]_14[0]       |                7 |              8 |         1.14 |
|  datapath_uut/video_uut/mmcm_adv_inst_display_clocks/inst/clk_out1                                         |                                                                                                      | datapath_uut/video_uut/Inst_vga/vga_signal_generator_inst/horizontal_counter/processQ_reg[3]_26[0]       |                7 |              8 |         1.14 |
|  datapath_uut/video_uut/mmcm_adv_inst_display_clocks/inst/clk_out1                                         |                                                                                                      | datapath_uut/video_uut/Inst_vga/vga_signal_generator_inst/horizontal_counter/processQ_reg[3]_34[0]       |                8 |              8 |         1.00 |
|  datapath_uut/video_uut/mmcm_adv_inst_display_clocks/inst/clk_out1                                         |                                                                                                      | datapath_uut/video_uut/Inst_vga/vga_signal_generator_inst/horizontal_counter/processQ_reg[3]_21[0]       |                8 |              8 |         1.00 |
|  datapath_uut/video_uut/mmcm_adv_inst_display_clocks/inst/clk_out1                                         |                                                                                                      | datapath_uut/video_uut/Inst_vga/vga_signal_generator_inst/horizontal_counter/processQ_reg[3]_4[0]        |                8 |              8 |         1.00 |
|  datapath_uut/video_uut/mmcm_adv_inst_display_clocks/inst/clk_out1                                         |                                                                                                      | datapath_uut/video_uut/Inst_vga/vga_signal_generator_inst/horizontal_counter/processQ_reg[3]_29[0]       |                8 |              8 |         1.00 |
|  datapath_uut/video_uut/mmcm_adv_inst_display_clocks/inst/clk_out1                                         |                                                                                                      | datapath_uut/video_uut/Inst_vga/vga_signal_generator_inst/horizontal_counter/processQ_reg[3]_12[0]       |                8 |              8 |         1.00 |
|  datapath_uut/video_uut/mmcm_adv_inst_display_clocks/inst/clk_out1                                         |                                                                                                      | datapath_uut/video_uut/Inst_vga/vga_signal_generator_inst/horizontal_counter/processQ_reg[3]_15[0]       |                7 |              8 |         1.14 |
|  datapath_uut/video_uut/mmcm_adv_inst_display_clocks/inst/clk_out1                                         |                                                                                                      | datapath_uut/video_uut/Inst_vga/vga_signal_generator_inst/horizontal_counter/processQ_reg[3]_27[0]       |                7 |              8 |         1.14 |
|  datapath_uut/video_uut/mmcm_adv_inst_display_clocks/inst/clk_out1                                         |                                                                                                      | datapath_uut/video_uut/Inst_vga/vga_signal_generator_inst/horizontal_counter/processQ_reg[3]_25[0]       |                8 |              8 |         1.00 |
|  datapath_uut/video_uut/mmcm_adv_inst_display_clocks/inst/clk_out1                                         |                                                                                                      | datapath_uut/video_uut/Inst_vga/vga_signal_generator_inst/horizontal_counter/processQ_reg[3]_10[0]       |                7 |              8 |         1.14 |
|  datapath_uut/video_uut/mmcm_adv_inst_display_clocks/inst/clk_out1                                         |                                                                                                      | datapath_uut/video_uut/Inst_vga/vga_signal_generator_inst/horizontal_counter/processQ_reg[3]_31[0]       |                6 |              8 |         1.33 |
|  datapath_uut/video_uut/mmcm_adv_inst_display_clocks/inst/clk_out1                                         |                                                                                                      | datapath_uut/video_uut/Inst_vga/vga_signal_generator_inst/horizontal_counter/processQ_reg[3]_35[0]       |                7 |              8 |         1.14 |
|  datapath_uut/video_uut/mmcm_adv_inst_display_clocks/inst/clk_out1                                         |                                                                                                      | datapath_uut/video_uut/Inst_vga/vga_signal_generator_inst/horizontal_counter/processQ_reg[3]_11[0]       |                6 |              8 |         1.33 |
|  datapath_uut/video_uut/mmcm_adv_inst_display_clocks/inst/clk_out1                                         |                                                                                                      | datapath_uut/video_uut/Inst_vga/vga_signal_generator_inst/horizontal_counter/processQ_reg[3]_17[0]       |                7 |              8 |         1.14 |
|  datapath_uut/video_uut/mmcm_adv_inst_display_clocks/inst/clk_out1                                         |                                                                                                      | datapath_uut/video_uut/Inst_vga/vga_signal_generator_inst/horizontal_counter/processQ_reg[3]_40[0]       |                7 |              8 |         1.14 |
|  datapath_uut/video_uut/mmcm_adv_inst_display_clocks/inst/clk_out1                                         |                                                                                                      | datapath_uut/video_uut/Inst_vga/vga_signal_generator_inst/horizontal_counter/processQ_reg[3]_38[0]       |                8 |              8 |         1.00 |
|  datapath_uut/video_uut/mmcm_adv_inst_display_clocks/inst/clk_out1                                         |                                                                                                      | datapath_uut/video_uut/Inst_vga/vga_signal_generator_inst/horizontal_counter/processQ_reg[3]_23[0]       |                8 |              8 |         1.00 |
|  datapath_uut/video_uut/mmcm_adv_inst_display_clocks/inst/clk_out1                                         |                                                                                                      | datapath_uut/video_uut/Inst_vga/vga_signal_generator_inst/horizontal_counter/processQ_reg[3]_13[0]       |                8 |              8 |         1.00 |
|  datapath_uut/video_uut/mmcm_adv_inst_display_clocks/inst/clk_out1                                         |                                                                                                      | datapath_uut/video_uut/Inst_vga/vga_signal_generator_inst/horizontal_counter/processQ_reg[3]_32[0]       |                7 |              8 |         1.14 |
|  datapath_uut/video_uut/mmcm_adv_inst_display_clocks/inst/clk_out1                                         |                                                                                                      | datapath_uut/video_uut/Inst_vga/vga_signal_generator_inst/horizontal_counter/processQ_reg[3]_19[0]       |                6 |              8 |         1.33 |
|  datapath_uut/video_uut/mmcm_adv_inst_display_clocks/inst/clk_out1                                         |                                                                                                      | datapath_uut/video_uut/Inst_vga/vga_signal_generator_inst/horizontal_counter/processQ_reg[3]_36[0]       |                8 |              8 |         1.00 |
|  datapath_uut/video_uut/mmcm_adv_inst_display_clocks/inst/clk_out1                                         |                                                                                                      | datapath_uut/video_uut/Inst_vga/vga_signal_generator_inst/horizontal_counter/processQ_reg[3]_rep_6[0]    |                7 |              8 |         1.14 |
|  datapath_uut/video_uut/mmcm_adv_inst_display_clocks/inst/clk_out1                                         |                                                                                                      | datapath_uut/video_uut/Inst_vga/vga_signal_generator_inst/horizontal_counter/processQ_reg[3]_48[0]       |                8 |              8 |         1.00 |
|  datapath_uut/video_uut/mmcm_adv_inst_display_clocks/inst/clk_out1                                         |                                                                                                      | datapath_uut/video_uut/Inst_vga/vga_signal_generator_inst/horizontal_counter/processQ_reg[3]_6[0]        |                8 |              8 |         1.00 |
|  datapath_uut/video_uut/mmcm_adv_inst_display_clocks/inst/clk_out1                                         |                                                                                                      | datapath_uut/video_uut/Inst_vga/vga_signal_generator_inst/horizontal_counter/processQ_reg[3]_rep_8[0]    |                8 |              8 |         1.00 |
|  datapath_uut/video_uut/mmcm_adv_inst_display_clocks/inst/clk_out1                                         |                                                                                                      | datapath_uut/video_uut/Inst_vga/vga_signal_generator_inst/horizontal_counter/processQ_reg[3]_rep_1[0]    |                8 |              8 |         1.00 |
|  datapath_uut/video_uut/mmcm_adv_inst_display_clocks/inst/clk_out1                                         |                                                                                                      | datapath_uut/video_uut/Inst_vga/vga_signal_generator_inst/horizontal_counter/processQ_reg[3]_rep_7[0]    |                7 |              8 |         1.14 |
|  datapath_uut/video_uut/mmcm_adv_inst_display_clocks/inst/clk_out1                                         |                                                                                                      | datapath_uut/video_uut/Inst_vga/vga_signal_generator_inst/horizontal_counter/processQ_reg[3]_rep__1_1[0] |                8 |              8 |         1.00 |
|  datapath_uut/video_uut/mmcm_adv_inst_display_clocks/inst/clk_out1                                         |                                                                                                      | datapath_uut/video_uut/Inst_vga/vga_signal_generator_inst/horizontal_counter/processQ_reg[3]_rep_11[0]   |                8 |              8 |         1.00 |
|  datapath_uut/video_uut/mmcm_adv_inst_display_clocks/inst/clk_out1                                         |                                                                                                      | datapath_uut/video_uut/Inst_vga/vga_signal_generator_inst/horizontal_counter/processQ_reg[3]_rep_13[0]   |                8 |              8 |         1.00 |
|  datapath_uut/video_uut/mmcm_adv_inst_display_clocks/inst/clk_out1                                         |                                                                                                      | datapath_uut/video_uut/Inst_vga/vga_signal_generator_inst/horizontal_counter/processQ_reg[3]_rep_3[0]    |                7 |              8 |         1.14 |
|  datapath_uut/video_uut/mmcm_adv_inst_display_clocks/inst/clk_out1                                         |                                                                                                      | datapath_uut/video_uut/Inst_vga/vga_signal_generator_inst/horizontal_counter/processQ_reg[3]_rep_4[0]    |                7 |              8 |         1.14 |
|  datapath_uut/video_uut/mmcm_adv_inst_display_clocks/inst/clk_out1                                         |                                                                                                      | datapath_uut/video_uut/Inst_vga/vga_signal_generator_inst/horizontal_counter/processQ_reg[3]_rep_9[0]    |                7 |              8 |         1.14 |
|  datapath_uut/video_uut/mmcm_adv_inst_display_clocks/inst/clk_out1                                         |                                                                                                      | datapath_uut/video_uut/Inst_vga/vga_signal_generator_inst/horizontal_counter/processQ_reg[3]_rep_14[0]   |                8 |              8 |         1.00 |
|  datapath_uut/video_uut/mmcm_adv_inst_display_clocks/inst/clk_out1                                         |                                                                                                      | datapath_uut/video_uut/Inst_vga/vga_signal_generator_inst/horizontal_counter/processQ_reg[3]_rep_5[0]    |                8 |              8 |         1.00 |
|  datapath_uut/video_uut/mmcm_adv_inst_display_clocks/inst/clk_out1                                         |                                                                                                      | datapath_uut/video_uut/Inst_vga/vga_signal_generator_inst/horizontal_counter/processQ_reg[3]_rep_15[0]   |                8 |              8 |         1.00 |
|  datapath_uut/video_uut/mmcm_adv_inst_display_clocks/inst/clk_out1                                         |                                                                                                      | datapath_uut/video_uut/Inst_vga/vga_signal_generator_inst/horizontal_counter/processQ_reg[3]_44[0]       |                8 |              8 |         1.00 |
|  datapath_uut/video_uut/mmcm_adv_inst_display_clocks/inst/clk_out1                                         |                                                                                                      | datapath_uut/video_uut/Inst_vga/vga_signal_generator_inst/horizontal_counter/processQ_reg[3]_8[0]        |                6 |              8 |         1.33 |
|  datapath_uut/video_uut/mmcm_adv_inst_display_clocks/inst/clk_out1                                         |                                                                                                      | datapath_uut/video_uut/Inst_vga/vga_signal_generator_inst/horizontal_counter/processQ_reg[3]_rep_10[0]   |                8 |              8 |         1.00 |
|  datapath_uut/video_uut/mmcm_adv_inst_display_clocks/inst/clk_out1                                         |                                                                                                      | datapath_uut/video_uut/Inst_vga/vga_signal_generator_inst/horizontal_counter/processQ_reg[3]_46[0]       |                8 |              8 |         1.00 |
|  datapath_uut/video_uut/mmcm_adv_inst_display_clocks/inst/clk_out1                                         |                                                                                                      | datapath_uut/video_uut/Inst_vga/vga_signal_generator_inst/horizontal_counter/processQ_reg[3]_rep__0_0[0] |                7 |              8 |         1.14 |
|  datapath_uut/video_uut/mmcm_adv_inst_display_clocks/inst/clk_out1                                         |                                                                                                      | datapath_uut/video_uut/Inst_vga/vga_signal_generator_inst/horizontal_counter/processQ_reg[3]_rep__3_1[0] |                7 |              8 |         1.14 |
|  datapath_uut/video_uut/mmcm_adv_inst_display_clocks/inst/clk_out1                                         |                                                                                                      | datapath_uut/video_uut/Inst_vga/vga_signal_generator_inst/horizontal_counter/processQ_reg[3]_rep_2[0]    |                6 |              8 |         1.33 |
|  datapath_uut/video_uut/mmcm_adv_inst_display_clocks/inst/clk_out1                                         |                                                                                                      | datapath_uut/video_uut/Inst_vga/vga_signal_generator_inst/horizontal_counter/processQ_reg[3]_rep_16[0]   |                7 |              8 |         1.14 |
|  datapath_uut/video_uut/mmcm_adv_inst_display_clocks/inst/clk_out1                                         |                                                                                                      | datapath_uut/video_uut/Inst_vga/vga_signal_generator_inst/horizontal_counter/processQ_reg[3]_9[0]        |                8 |              8 |         1.00 |
|  datapath_uut/video_uut/mmcm_adv_inst_display_clocks/inst/clk_out1                                         |                                                                                                      | datapath_uut/video_uut/Inst_vga/vga_signal_generator_inst/horizontal_counter/processQ_reg[3]_rep_12[0]   |                7 |              8 |         1.14 |
|  datapath_uut/video_uut/mmcm_adv_inst_display_clocks/inst/clk_out1                                         |                                                                                                      | datapath_uut/video_uut/Inst_vga/vga_signal_generator_inst/horizontal_counter/processQ_reg[3]_rep__1_0[0] |                8 |              8 |         1.00 |
|  datapath_uut/video_uut/mmcm_adv_inst_display_clocks/inst/clk_out1                                         | datapath_uut/video_uut/Inst_vga/color_mapper_inst/numeric_stepper_row/debouncer_down/prev_down_reg_0 | datapath_uut/video_uut/Inst_vga/color_mapper_inst/numeric_stepper_row/debouncer_down/prev_down_reg       |                3 |             10 |         3.33 |
|  datapath_uut/video_uut/mmcm_adv_inst_display_clocks/inst/clk_out1                                         | datapath_uut/video_uut/Inst_vga/color_mapper_inst/numeric_stepper_col/debouncer_down/prev_down_reg_0 | datapath_uut/video_uut/Inst_vga/color_mapper_inst/numeric_stepper_col/debouncer_down/prev_down_reg       |                5 |             11 |         2.20 |
|  datapath_uut/video_uut/mmcm_adv_inst_display_clocks/inst/clk_out1                                         |                                                                                                      | datapath_uut/video_uut/Inst_vga/vga_signal_generator_inst/horizontal_counter/processQ_reg[1]_rep__4_0[0] |               14 |             16 |         1.14 |
|  datapath_uut/video_uut/mmcm_adv_inst_display_clocks/inst/clk_out1                                         |                                                                                                      | datapath_uut/video_uut/Inst_vga/vga_signal_generator_inst/horizontal_counter/process_q_reg[3]_4[0]       |               15 |             16 |         1.07 |
|  datapath_uut/video_uut/mmcm_adv_inst_display_clocks/inst/clk_out1                                         |                                                                                                      | datapath_uut/video_uut/Inst_vga/vga_signal_generator_inst/horizontal_counter/process_q_reg[0][0]         |               13 |             16 |         1.23 |
|  datapath_uut/video_uut/mmcm_adv_inst_display_clocks/inst/clk_out1                                         | datapath_uut/video_uut/Inst_vga/vga_signal_generator_inst/horizontal_counter/roll                    | datapath_uut/video_uut/Inst_vga/vga_signal_generator_inst/processQ[9]_i_1_n_0                            |               10 |             24 |         2.40 |
|  datapath_uut/video_uut/mmcm_adv_inst_display_clocks/inst/clk_out1                                         | datapath_uut/video_uut/Inst_vga/color_mapper_inst/numeric_stepper_row/debouncer_down/cw[0]           | datapath_uut/video_uut/Inst_vga/color_mapper_inst/numeric_stepper_row/debouncer_down/cw[1]               |                7 |             25 |         3.57 |
|  datapath_uut/video_uut/mmcm_adv_inst_display_clocks/inst/clk_out1                                         | datapath_uut/video_uut/Inst_vga/color_mapper_inst/numeric_stepper_col/debouncer_down/cw[0]           | datapath_uut/video_uut/Inst_vga/color_mapper_inst/numeric_stepper_col/debouncer_down/cw[1]               |                7 |             25 |         3.57 |
|  datapath_uut/video_uut/mmcm_adv_inst_display_clocks/inst/clk_out1                                         | datapath_uut/video_uut/Inst_vga/color_mapper_inst/numeric_stepper_row/debouncer_up/cw[0]             | datapath_uut/video_uut/Inst_vga/color_mapper_inst/numeric_stepper_row/debouncer_up/cw[1]                 |                7 |             25 |         3.57 |
|  datapath_uut/video_uut/mmcm_adv_inst_display_clocks/inst/clk_out1                                         | datapath_uut/video_uut/Inst_vga/color_mapper_inst/numeric_stepper_col/debouncer_up/cw[0]             | datapath_uut/video_uut/Inst_vga/color_mapper_inst/numeric_stepper_col/debouncer_up/cw[1]                 |                7 |             25 |         3.57 |
|  datapath_uut/video_uut/mmcm_adv_inst_display_clocks/inst/clk_out1                                         |                                                                                                      | datapath_uut/video_uut/Inst_vga/vga_signal_generator_inst/vga_reg[blank]_0                               |               17 |             27 |         1.59 |
|  datapath_uut/video_uut/mmcm_adv_inst_display_clocks/inst/clk_out2                                         |                                                                                                      |                                                                                                          |                5 |             34 |         6.80 |
|  datapath_uut/video_uut/mmcm_adv_inst_display_clocks/inst/clk_out1                                         |                                                                                                      | datapath_uut/video_uut/Inst_vga/vga_signal_generator_inst/horizontal_counter/processQ_reg[1]_rep__3_0[0] |               42 |             48 |         1.14 |
|  datapath_uut/video_uut/mmcm_adv_inst_display_clocks/inst/clk_out1                                         |                                                                                                      | datapath_uut/video_uut/Inst_vga/vga_signal_generator_inst/processQ[9]_i_1_n_0                            |               32 |             57 |         1.78 |
|  datapath_uut/video_uut/mmcm_adv_inst_display_clocks/inst/clk_out1                                         |                                                                                                      |                                                                                                          |               30 |             65 |         2.17 |
|  datapath_uut/video_uut/mmcm_adv_inst_display_clocks/inst/clk_out1                                         |                                                                                                      | datapath_uut/video_uut/Inst_vga/vga_signal_generator_inst/horizontal_counter/processQ_reg[1]_rep__5_0[0] |               62 |             72 |         1.16 |
+------------------------------------------------------------------------------------------------------------+------------------------------------------------------------------------------------------------------+----------------------------------------------------------------------------------------------------------+------------------+----------------+--------------+


