
*** Running vivado
    with args -log FinalProject.vdi -applog -m64 -product Vivado -messageDb vivado.pb -mode batch -source FinalProject.tcl -notrace



****** Vivado v2024.2 (64-bit)
  **** SW Build 5239630 on Fri Nov 08 22:35:27 MST 2024
  **** IP Build 5239520 on Sun Nov 10 16:12:51 MST 2024
  **** SharedData Build 5239561 on Fri Nov 08 14:39:27 MST 2024
  **** Start of session at: Tue May  5 10:28:54 2026
    ** Copyright 1986-2022 Xilinx, Inc. All Rights Reserved.
    ** Copyright 2022-2024 Advanced Micro Devices, Inc. All Rights Reserved.

source FinalProject.tcl -notrace
INFO: [IP_Flow 19-234] Refreshing IP repositories
INFO: [IP_Flow 19-1700] Loaded user IP repository 'c:/Users/C28Asher.Speicher/Documents/ece383_code/ip_repo/Final_Project_IP_200_slave_registers_1_0'.
WARNING: [IP_Flow 19-2207] Repository 'c:/Users/C28Asher.Speicher/Documents/ece383_code/ip_repo/Final_Project_IP_200_slave_registers_1_0' already exists; ignoring attempt to add it again.
INFO: [IP_Flow 19-1700] Loaded user IP repository 'c:/Users/C28Asher.Speicher/Documents/ece383_code/ip_repo/Final_Project_IP_200_slave_registers_1_0'.
INFO: [IP_Flow 19-1700] Loaded user IP repository 'c:/Users/C28Asher.Speicher/Documents/ece383_code/ip_repo/Final_Project_IP_200_slaves_1_0'.
INFO: [IP_Flow 19-1700] Loaded user IP repository 'c:/Users/C28Asher.Speicher/Documents/ece383_code/ip_repo/Final_Project_1_0'.
INFO: [IP_Flow 19-2313] Loaded Vivado IP repository 'C:/Xilinx/Vivado/2024.2/data/ip'.
WARNING: [IP_Flow 19-4995] The host OS only allows 260 characters in a normal path. The IP cache path is more than 80 characters. If you experience issues with IP caching, please consider changing the IP cache to a location with a shorter path. Alternately consider using the OS subst command to map part of the path to a drive letter. 
Current IP cache path is C:/Users/C28Asher.Speicher/Documents/ece383_code/Final_Project/Final_Project_CrossyRoad.cache/ip 
Command: link_design -top FinalProject -part xc7a200tsbg484-1
Design is defaulting to srcset: sources_1
Design is defaulting to constrset: constrs_1
INFO: [Device 21-403] Loading part xc7a200tsbg484-1
INFO: [Project 1-454] Reading design checkpoint 'c:/Users/C28Asher.Speicher/Documents/ece383_code/Final_Project/Final_Project_CrossyRoad.gen/sources_1/ip/clk_wiz_0/clk_wiz_0.dcp' for cell 'datapath_uut/video_uut/mmcm_adv_inst_display_clocks'
Netlist sorting complete. Time (s): cpu = 00:00:00 ; elapsed = 00:00:00.023 . Memory (MB): peak = 557.219 ; gain = 0.000
INFO: [Netlist 29-17] Analyzing 401 Unisim elements for replacement
INFO: [Netlist 29-28] Unisim Transformation completed in 0 CPU seconds
INFO: [Project 1-479] Netlist was created with Vivado 2024.2
INFO: [Project 1-570] Preparing netlist for logic optimization
Parsing XDC File [c:/Users/C28Asher.Speicher/Documents/ece383_code/Final_Project/Final_Project_CrossyRoad.gen/sources_1/ip/clk_wiz_0/clk_wiz_0_board.xdc] for cell 'datapath_uut/video_uut/mmcm_adv_inst_display_clocks/inst'
Finished Parsing XDC File [c:/Users/C28Asher.Speicher/Documents/ece383_code/Final_Project/Final_Project_CrossyRoad.gen/sources_1/ip/clk_wiz_0/clk_wiz_0_board.xdc] for cell 'datapath_uut/video_uut/mmcm_adv_inst_display_clocks/inst'
Parsing XDC File [c:/Users/C28Asher.Speicher/Documents/ece383_code/Final_Project/Final_Project_CrossyRoad.gen/sources_1/ip/clk_wiz_0/clk_wiz_0.xdc] for cell 'datapath_uut/video_uut/mmcm_adv_inst_display_clocks/inst'
INFO: [Timing 38-35] Done setting XDC timing constraints. [c:/Users/C28Asher.Speicher/Documents/ece383_code/Final_Project/Final_Project_CrossyRoad.gen/sources_1/ip/clk_wiz_0/clk_wiz_0.xdc:54]
INFO: [Timing 38-2] Deriving generated clocks [c:/Users/C28Asher.Speicher/Documents/ece383_code/Final_Project/Final_Project_CrossyRoad.gen/sources_1/ip/clk_wiz_0/clk_wiz_0.xdc:54]
get_clocks: Time (s): cpu = 00:00:06 ; elapsed = 00:00:07 . Memory (MB): peak = 1309.438 ; gain = 615.945
Finished Parsing XDC File [c:/Users/C28Asher.Speicher/Documents/ece383_code/Final_Project/Final_Project_CrossyRoad.gen/sources_1/ip/clk_wiz_0/clk_wiz_0.xdc] for cell 'datapath_uut/video_uut/mmcm_adv_inst_display_clocks/inst'
Parsing XDC File [C:/Users/C28Asher.Speicher/Documents/ece383_code/Final_Project/Final_Project_CrossyRoad.srcs/constrs_1/imports/lab2_code_for_cadets_2026/Lab2.xdc]
Finished Parsing XDC File [C:/Users/C28Asher.Speicher/Documents/ece383_code/Final_Project/Final_Project_CrossyRoad.srcs/constrs_1/imports/lab2_code_for_cadets_2026/Lab2.xdc]
INFO: [Opt 31-138] Pushed 0 inverter(s) to 0 load pin(s).
Netlist sorting complete. Time (s): cpu = 00:00:00 ; elapsed = 00:00:00 . Memory (MB): peak = 1309.438 ; gain = 0.000
INFO: [Project 1-111] Unisim Transformation Summary:
  A total of 4 instances were transformed.
  OBUFDS => OBUFDS: 4 instances

16 Infos, 2 Warnings, 0 Critical Warnings and 0 Errors encountered.
link_design completed successfully
link_design: Time (s): cpu = 00:00:09 ; elapsed = 00:00:12 . Memory (MB): peak = 1309.438 ; gain = 1002.684
Command: opt_design
Attempting to get a license for feature 'Implementation' and/or device 'xc7a200t'
INFO: [Common 17-349] Got license for feature 'Implementation' and/or device 'xc7a200t'
Running DRC as a precondition to command opt_design

Starting DRC Task
INFO: [DRC 23-27] Running DRC with 2 threads
INFO: [Project 1-461] DRC finished with 0 Errors
INFO: [Project 1-462] Please refer to the DRC report (report_drc) for more information.

Time (s): cpu = 00:00:01 ; elapsed = 00:00:01 . Memory (MB): peak = 1309.438 ; gain = 0.000

Starting Cache Timing Information Task
INFO: [Timing 38-35] Done setting XDC timing constraints.
Ending Cache Timing Information Task | Checksum: 25e0c993c

Time (s): cpu = 00:00:00 ; elapsed = 00:00:00.075 . Memory (MB): peak = 1342.762 ; gain = 33.324

Starting Logic Optimization Task

Phase 1 Initialization

Phase 1.1 Core Generation And Design Setup
Phase 1.1 Core Generation And Design Setup | Checksum: 25e0c993c

Time (s): cpu = 00:00:00 ; elapsed = 00:00:00.003 . Memory (MB): peak = 1731.129 ; gain = 0.000

Phase 1.2 Setup Constraints And Sort Netlist
Phase 1.2 Setup Constraints And Sort Netlist | Checksum: 25e0c993c

Time (s): cpu = 00:00:00 ; elapsed = 00:00:00.006 . Memory (MB): peak = 1731.129 ; gain = 0.000
Phase 1 Initialization | Checksum: 25e0c993c

Time (s): cpu = 00:00:00 ; elapsed = 00:00:00.007 . Memory (MB): peak = 1731.129 ; gain = 0.000

Phase 2 Timer Update And Timing Data Collection

Phase 2.1 Timer Update
Phase 2.1 Timer Update | Checksum: 25e0c993c

Time (s): cpu = 00:00:00 ; elapsed = 00:00:00.057 . Memory (MB): peak = 1731.129 ; gain = 0.000

Phase 2.2 Timing Data Collection
Phase 2.2 Timing Data Collection | Checksum: 25e0c993c

Time (s): cpu = 00:00:00 ; elapsed = 00:00:00.066 . Memory (MB): peak = 1731.129 ; gain = 0.000
Phase 2 Timer Update And Timing Data Collection | Checksum: 25e0c993c

Time (s): cpu = 00:00:00 ; elapsed = 00:00:00.067 . Memory (MB): peak = 1731.129 ; gain = 0.000

Phase 3 Retarget
INFO: [Opt 31-1851] Number of loadless carry chains removed were: 0
INFO: [Opt 31-1834] Total Chains To Be Transformed Were: 0 AND Number of Transformed insts Created are: 0
INFO: [Opt 31-138] Pushed 1 inverter(s) to 1 load pin(s).
INFO: [Opt 31-49] Retargeted 0 cell(s).
Phase 3 Retarget | Checksum: 22aea4e34

Time (s): cpu = 00:00:00 ; elapsed = 00:00:00.097 . Memory (MB): peak = 1731.129 ; gain = 0.000
Retarget | Checksum: 22aea4e34
INFO: [Opt 31-389] Phase Retarget created 8 cells and removed 9 cells
INFO: [Opt 31-1021] In phase Retarget, 1 netlist objects are constrained preventing optimization. Please run opt_design with -debug_log to get more detail. 

Phase 4 Constant propagation
INFO: [Opt 31-138] Pushed 0 inverter(s) to 0 load pin(s).
Phase 4 Constant propagation | Checksum: 25acb83ac

Time (s): cpu = 00:00:00 ; elapsed = 00:00:00.116 . Memory (MB): peak = 1731.129 ; gain = 0.000
Constant propagation | Checksum: 25acb83ac
INFO: [Opt 31-389] Phase Constant propagation created 0 cells and removed 0 cells

Phase 5 Sweep
INFO: [Constraints 18-11670] Building netlist checker database with flags, 0x8
Done building netlist checker database: Time (s): cpu = 00:00:00 ; elapsed = 00:00:00.001 . Memory (MB): peak = 1731.129 ; gain = 0.000
INFO: [Constraints 18-11670] Building netlist checker database with flags, 0x8
Done building netlist checker database: Time (s): cpu = 00:00:00 ; elapsed = 00:00:00 . Memory (MB): peak = 1731.129 ; gain = 0.000
Phase 5 Sweep | Checksum: 2bd96c814

Time (s): cpu = 00:00:00 ; elapsed = 00:00:00.148 . Memory (MB): peak = 1731.129 ; gain = 0.000
Sweep | Checksum: 2bd96c814
INFO: [Opt 31-389] Phase Sweep created 0 cells and removed 1 cells

Phase 6 BUFG optimization
Phase 6 BUFG optimization | Checksum: 2bd96c814

Time (s): cpu = 00:00:00 ; elapsed = 00:00:00.201 . Memory (MB): peak = 1731.129 ; gain = 0.000
BUFG optimization | Checksum: 2bd96c814
INFO: [Opt 31-662] Phase BUFG optimization created 0 cells of which 0 are BUFGs and removed 0 cells.

Phase 7 Shift Register Optimization
INFO: [Opt 31-1064] SRL Remap converted 0 SRLs to 0 registers and converted 0 registers of register chains to 0 SRLs
Phase 7 Shift Register Optimization | Checksum: 2bd96c814

Time (s): cpu = 00:00:00 ; elapsed = 00:00:00.207 . Memory (MB): peak = 1731.129 ; gain = 0.000
Shift Register Optimization | Checksum: 2bd96c814
INFO: [Opt 31-389] Phase Shift Register Optimization created 0 cells and removed 0 cells

Phase 8 Post Processing Netlist
Phase 8 Post Processing Netlist | Checksum: 2bd96c814

Time (s): cpu = 00:00:00 ; elapsed = 00:00:00.213 . Memory (MB): peak = 1731.129 ; gain = 0.000
Post Processing Netlist | Checksum: 2bd96c814
INFO: [Opt 31-389] Phase Post Processing Netlist created 0 cells and removed 0 cells

Phase 9 Finalization

Phase 9.1 Finalizing Design Cores and Updating Shapes
Phase 9.1 Finalizing Design Cores and Updating Shapes | Checksum: 248108d00

Time (s): cpu = 00:00:00 ; elapsed = 00:00:00.290 . Memory (MB): peak = 1731.129 ; gain = 0.000

Phase 9.2 Verifying Netlist Connectivity

Starting Connectivity Check Task

Time (s): cpu = 00:00:00 ; elapsed = 00:00:00.011 . Memory (MB): peak = 1731.129 ; gain = 0.000
Phase 9.2 Verifying Netlist Connectivity | Checksum: 248108d00

Time (s): cpu = 00:00:00 ; elapsed = 00:00:00.303 . Memory (MB): peak = 1731.129 ; gain = 0.000
Phase 9 Finalization | Checksum: 248108d00

Time (s): cpu = 00:00:00 ; elapsed = 00:00:00.304 . Memory (MB): peak = 1731.129 ; gain = 0.000
Opt_design Change Summary
=========================


-------------------------------------------------------------------------------------------------------------------------
|  Phase                        |  #Cells created  |  #Cells Removed  |  #Constrained objects preventing optimizations  |
-------------------------------------------------------------------------------------------------------------------------
|  Retarget                     |               8  |               9  |                                              1  |
|  Constant propagation         |               0  |               0  |                                              0  |
|  Sweep                        |               0  |               1  |                                              0  |
|  BUFG optimization            |               0  |               0  |                                              0  |
|  Shift Register Optimization  |               0  |               0  |                                              0  |
|  Post Processing Netlist      |               0  |               0  |                                              0  |
-------------------------------------------------------------------------------------------------------------------------


Ending Logic Optimization Task | Checksum: 248108d00

Time (s): cpu = 00:00:00 ; elapsed = 00:00:00.306 . Memory (MB): peak = 1731.129 ; gain = 0.000

Starting Power Optimization Task
INFO: [Pwropt 34-132] Skipping clock gating for clocks with a period < 2.00 ns.
INFO: [Pwropt 34-9] Applying IDT optimizations ...
INFO: [Pwropt 34-10] Applying ODC optimizations ...
INFO: [Timing 38-35] Done setting XDC timing constraints.
Running Vector-less Activity Propagation...

Finished Running Vector-less Activity Propagation


Starting PowerOpt Patch Enables Task
INFO: [Pwropt 34-162] WRITE_MODE attribute of 0 BRAM(s) out of a total of 1 has been updated to save power. Run report_power_opt to get a complete listing of the BRAMs updated.
INFO: [Pwropt 34-201] Structural ODC has moved 0 WE to EN ports
Number of BRAM Ports augmented: 0 newly gated: 0 Total Ports: 2
Ending PowerOpt Patch Enables Task | Checksum: 248108d00

Time (s): cpu = 00:00:00 ; elapsed = 00:00:00.011 . Memory (MB): peak = 1806.277 ; gain = 0.000
Ending Power Optimization Task | Checksum: 248108d00

Time (s): cpu = 00:00:01 ; elapsed = 00:00:00.838 . Memory (MB): peak = 1806.277 ; gain = 75.148

Starting Final Cleanup Task
Ending Final Cleanup Task | Checksum: 248108d00

Time (s): cpu = 00:00:00 ; elapsed = 00:00:00.001 . Memory (MB): peak = 1806.277 ; gain = 0.000

Starting Netlist Obfuscation Task
Netlist sorting complete. Time (s): cpu = 00:00:00 ; elapsed = 00:00:00 . Memory (MB): peak = 1806.277 ; gain = 0.000
Ending Netlist Obfuscation Task | Checksum: 248108d00

Time (s): cpu = 00:00:00 ; elapsed = 00:00:00.002 . Memory (MB): peak = 1806.277 ; gain = 0.000
INFO: [Common 17-83] Releasing license: Implementation
43 Infos, 2 Warnings, 0 Critical Warnings and 0 Errors encountered.
opt_design completed successfully
opt_design: Time (s): cpu = 00:00:05 ; elapsed = 00:00:05 . Memory (MB): peak = 1806.277 ; gain = 496.840
INFO: [Vivado 12-24828] Executing command : report_drc -file FinalProject_drc_opted.rpt -pb FinalProject_drc_opted.pb -rpx FinalProject_drc_opted.rpx
Command: report_drc -file FinalProject_drc_opted.rpt -pb FinalProject_drc_opted.pb -rpx FinalProject_drc_opted.rpx
INFO: [IP_Flow 19-1839] IP Catalog is up to date.
INFO: [DRC 23-27] Running DRC with 2 threads
INFO: [Vivado_Tcl 2-168] The results of DRC are in file C:/Users/C28Asher.Speicher/Documents/ece383_code/Final_Project/Final_Project_CrossyRoad.runs/impl_1/FinalProject_drc_opted.rpt.
report_drc completed successfully
INFO: [Timing 38-35] Done setting XDC timing constraints.
INFO: [Timing 38-480] Writing timing data to binary archive.
Wrote PlaceDB: Time (s): cpu = 00:00:00 ; elapsed = 00:00:00.003 . Memory (MB): peak = 1806.277 ; gain = 0.000
Write ShapeDB Complete: Time (s): cpu = 00:00:00 ; elapsed = 00:00:00.010 . Memory (MB): peak = 1806.277 ; gain = 0.000
Wrote PulsedLatchDB: Time (s): cpu = 00:00:00 ; elapsed = 00:00:00 . Memory (MB): peak = 1806.277 ; gain = 0.000
Writing XDEF routing.
Writing XDEF routing logical nets.
Writing XDEF routing special nets.
Wrote RouteStorage: Time (s): cpu = 00:00:00 ; elapsed = 00:00:00.017 . Memory (MB): peak = 1806.277 ; gain = 0.000
Wrote Netlist Cache: Time (s): cpu = 00:00:00 ; elapsed = 00:00:00 . Memory (MB): peak = 1806.277 ; gain = 0.000
Wrote Device Cache: Time (s): cpu = 00:00:00 ; elapsed = 00:00:00.007 . Memory (MB): peak = 1806.277 ; gain = 0.000
Write Physdb Complete: Time (s): cpu = 00:00:00 ; elapsed = 00:00:00.038 . Memory (MB): peak = 1806.277 ; gain = 0.000
INFO: [Common 17-1381] The checkpoint 'C:/Users/C28Asher.Speicher/Documents/ece383_code/Final_Project/Final_Project_CrossyRoad.runs/impl_1/FinalProject_opt.dcp' has been generated.
Command: place_design
Attempting to get a license for feature 'Implementation' and/or device 'xc7a200t'
INFO: [Common 17-349] Got license for feature 'Implementation' and/or device 'xc7a200t'
INFO: [Common 17-83] Releasing license: Implementation
INFO: [DRC 23-27] Running DRC with 2 threads
INFO: [Vivado_Tcl 4-198] DRC finished with 0 Errors
INFO: [Vivado_Tcl 4-199] Please refer to the DRC report (report_drc) for more information.
Running DRC as a precondition to command place_design
INFO: [DRC 23-27] Running DRC with 2 threads
INFO: [Vivado_Tcl 4-198] DRC finished with 0 Errors
INFO: [Vivado_Tcl 4-199] Please refer to the DRC report (report_drc) for more information.
INFO: [Place 30-611] Multithreading enabled for place_design using a maximum of 2 CPUs

Starting Placer Task

Phase 1 Placer Initialization

Phase 1.1 Placer Initialization Netlist Sorting
Netlist sorting complete. Time (s): cpu = 00:00:00 ; elapsed = 00:00:00.002 . Memory (MB): peak = 1806.277 ; gain = 0.000
Phase 1.1 Placer Initialization Netlist Sorting | Checksum: 1f74bea1a

Time (s): cpu = 00:00:00 ; elapsed = 00:00:00.005 . Memory (MB): peak = 1806.277 ; gain = 0.000
Netlist sorting complete. Time (s): cpu = 00:00:00 ; elapsed = 00:00:00.001 . Memory (MB): peak = 1806.277 ; gain = 0.000

Phase 1.2 IO Placement/ Clock Placement/ Build Placer Device
Phase 1.2 IO Placement/ Clock Placement/ Build Placer Device | Checksum: 226e9e324

Time (s): cpu = 00:00:00 ; elapsed = 00:00:00.273 . Memory (MB): peak = 1806.277 ; gain = 0.000

Phase 1.3 Build Placer Netlist Model
Phase 1.3 Build Placer Netlist Model | Checksum: 2b387f225

Time (s): cpu = 00:00:00 ; elapsed = 00:00:00.752 . Memory (MB): peak = 1806.277 ; gain = 0.000

Phase 1.4 Constrain Clocks/Macros
Phase 1.4 Constrain Clocks/Macros | Checksum: 2b387f225

Time (s): cpu = 00:00:00 ; elapsed = 00:00:00.759 . Memory (MB): peak = 1806.277 ; gain = 0.000
Phase 1 Placer Initialization | Checksum: 2b387f225

Time (s): cpu = 00:00:00 ; elapsed = 00:00:00.771 . Memory (MB): peak = 1806.277 ; gain = 0.000

Phase 2 Global Placement

Phase 2.1 Floorplanning
Phase 2.1 Floorplanning | Checksum: 27b85124e

Time (s): cpu = 00:00:00 ; elapsed = 00:00:00.978 . Memory (MB): peak = 1806.277 ; gain = 0.000

Phase 2.2 Update Timing before SLR Path Opt
Phase 2.2 Update Timing before SLR Path Opt | Checksum: 2e8b0df18

Time (s): cpu = 00:00:00 ; elapsed = 00:00:01 . Memory (MB): peak = 1806.277 ; gain = 0.000

Phase 2.3 Post-Processing in Floorplanning
Phase 2.3 Post-Processing in Floorplanning | Checksum: 2e8b0df18

Time (s): cpu = 00:00:00 ; elapsed = 00:00:01 . Memory (MB): peak = 1806.277 ; gain = 0.000

Phase 2.4 Global Place Phase1
Phase 2.4 Global Place Phase1 | Checksum: 2b815b06a

Time (s): cpu = 00:00:02 ; elapsed = 00:00:04 . Memory (MB): peak = 1806.277 ; gain = 0.000

Phase 2.5 Global Place Phase2

Phase 2.5.1 UpdateTiming Before Physical Synthesis
Phase 2.5.1 UpdateTiming Before Physical Synthesis | Checksum: 2b815b06a

Time (s): cpu = 00:00:02 ; elapsed = 00:00:05 . Memory (MB): peak = 1806.277 ; gain = 0.000

Phase 2.5.2 Physical Synthesis In Placer
INFO: [Physopt 32-1035] Found 0 LUTNM shape to break, 73 LUT instances to create LUTNM shape
INFO: [Physopt 32-1044] Break lutnm for timing: one critical 0, two critical 0, total 0, new lutff created 0
INFO: [Physopt 32-1138] End 1 Pass. Optimized 31 nets or LUTs. Breaked 0 LUT, combined 31 existing LUTs and moved 0 existing LUT
INFO: [Physopt 32-65] No nets found for high-fanout optimization.
INFO: [Physopt 32-232] Optimized 0 net. Created 0 new instance.
INFO: [Physopt 32-775] End 1 Pass. Optimized 0 net or cell. Created 0 new cell, deleted 0 existing cell and moved 0 existing cell
INFO: [Physopt 32-670] No setup violation found.  DSP Register Optimization was not performed.
INFO: [Physopt 32-670] No setup violation found.  Shift Register to Pipeline Optimization was not performed.
INFO: [Physopt 32-670] No setup violation found.  Shift Register Optimization was not performed.
INFO: [Physopt 32-670] No setup violation found.  BRAM Register Optimization was not performed.
INFO: [Physopt 32-670] No setup violation found.  URAM Register Optimization was not performed.
INFO: [Physopt 32-949] No candidate nets found for dynamic/static region interface net replication
INFO: [Physopt 32-775] End 1 Pass. Optimized 0 net or cell. Created 0 new cell, deleted 0 existing cell and moved 0 existing cell
Netlist sorting complete. Time (s): cpu = 00:00:00 ; elapsed = 00:00:00.001 . Memory (MB): peak = 1806.277 ; gain = 0.000

Summary of Physical Synthesis Optimizations
============================================


-----------------------------------------------------------------------------------------------------------------------------------------------------------
|  Optimization                                     |  Added Cells  |  Removed Cells  |  Optimized Cells/Nets  |  Dont Touch  |  Iterations  |  Elapsed   |
-----------------------------------------------------------------------------------------------------------------------------------------------------------
|  LUT Combining                                    |            0  |             31  |                    31  |           0  |           1  |  00:00:00  |
|  Retime                                           |            0  |              0  |                     0  |           0  |           1  |  00:00:00  |
|  Very High Fanout                                 |            0  |              0  |                     0  |           0  |           1  |  00:00:00  |
|  DSP Register                                     |            0  |              0  |                     0  |           0  |           0  |  00:00:00  |
|  Shift Register to Pipeline                       |            0  |              0  |                     0  |           0  |           0  |  00:00:00  |
|  Shift Register                                   |            0  |              0  |                     0  |           0  |           0  |  00:00:00  |
|  BRAM Register                                    |            0  |              0  |                     0  |           0  |           0  |  00:00:00  |
|  URAM Register                                    |            0  |              0  |                     0  |           0  |           0  |  00:00:00  |
|  Dynamic/Static Region Interface Net Replication  |            0  |              0  |                     0  |           0  |           1  |  00:00:00  |
|  Total                                            |            0  |             31  |                    31  |           0  |           4  |  00:00:00  |
-----------------------------------------------------------------------------------------------------------------------------------------------------------


Phase 2.5.2 Physical Synthesis In Placer | Checksum: 2a22fb464

Time (s): cpu = 00:00:03 ; elapsed = 00:00:05 . Memory (MB): peak = 1806.277 ; gain = 0.000
Phase 2.5 Global Place Phase2 | Checksum: 246441c82

Time (s): cpu = 00:00:03 ; elapsed = 00:00:05 . Memory (MB): peak = 1806.277 ; gain = 0.000
Phase 2 Global Placement | Checksum: 246441c82

Time (s): cpu = 00:00:03 ; elapsed = 00:00:05 . Memory (MB): peak = 1806.277 ; gain = 0.000

Phase 3 Detail Placement

Phase 3.1 Commit Multi Column Macros
Phase 3.1 Commit Multi Column Macros | Checksum: 29a67f022

Time (s): cpu = 00:00:03 ; elapsed = 00:00:05 . Memory (MB): peak = 1806.277 ; gain = 0.000

Phase 3.2 Commit Most Macros & LUTRAMs
Phase 3.2 Commit Most Macros & LUTRAMs | Checksum: 2a59e7047

Time (s): cpu = 00:00:03 ; elapsed = 00:00:06 . Memory (MB): peak = 1806.277 ; gain = 0.000

Phase 3.3 Area Swap Optimization
Phase 3.3 Area Swap Optimization | Checksum: 1f15a5e11

Time (s): cpu = 00:00:03 ; elapsed = 00:00:06 . Memory (MB): peak = 1806.277 ; gain = 0.000

Phase 3.4 Pipeline Register Optimization
Phase 3.4 Pipeline Register Optimization | Checksum: 28236f74e

Time (s): cpu = 00:00:03 ; elapsed = 00:00:06 . Memory (MB): peak = 1806.277 ; gain = 0.000

Phase 3.5 Small Shape Detail Placement
Phase 3.5 Small Shape Detail Placement | Checksum: 27054cbc3

Time (s): cpu = 00:00:03 ; elapsed = 00:00:06 . Memory (MB): peak = 1806.277 ; gain = 0.000

Phase 3.6 Re-assign LUT pins
Phase 3.6 Re-assign LUT pins | Checksum: 201cd3a98

Time (s): cpu = 00:00:03 ; elapsed = 00:00:06 . Memory (MB): peak = 1806.277 ; gain = 0.000

Phase 3.7 Pipeline Register Optimization
Phase 3.7 Pipeline Register Optimization | Checksum: 190989163

Time (s): cpu = 00:00:03 ; elapsed = 00:00:06 . Memory (MB): peak = 1806.277 ; gain = 0.000
Phase 3 Detail Placement | Checksum: 190989163

Time (s): cpu = 00:00:03 ; elapsed = 00:00:06 . Memory (MB): peak = 1806.277 ; gain = 0.000

Phase 4 Post Placement Optimization and Clean-Up

Phase 4.1 Post Commit Optimization
INFO: [Timing 38-35] Done setting XDC timing constraints.

Phase 4.1.1 Post Placement Optimization
Post Placement Optimization Initialization | Checksum: 1ce4c6684

Phase 4.1.1.1 BUFG Insertion

Starting Physical Synthesis Task

Phase 1 Physical Synthesis Initialization
INFO: [Physopt 32-721] Multithreading enabled for phys_opt_design using a maximum of 2 CPUs
INFO: [Physopt 32-619] Estimated Timing Summary | WNS=0.863 | TNS=0.000 |
Phase 1 Physical Synthesis Initialization | Checksum: 109d25a8d

Time (s): cpu = 00:00:00 ; elapsed = 00:00:00.053 . Memory (MB): peak = 1806.277 ; gain = 0.000
INFO: [Place 46-56] BUFG insertion identified 0 candidate nets. Inserted BUFG: 0, Replicated BUFG Driver: 0, Skipped due to Placement/Routing Conflicts: 0, Skipped due to Timing Degradation: 0, Skipped due to netlist editing failed: 0.
Ending Physical Synthesis Task | Checksum: 1f4541d4b

Time (s): cpu = 00:00:00 ; elapsed = 00:00:00.064 . Memory (MB): peak = 1806.277 ; gain = 0.000
Phase 4.1.1.1 BUFG Insertion | Checksum: 1ce4c6684

Time (s): cpu = 00:00:04 ; elapsed = 00:00:07 . Memory (MB): peak = 1806.277 ; gain = 0.000

Phase 4.1.1.2 Post Placement Timing Optimization
INFO: [Place 30-746] Post Placement Timing Summary WNS=0.863. For the most accurate timing information please run report_timing.
Phase 4.1.1.2 Post Placement Timing Optimization | Checksum: 20508939a

Time (s): cpu = 00:00:04 ; elapsed = 00:00:07 . Memory (MB): peak = 1806.277 ; gain = 0.000

Time (s): cpu = 00:00:04 ; elapsed = 00:00:07 . Memory (MB): peak = 1806.277 ; gain = 0.000
Phase 4.1 Post Commit Optimization | Checksum: 20508939a

Time (s): cpu = 00:00:04 ; elapsed = 00:00:07 . Memory (MB): peak = 1806.277 ; gain = 0.000

Phase 4.2 Post Placement Cleanup
Phase 4.2 Post Placement Cleanup | Checksum: 20508939a

Time (s): cpu = 00:00:04 ; elapsed = 00:00:07 . Memory (MB): peak = 1806.277 ; gain = 0.000

Phase 4.3 Placer Reporting

Phase 4.3.1 Print Estimated Congestion
INFO: [Place 30-612] Post-Placement Estimated Congestion 
 ____________________________________________________
|           | Global Congestion | Short Congestion  |
| Direction | Region Size       | Region Size       |
|___________|___________________|___________________|
|      North|                1x1|                1x1|
|___________|___________________|___________________|
|      South|                1x1|                1x1|
|___________|___________________|___________________|
|       East|                1x1|                1x1|
|___________|___________________|___________________|
|       West|                1x1|                1x1|
|___________|___________________|___________________|

Phase 4.3.1 Print Estimated Congestion | Checksum: 20508939a

Time (s): cpu = 00:00:04 ; elapsed = 00:00:07 . Memory (MB): peak = 1806.277 ; gain = 0.000
Phase 4.3 Placer Reporting | Checksum: 20508939a

Time (s): cpu = 00:00:04 ; elapsed = 00:00:07 . Memory (MB): peak = 1806.277 ; gain = 0.000

Phase 4.4 Final Placement Cleanup
Netlist sorting complete. Time (s): cpu = 00:00:00 ; elapsed = 00:00:00.001 . Memory (MB): peak = 1806.277 ; gain = 0.000

Time (s): cpu = 00:00:04 ; elapsed = 00:00:07 . Memory (MB): peak = 1806.277 ; gain = 0.000
Phase 4 Post Placement Optimization and Clean-Up | Checksum: 1fc391ac5

Time (s): cpu = 00:00:04 ; elapsed = 00:00:07 . Memory (MB): peak = 1806.277 ; gain = 0.000
Ending Placer Task | Checksum: 19ac00190

Time (s): cpu = 00:00:04 ; elapsed = 00:00:07 . Memory (MB): peak = 1806.277 ; gain = 0.000
78 Infos, 2 Warnings, 0 Critical Warnings and 0 Errors encountered.
place_design completed successfully
place_design: Time (s): cpu = 00:00:06 ; elapsed = 00:00:09 . Memory (MB): peak = 1806.277 ; gain = 0.000
INFO: [Vivado 12-24838] Running report commands "report_control_sets, report_io, report_utilization" in parallel.
Running report generation with 2 threads.
INFO: [Vivado 12-24828] Executing command : report_io -file FinalProject_io_placed.rpt
report_io: Time (s): cpu = 00:00:00 ; elapsed = 00:00:00.060 . Memory (MB): peak = 1806.277 ; gain = 0.000
INFO: [Vivado 12-24828] Executing command : report_utilization -file FinalProject_utilization_placed.rpt -pb FinalProject_utilization_placed.pb
INFO: [Vivado 12-24828] Executing command : report_control_sets -verbose -file FinalProject_control_sets_placed.rpt
report_control_sets: Time (s): cpu = 00:00:00 ; elapsed = 00:00:00.003 . Memory (MB): peak = 1806.277 ; gain = 0.000
INFO: [Timing 38-480] Writing timing data to binary archive.
Write ShapeDB Complete: Time (s): cpu = 00:00:00 ; elapsed = 00:00:00.009 . Memory (MB): peak = 1806.277 ; gain = 0.000
Wrote PlaceDB: Time (s): cpu = 00:00:00 ; elapsed = 00:00:00.154 . Memory (MB): peak = 1806.277 ; gain = 0.000
Wrote PulsedLatchDB: Time (s): cpu = 00:00:00 ; elapsed = 00:00:00 . Memory (MB): peak = 1806.277 ; gain = 0.000
Writing XDEF routing.
Writing XDEF routing logical nets.
Writing XDEF routing special nets.
Wrote RouteStorage: Time (s): cpu = 00:00:00 ; elapsed = 00:00:00.021 . Memory (MB): peak = 1806.277 ; gain = 0.000
Wrote Netlist Cache: Time (s): cpu = 00:00:00 ; elapsed = 00:00:00.004 . Memory (MB): peak = 1806.277 ; gain = 0.000
Wrote Device Cache: Time (s): cpu = 00:00:00 ; elapsed = 00:00:00.005 . Memory (MB): peak = 1806.277 ; gain = 0.000
Write Physdb Complete: Time (s): cpu = 00:00:00 ; elapsed = 00:00:00.196 . Memory (MB): peak = 1806.277 ; gain = 0.000
INFO: [Common 17-1381] The checkpoint 'C:/Users/C28Asher.Speicher/Documents/ece383_code/Final_Project/Final_Project_CrossyRoad.runs/impl_1/FinalProject_placed.dcp' has been generated.
Command: phys_opt_design
Attempting to get a license for feature 'Implementation' and/or device 'xc7a200t'
INFO: [Common 17-349] Got license for feature 'Implementation' and/or device 'xc7a200t'

Starting Initial Update Timing Task

Time (s): cpu = 00:00:00 ; elapsed = 00:00:00.218 . Memory (MB): peak = 1806.277 ; gain = 0.000
INFO: [Vivado_Tcl 4-2279] Estimated Timing Summary | WNS= 0.863 | TNS= 0.000 | 
INFO: [Vivado_Tcl 4-383] Design worst setup slack (WNS) is greater than or equal to 0.000 ns. All physical synthesis setup optimizations will be skipped.
INFO: [Vivado_Tcl 4-232] No setup violation found. The netlist was not modified.
INFO: [Common 17-83] Releasing license: Implementation
89 Infos, 2 Warnings, 0 Critical Warnings and 0 Errors encountered.
phys_opt_design completed successfully
INFO: [Timing 38-480] Writing timing data to binary archive.
Write ShapeDB Complete: Time (s): cpu = 00:00:00 ; elapsed = 00:00:00.009 . Memory (MB): peak = 1806.277 ; gain = 0.000
Wrote PlaceDB: Time (s): cpu = 00:00:00 ; elapsed = 00:00:00.169 . Memory (MB): peak = 1806.277 ; gain = 0.000
Wrote PulsedLatchDB: Time (s): cpu = 00:00:00 ; elapsed = 00:00:00 . Memory (MB): peak = 1806.277 ; gain = 0.000
Writing XDEF routing.
Writing XDEF routing logical nets.
Writing XDEF routing special nets.
Wrote RouteStorage: Time (s): cpu = 00:00:00 ; elapsed = 00:00:00.016 . Memory (MB): peak = 1806.277 ; gain = 0.000
Wrote Netlist Cache: Time (s): cpu = 00:00:00 ; elapsed = 00:00:00.004 . Memory (MB): peak = 1806.277 ; gain = 0.000
Wrote Device Cache: Time (s): cpu = 00:00:00 ; elapsed = 00:00:00.006 . Memory (MB): peak = 1806.277 ; gain = 0.000
Write Physdb Complete: Time (s): cpu = 00:00:00 ; elapsed = 00:00:00.205 . Memory (MB): peak = 1806.277 ; gain = 0.000
INFO: [Common 17-1381] The checkpoint 'C:/Users/C28Asher.Speicher/Documents/ece383_code/Final_Project/Final_Project_CrossyRoad.runs/impl_1/FinalProject_physopt.dcp' has been generated.
Command: route_design
Attempting to get a license for feature 'Implementation' and/or device 'xc7a200t'
INFO: [Common 17-349] Got license for feature 'Implementation' and/or device 'xc7a200t'


Starting Routing Task
INFO: [Route 35-254] Multithreading enabled for route_design using a maximum of 2 CPUs

Phase 1 Build RT Design
Checksum: PlaceDB: 7d23c379 ConstDB: 0 ShapeSum: 858152b3 RouteDB: 981aeb64
Post Restoration Checksum: NetGraph: 50af84f2 | NumContArr: 22c17807 | Constraints: c2a8fa9d | Timing: c2a8fa9d
Phase 1 Build RT Design | Checksum: 1f8c2f233

Time (s): cpu = 00:00:55 ; elapsed = 00:00:52 . Memory (MB): peak = 1999.789 ; gain = 193.512

Phase 2 Router Initialization

Phase 2.1 Fix Topology Constraints
Phase 2.1 Fix Topology Constraints | Checksum: 1f8c2f233

Time (s): cpu = 00:00:55 ; elapsed = 00:00:52 . Memory (MB): peak = 1999.789 ; gain = 193.512

Phase 2.2 Pre Route Cleanup
Phase 2.2 Pre Route Cleanup | Checksum: 1f8c2f233

Time (s): cpu = 00:00:55 ; elapsed = 00:00:52 . Memory (MB): peak = 1999.789 ; gain = 193.512
 Number of Nodes with overlaps = 0

Phase 2.3 Update Timing
Phase 2.3 Update Timing | Checksum: 364b7b4f0

Time (s): cpu = 00:00:56 ; elapsed = 00:00:53 . Memory (MB): peak = 2064.461 ; gain = 258.184
INFO: [Route 35-416] Intermediate Timing Summary | WNS=0.936  | TNS=0.000  | WHS=-0.359 | THS=-12.002|


Router Utilization Summary
  Global Vertical Routing Utilization    = 0.000850288 %
  Global Horizontal Routing Utilization  = 0.00115664 %
  Routable Net Status*
  *Does not include unroutable nets such as driverless and loadless.
  Run report_route_status for detailed report.
  Number of Failed Nets               = 1863
    (Failed Nets is the sum of unrouted and partially routed nets)
  Number of Unrouted Nets             = 1847
  Number of Partially Routed Nets     = 16
  Number of Node Overlaps             = 11

Phase 2 Router Initialization | Checksum: 26b07e168

Time (s): cpu = 00:00:57 ; elapsed = 00:00:54 . Memory (MB): peak = 2077.113 ; gain = 270.836

Phase 3 Global Routing
Phase 3 Global Routing | Checksum: 26b07e168

Time (s): cpu = 00:00:57 ; elapsed = 00:00:54 . Memory (MB): peak = 2077.113 ; gain = 270.836

Phase 4 Initial Routing

Phase 4.1 Initial Net Routing Pass
Phase 4.1 Initial Net Routing Pass | Checksum: 24e6891fa

Time (s): cpu = 00:00:57 ; elapsed = 00:00:54 . Memory (MB): peak = 2077.113 ; gain = 270.836
Phase 4 Initial Routing | Checksum: 24e6891fa

Time (s): cpu = 00:00:57 ; elapsed = 00:00:54 . Memory (MB): peak = 2077.113 ; gain = 270.836

Phase 5 Rip-up And Reroute

Phase 5.1 Global Iteration 0
 Number of Nodes with overlaps = 138
 Number of Nodes with overlaps = 4
 Number of Nodes with overlaps = 0
INFO: [Route 35-416] Intermediate Timing Summary | WNS=0.983  | TNS=0.000  | WHS=N/A    | THS=N/A    |

Phase 5.1 Global Iteration 0 | Checksum: 2525b9ecd

Time (s): cpu = 00:00:57 ; elapsed = 00:00:55 . Memory (MB): peak = 2077.113 ; gain = 270.836
Phase 5 Rip-up And Reroute | Checksum: 2525b9ecd

Time (s): cpu = 00:00:57 ; elapsed = 00:00:55 . Memory (MB): peak = 2077.113 ; gain = 270.836

Phase 6 Delay and Skew Optimization

Phase 6.1 Delay CleanUp

Phase 6.1.1 Update Timing
Phase 6.1.1 Update Timing | Checksum: 2619555f1

Time (s): cpu = 00:00:57 ; elapsed = 00:00:55 . Memory (MB): peak = 2077.113 ; gain = 270.836
INFO: [Route 35-416] Intermediate Timing Summary | WNS=0.990  | TNS=0.000  | WHS=N/A    | THS=N/A    |

Phase 6.1 Delay CleanUp | Checksum: 2619555f1

Time (s): cpu = 00:00:57 ; elapsed = 00:00:55 . Memory (MB): peak = 2077.113 ; gain = 270.836

Phase 6.2 Clock Skew Optimization
Phase 6.2 Clock Skew Optimization | Checksum: 2619555f1

Time (s): cpu = 00:00:57 ; elapsed = 00:00:55 . Memory (MB): peak = 2077.113 ; gain = 270.836
Phase 6 Delay and Skew Optimization | Checksum: 2619555f1

Time (s): cpu = 00:00:57 ; elapsed = 00:00:55 . Memory (MB): peak = 2077.113 ; gain = 270.836

Phase 7 Post Hold Fix

Phase 7.1 Hold Fix Iter
INFO: [Route 35-416] Intermediate Timing Summary | WNS=0.990  | TNS=0.000  | WHS=0.105  | THS=0.000  |

Phase 7.1 Hold Fix Iter | Checksum: 1dffe64de

Time (s): cpu = 00:00:57 ; elapsed = 00:00:55 . Memory (MB): peak = 2077.113 ; gain = 270.836
Phase 7 Post Hold Fix | Checksum: 1dffe64de

Time (s): cpu = 00:00:57 ; elapsed = 00:00:55 . Memory (MB): peak = 2077.113 ; gain = 270.836

Phase 8 Route finalize

Router Utilization Summary
  Global Vertical Routing Utilization    = 0.166434 %
  Global Horizontal Routing Utilization  = 0.211566 %
  Routable Net Status*
  *Does not include unroutable nets such as driverless and loadless.
  Run report_route_status for detailed report.
  Number of Failed Nets               = 0
    (Failed Nets is the sum of unrouted and partially routed nets)
  Number of Unrouted Nets             = 0
  Number of Partially Routed Nets     = 0
  Number of Node Overlaps             = 0

Phase 8 Route finalize | Checksum: 1dffe64de

Time (s): cpu = 00:00:57 ; elapsed = 00:00:55 . Memory (MB): peak = 2077.113 ; gain = 270.836

Phase 9 Verifying routed nets

 Verification completed successfully
Phase 9 Verifying routed nets | Checksum: 1dffe64de

Time (s): cpu = 00:00:57 ; elapsed = 00:00:55 . Memory (MB): peak = 2077.113 ; gain = 270.836

Phase 10 Depositing Routes
Phase 10 Depositing Routes | Checksum: 267aa0c3d

Time (s): cpu = 00:00:58 ; elapsed = 00:00:55 . Memory (MB): peak = 2077.113 ; gain = 270.836

Phase 11 Post Process Routing
Phase 11 Post Process Routing | Checksum: 267aa0c3d

Time (s): cpu = 00:00:58 ; elapsed = 00:00:55 . Memory (MB): peak = 2077.113 ; gain = 270.836

Phase 12 Post Router Timing
INFO: [Route 35-57] Estimated Timing Summary | WNS=0.990  | TNS=0.000  | WHS=0.105  | THS=0.000  |

INFO: [Route 35-327] The final timing numbers are based on the router estimated timing analysis. For a complete and accurate timing signoff, please run report_timing_summary.
Phase 12 Post Router Timing | Checksum: 267aa0c3d

Time (s): cpu = 00:00:58 ; elapsed = 00:00:55 . Memory (MB): peak = 2077.113 ; gain = 270.836
Total Elapsed time in route_design: 55.064 secs

Phase 13 Post-Route Event Processing
Phase 13 Post-Route Event Processing | Checksum: 165fa4030

Time (s): cpu = 00:00:58 ; elapsed = 00:00:55 . Memory (MB): peak = 2077.113 ; gain = 270.836
INFO: [Route 35-16] Router Completed Successfully
Ending Routing Task | Checksum: 165fa4030

Time (s): cpu = 00:00:58 ; elapsed = 00:00:55 . Memory (MB): peak = 2077.113 ; gain = 270.836

Routing Is Done.
INFO: [Common 17-83] Releasing license: Implementation
101 Infos, 2 Warnings, 0 Critical Warnings and 0 Errors encountered.
route_design completed successfully
route_design: Time (s): cpu = 00:00:58 ; elapsed = 00:00:55 . Memory (MB): peak = 2077.113 ; gain = 270.836
INFO: [Vivado 12-24828] Executing command : report_drc -file FinalProject_drc_routed.rpt -pb FinalProject_drc_routed.pb -rpx FinalProject_drc_routed.rpx
Command: report_drc -file FinalProject_drc_routed.rpt -pb FinalProject_drc_routed.pb -rpx FinalProject_drc_routed.rpx
INFO: [IP_Flow 19-1839] IP Catalog is up to date.
INFO: [DRC 23-27] Running DRC with 2 threads
INFO: [Vivado_Tcl 2-168] The results of DRC are in file C:/Users/C28Asher.Speicher/Documents/ece383_code/Final_Project/Final_Project_CrossyRoad.runs/impl_1/FinalProject_drc_routed.rpt.
report_drc completed successfully
INFO: [Vivado 12-24828] Executing command : report_methodology -file FinalProject_methodology_drc_routed.rpt -pb FinalProject_methodology_drc_routed.pb -rpx FinalProject_methodology_drc_routed.rpx
Command: report_methodology -file FinalProject_methodology_drc_routed.rpt -pb FinalProject_methodology_drc_routed.pb -rpx FinalProject_methodology_drc_routed.rpx
INFO: [Timing 38-35] Done setting XDC timing constraints.
INFO: [DRC 23-133] Running Methodology with 2 threads
INFO: [Vivado_Tcl 2-1520] The results of Report Methodology are in file C:/Users/C28Asher.Speicher/Documents/ece383_code/Final_Project/Final_Project_CrossyRoad.runs/impl_1/FinalProject_methodology_drc_routed.rpt.
report_methodology completed successfully
INFO: [Vivado 12-24828] Executing command : report_timing_summary -max_paths 10 -report_unconstrained -file FinalProject_timing_summary_routed.rpt -pb FinalProject_timing_summary_routed.pb -rpx FinalProject_timing_summary_routed.rpx -warn_on_violation 
INFO: [Timing 38-35] Done setting XDC timing constraints.
INFO: [Timing 38-91] UpdateTimingParams: Speed grade: -1, Delay Type: min_max.
INFO: [Timing 38-191] Multithreading enabled for timing update using a maximum of 2 CPUs
INFO: [Vivado 12-24838] Running report commands "report_incremental_reuse, report_route_status" in parallel.
Running report generation with 2 threads.
INFO: [Vivado 12-24828] Executing command : report_route_status -file FinalProject_route_status.rpt -pb FinalProject_route_status.pb
INFO: [Vivado 12-24828] Executing command : report_incremental_reuse -file FinalProject_incremental_reuse_routed.rpt
INFO: [Vivado_Tcl 4-1062] Incremental flow is disabled. No incremental reuse Info to report.
INFO: [Vivado 12-24828] Executing command : report_power -file FinalProject_power_routed.rpt -pb FinalProject_power_summary_routed.pb -rpx FinalProject_power_routed.rpx
Command: report_power -file FinalProject_power_routed.rpt -pb FinalProject_power_summary_routed.pb -rpx FinalProject_power_routed.rpx
Running Vector-less Activity Propagation...

Finished Running Vector-less Activity Propagation
118 Infos, 2 Warnings, 0 Critical Warnings and 0 Errors encountered.
report_power completed successfully
INFO: [Vivado 12-24828] Executing command : report_clock_utilization -file FinalProject_clock_utilization_routed.rpt
INFO: [Vivado 12-24828] Executing command : report_bus_skew -warn_on_violation -file FinalProject_bus_skew_routed.rpt -pb FinalProject_bus_skew_routed.pb -rpx FinalProject_bus_skew_routed.rpx
INFO: [Timing 38-91] UpdateTimingParams: Speed grade: -1, Delay Type: min_max.
INFO: [Timing 38-191] Multithreading enabled for timing update using a maximum of 2 CPUs
generate_parallel_reports: Time (s): cpu = 00:00:09 ; elapsed = 00:00:08 . Memory (MB): peak = 2087.977 ; gain = 10.863
INFO: [Timing 38-480] Writing timing data to binary archive.
Write ShapeDB Complete: Time (s): cpu = 00:00:00 ; elapsed = 00:00:00.015 . Memory (MB): peak = 2087.977 ; gain = 0.000
Wrote PlaceDB: Time (s): cpu = 00:00:01 ; elapsed = 00:00:00.225 . Memory (MB): peak = 2087.977 ; gain = 0.000
Wrote PulsedLatchDB: Time (s): cpu = 00:00:00 ; elapsed = 00:00:00 . Memory (MB): peak = 2087.977 ; gain = 0.000
Writing XDEF routing.
Writing XDEF routing logical nets.
Writing XDEF routing special nets.
Wrote RouteStorage: Time (s): cpu = 00:00:00 ; elapsed = 00:00:00.046 . Memory (MB): peak = 2087.977 ; gain = 0.000
Wrote Netlist Cache: Time (s): cpu = 00:00:00 ; elapsed = 00:00:00.007 . Memory (MB): peak = 2087.977 ; gain = 0.000
Wrote Device Cache: Time (s): cpu = 00:00:00 ; elapsed = 00:00:00.008 . Memory (MB): peak = 2087.977 ; gain = 0.000
Write Physdb Complete: Time (s): cpu = 00:00:01 ; elapsed = 00:00:00.301 . Memory (MB): peak = 2087.977 ; gain = 0.000
INFO: [Common 17-1381] The checkpoint 'C:/Users/C28Asher.Speicher/Documents/ece383_code/Final_Project/Final_Project_CrossyRoad.runs/impl_1/FinalProject_routed.dcp' has been generated.
Command: write_bitstream -force FinalProject.bit
Attempting to get a license for feature 'Implementation' and/or device 'xc7a200t'
INFO: [Common 17-349] Got license for feature 'Implementation' and/or device 'xc7a200t'
Running DRC as a precondition to command write_bitstream
INFO: [IP_Flow 19-1839] IP Catalog is up to date.
INFO: [DRC 23-27] Running DRC with 2 threads
INFO: [Vivado 12-3199] DRC finished with 0 Errors
INFO: [Vivado 12-3200] Please refer to the DRC report (report_drc) for more information.
INFO: [Designutils 20-2272] Running write_bitstream with 2 threads.
Loading data files...
Loading site data...
Loading route data...
Processing options...
Creating bitmap...
Creating bitstream...
Writing bitstream ./FinalProject.bit...
INFO: [Vivado 12-1842] Bitgen Completed Successfully.
INFO: [Project 1-1876] WebTalk data collection is mandatory when using a ULT device. To see the specific WebTalk data collected for your design, open the usage_statistics_webtalk.html or usage_statistics_webtalk.xml file in the implementation directory.
INFO: [Common 17-83] Releasing license: Implementation
133 Infos, 2 Warnings, 0 Critical Warnings and 0 Errors encountered.
write_bitstream completed successfully
write_bitstream: Time (s): cpu = 00:00:17 ; elapsed = 00:00:17 . Memory (MB): peak = 2665.707 ; gain = 577.730
INFO: [Common 17-206] Exiting Vivado at Tue May  5 10:30:49 2026...
