08:29:42 DEBUG : Logs will be stored at 'C:/Users/C28Asher.Speicher/Documents/ece383_code/vitisWorkspace/IDE.log'.
08:29:46 INFO  : Launching XSCT server: xsct.bat -n  -interactive C:\Users\C28Asher.Speicher\Documents\ece383_code\vitisWorkspace\temp_xsdb_launch_script.tcl
08:29:46 INFO  : Platform repository initialization has completed.
08:29:46 INFO  : Registering command handlers for Vitis TCF services
08:29:53 INFO  : XSCT server has started successfully.
08:29:53 INFO  : Successfully done setting XSCT server connection channel  
08:29:53 INFO  : plnx-install-location is set to ''
08:30:03 INFO  : Successfully done setting workspace for the tool. 
08:30:03 INFO  : Successfully done query RDI_DATADIR 
08:30:22 INFO  : Result from executing command 'getProjects': lab3v4
08:30:22 INFO  : Result from executing command 'getPlatforms': 
08:30:22 WARN  : An unexpected exception occurred in the module 'platform project logging'
08:30:22 INFO  : Platform 'lab3v4' is added to custom repositories.
08:30:23 ERROR : 
org.eclipse.core.runtime.CoreException: CDT Project already configured
	at org.eclipse.cdt.internal.core.settings.model.ExceptionFactory.createCoreException(ExceptionFactory.java:26) ~[org.eclipse.cdt.core_6.4.0.201802261533.jar:?]
	at org.eclipse.cdt.core.CCorePlugin.mapCProjectOwner(CCorePlugin.java:890) ~[org.eclipse.cdt.core_6.4.0.201802261533.jar:?]
	at org.eclipse.cdt.core.CCorePlugin$1.run(CCorePlugin.java:945) ~[org.eclipse.cdt.core_6.4.0.201802261533.jar:?]
	at org.eclipse.core.internal.resources.Workspace.run(Workspace.java:2292) ~[org.eclipse.core.resources_3.13.700.v20200209-1624.jar:?]
	at org.eclipse.cdt.core.CCorePlugin.createCProject(CCorePlugin.java:930) ~[org.eclipse.cdt.core_6.4.0.201802261533.jar:?]
	at com.xilinx.sdx.sdk.core.gen.AppCreationHandler.createCProject(AppCreationHandler.java:92) ~[?:?]
	at com.xilinx.sdx.sdk.core.gen.StandaloneProjectHandler.createCoreApp(StandaloneProjectHandler.java:67) ~[?:?]
	at com.xilinx.sdx.sdk.core.gen.AppCreationHandler.createApplication(AppCreationHandler.java:79) ~[?:?]
	at com.xilinx.sdx.sdk.core.gen.AppCreationHandler.execute(AppCreationHandler.java:69) ~[?:?]
	at com.xilinx.sdx.sdk.core.SdkAppCreationHandler.executeInternal(SdkAppCreationHandler.java:75) ~[?:?]
	at com.xilinx.sdx.sdk.core.SdkAppCreationHandler.lambda$1(SdkAppCreationHandler.java:67) ~[?:?]
	at org.eclipse.core.internal.resources.Workspace.run(Workspace.java:2292) ~[org.eclipse.core.resources_3.13.700.v20200209-1624.jar:?]
	at org.eclipse.core.internal.resources.Workspace.run(Workspace.java:2312) ~[org.eclipse.core.resources_3.13.700.v20200209-1624.jar:?]
	at com.xilinx.sdx.sdk.core.SdkAppCreationHandler.execute(SdkAppCreationHandler.java:66) ~[?:?]
	at com.xilinx.sdx.npw.NewProjectCreationHandler.createApplicationProject(NewProjectCreationHandler.java:237) ~[?:?]
	at com.xilinx.sdx.npw.NewProjectCreationHandler.internalExecute(NewProjectCreationHandler.java:385) ~[?:?]
	at com.xilinx.sdx.npw.NewProjectCreationHandler$1.execute(NewProjectCreationHandler.java:100) ~[?:?]
	at org.eclipse.ui.actions.WorkspaceModifyOperation.lambda$0(WorkspaceModifyOperation.java:110) ~[?:?]
	at org.eclipse.core.internal.resources.Workspace.run(Workspace.java:2292) [org.eclipse.core.resources_3.13.700.v20200209-1624.jar:?]
	at org.eclipse.core.internal.resources.Workspace.run(Workspace.java:2317) [org.eclipse.core.resources_3.13.700.v20200209-1624.jar:?]
	at org.eclipse.ui.actions.WorkspaceModifyOperation.run(WorkspaceModifyOperation.java:131) [org.eclipse.ui.ide_3.17.0.v20200217-1511.jar:?]
	at org.eclipse.jface.operation.ModalContext$ModalContextThread.run(ModalContext.java:122) [org.eclipse.jface_3.19.0.v20200218-1607.jar:?]
Caused by: org.eclipse.core.runtime.CoreException: CDT Project already configured
	at org.eclipse.cdt.internal.core.CConfigBasedDescriptorManager.configure(CConfigBasedDescriptorManager.java:160) ~[org.eclipse.cdt.core_6.4.0.201802261533.jar:?]
	at org.eclipse.cdt.core.CCorePlugin.mapCProjectOwner(CCorePlugin.java:885) ~[org.eclipse.cdt.core_6.4.0.201802261533.jar:?]
	... 20 more
08:30:23 ERROR : Failed to create application project
org.eclipse.core.runtime.CoreException: CDT Project already configured
	at com.xilinx.sdx.sdk.core.gen.StandaloneProjectHandler.createCoreApp(StandaloneProjectHandler.java:150) ~[?:?]
	at com.xilinx.sdx.sdk.core.gen.AppCreationHandler.createApplication(AppCreationHandler.java:79) ~[?:?]
	at com.xilinx.sdx.sdk.core.gen.AppCreationHandler.execute(AppCreationHandler.java:69) ~[?:?]
	at com.xilinx.sdx.sdk.core.SdkAppCreationHandler.executeInternal(SdkAppCreationHandler.java:75) ~[?:?]
	at com.xilinx.sdx.sdk.core.SdkAppCreationHandler.lambda$1(SdkAppCreationHandler.java:67) ~[?:?]
	at org.eclipse.core.internal.resources.Workspace.run(Workspace.java:2292) ~[org.eclipse.core.resources_3.13.700.v20200209-1624.jar:?]
	at org.eclipse.core.internal.resources.Workspace.run(Workspace.java:2312) ~[org.eclipse.core.resources_3.13.700.v20200209-1624.jar:?]
	at com.xilinx.sdx.sdk.core.SdkAppCreationHandler.execute(SdkAppCreationHandler.java:66) ~[?:?]
	at com.xilinx.sdx.npw.NewProjectCreationHandler.createApplicationProject(NewProjectCreationHandler.java:237) ~[?:?]
	at com.xilinx.sdx.npw.NewProjectCreationHandler.internalExecute(NewProjectCreationHandler.java:385) ~[?:?]
	at com.xilinx.sdx.npw.NewProjectCreationHandler$1.execute(NewProjectCreationHandler.java:100) ~[?:?]
	at org.eclipse.ui.actions.WorkspaceModifyOperation.lambda$0(WorkspaceModifyOperation.java:110) ~[?:?]
	at org.eclipse.core.internal.resources.Workspace.run(Workspace.java:2292) [org.eclipse.core.resources_3.13.700.v20200209-1624.jar:?]
	at org.eclipse.core.internal.resources.Workspace.run(Workspace.java:2317) [org.eclipse.core.resources_3.13.700.v20200209-1624.jar:?]
	at org.eclipse.ui.actions.WorkspaceModifyOperation.run(WorkspaceModifyOperation.java:131) [org.eclipse.ui.ide_3.17.0.v20200217-1511.jar:?]
	at org.eclipse.jface.operation.ModalContext$ModalContextThread.run(ModalContext.java:122) [org.eclipse.jface_3.19.0.v20200218-1607.jar:?]
08:33:03 INFO  : Result from executing command 'getProjects': design_1_wrapper
08:33:03 INFO  : Result from executing command 'getPlatforms': 
08:33:03 ERROR : An unexpected exception occurred in the module 'platform project logging'
08:33:03 INFO  : Platform 'design_1_wrapper' is added to custom repositories.
08:33:07 INFO  : Platform 'design_1_wrapper' is added to custom repositories.
08:50:28 INFO  : Result from executing command 'getProjects': design_1_wrapper;lab3wrapper
08:50:28 INFO  : Result from executing command 'getPlatforms': design_1_wrapper|C:/Users/C28Asher.Speicher/Documents/ece383_code/vitisWorkspace/design_1_wrapper/export/design_1_wrapper/design_1_wrapper.xpfm
08:50:28 INFO  : Platform 'lab3wrapper' is added to custom repositories.
08:50:30 INFO  : Platform 'lab3wrapper' is added to custom repositories.
08:52:05 INFO  : Result from executing command 'getProjects': design_1_wrapper;lab3wrapper
08:52:05 INFO  : Result from executing command 'getPlatforms': design_1_wrapper|C:/Users/C28Asher.Speicher/Documents/ece383_code/vitisWorkspace/design_1_wrapper/export/design_1_wrapper/design_1_wrapper.xpfm;lab3wrapper|C:/Users/C28Asher.Speicher/Documents/ece383_code/vitisWorkspace/lab3wrapper/export/lab3wrapper/lab3wrapper.xpfm
08:53:42 INFO  : Connected to target on host '127.0.0.1' and port '3121'.
08:53:44 INFO  : Jtag cable 'Digilent Nexys Video 210276689268B' is selected.
08:53:44 INFO  : 'jtag frequency' command is executed.
08:53:44 INFO  : 'targets -set -filter {jtag_cable_name =~ "Digilent Nexys Video 210276689268B" && level==0 && jtag_device_ctx=="jsn-Nexys Video-210276689268B-13636093-0"}' command is executed.
08:53:51 INFO  : Device configured successfully with "C:/Users/C28Asher.Speicher/Documents/ece383_code/vitisWorkspace/lab3test/_ide/bitstream/lab3wrapper.bit"
08:53:51 INFO  : Context for processor 'microblaze_0' is selected.
08:53:51 INFO  : Hardware design and registers information is loaded from 'C:/Users/C28Asher.Speicher/Documents/ece383_code/vitisWorkspace/lab3wrapper/export/lab3wrapper/hw/lab3wrapper.xsa'.
08:53:51 INFO  : 'configparams mdm-detect-bscan-mask 2' command is executed.
08:53:51 INFO  : Context for processor 'microblaze_0' is selected.
08:53:51 INFO  : System reset is completed.
08:53:54 INFO  : 'after 3000' command is executed.
08:53:54 INFO  : ----------------XSDB Script----------------
connect -url tcp:127.0.0.1:3121
targets -set -filter {jtag_cable_name =~ "Digilent Nexys Video 210276689268B" && level==0 && jtag_device_ctx=="jsn-Nexys Video-210276689268B-13636093-0"}
fpga -file C:/Users/C28Asher.Speicher/Documents/ece383_code/vitisWorkspace/lab3test/_ide/bitstream/lab3wrapper.bit
targets -set -nocase -filter {name =~ "*microblaze*#0" && bscan=="USER2" }
loadhw -hw C:/Users/C28Asher.Speicher/Documents/ece383_code/vitisWorkspace/lab3wrapper/export/lab3wrapper/hw/lab3wrapper.xsa -regs
configparams mdm-detect-bscan-mask 2
targets -set -nocase -filter {name =~ "*microblaze*#0" && bscan=="USER2" }
rst -system
after 3000
----------------End of Script----------------

08:53:55 INFO  : Launch script is exported to file 'C:\Users\C28Asher.Speicher\Documents\ece383_code\vitisWorkspace\lab3test_system\_ide\scripts\systemdebugger_lab3test_system_standalone.tcl'
08:55:52 INFO  : Disconnected from the channel tcfchan#2.
08:55:58 INFO  : Connected to target on host '127.0.0.1' and port '3121'.
08:56:00 INFO  : Jtag cable 'Digilent Nexys Video 210276689268B' is selected.
08:56:00 INFO  : 'jtag frequency' command is executed.
08:56:00 INFO  : 'targets -set -filter {jtag_cable_name =~ "Digilent Nexys Video 210276689268B" && level==0 && jtag_device_ctx=="jsn-Nexys Video-210276689268B-13636093-0"}' command is executed.
08:56:05 INFO  : Device configured successfully with "C:/Users/C28Asher.Speicher/Documents/ece383_code/vitisWorkspace/lab3test/_ide/bitstream/lab3wrapper.bit"
08:56:06 INFO  : Context for processor 'microblaze_0' is selected.
08:56:06 INFO  : Hardware design and registers information is loaded from 'C:/Users/C28Asher.Speicher/Documents/ece383_code/vitisWorkspace/lab3wrapper/export/lab3wrapper/hw/lab3wrapper.xsa'.
08:56:06 INFO  : 'configparams mdm-detect-bscan-mask 2' command is executed.
08:56:06 INFO  : Context for processor 'microblaze_0' is selected.
08:56:06 INFO  : System reset is completed.
08:56:09 INFO  : 'after 3000' command is executed.
08:56:09 INFO  : ----------------XSDB Script----------------
connect -url tcp:127.0.0.1:3121
targets -set -filter {jtag_cable_name =~ "Digilent Nexys Video 210276689268B" && level==0 && jtag_device_ctx=="jsn-Nexys Video-210276689268B-13636093-0"}
fpga -file C:/Users/C28Asher.Speicher/Documents/ece383_code/vitisWorkspace/lab3test/_ide/bitstream/lab3wrapper.bit
targets -set -nocase -filter {name =~ "*microblaze*#0" && bscan=="USER2" }
loadhw -hw C:/Users/C28Asher.Speicher/Documents/ece383_code/vitisWorkspace/lab3wrapper/export/lab3wrapper/hw/lab3wrapper.xsa -regs
configparams mdm-detect-bscan-mask 2
targets -set -nocase -filter {name =~ "*microblaze*#0" && bscan=="USER2" }
rst -system
after 3000
----------------End of Script----------------

08:56:09 INFO  : Launch script is exported to file 'C:\Users\C28Asher.Speicher\Documents\ece383_code\vitisWorkspace\lab3test_system\_ide\scripts\systemdebugger_lab3test_system_standalone.tcl'
08:56:47 INFO  : Checking for BSP changes to sync application flags for project 'lab3test'...
08:56:56 INFO  : Disconnected from the channel tcfchan#3.
08:56:56 INFO  : Connected to target on host '127.0.0.1' and port '3121'.
08:56:56 INFO  : Jtag cable 'Digilent Nexys Video 210276689268B' is selected.
08:56:56 INFO  : 'jtag frequency' command is executed.
08:56:56 INFO  : 'targets -set -filter {jtag_cable_name =~ "Digilent Nexys Video 210276689268B" && level==0 && jtag_device_ctx=="jsn-Nexys Video-210276689268B-13636093-0"}' command is executed.
08:57:01 INFO  : Device configured successfully with "C:/Users/C28Asher.Speicher/Documents/ece383_code/vitisWorkspace/lab3test/_ide/bitstream/lab3wrapper.bit"
08:57:02 INFO  : Context for processor 'microblaze_0' is selected.
08:57:02 INFO  : Hardware design and registers information is loaded from 'C:/Users/C28Asher.Speicher/Documents/ece383_code/vitisWorkspace/lab3wrapper/export/lab3wrapper/hw/lab3wrapper.xsa'.
08:57:02 INFO  : 'configparams mdm-detect-bscan-mask 2' command is executed.
08:57:02 INFO  : Context for processor 'microblaze_0' is selected.
08:57:02 INFO  : System reset is completed.
08:57:05 INFO  : 'after 3000' command is executed.
08:57:05 INFO  : Context for processor 'microblaze_0' is selected.
08:57:05 INFO  : The application 'C:/Users/C28Asher.Speicher/Documents/ece383_code/vitisWorkspace/lab3test/Debug/lab3test.elf' is downloaded to processor 'microblaze_0'.
08:57:05 INFO  : ----------------XSDB Script----------------
connect -url tcp:127.0.0.1:3121
targets -set -filter {jtag_cable_name =~ "Digilent Nexys Video 210276689268B" && level==0 && jtag_device_ctx=="jsn-Nexys Video-210276689268B-13636093-0"}
fpga -file C:/Users/C28Asher.Speicher/Documents/ece383_code/vitisWorkspace/lab3test/_ide/bitstream/lab3wrapper.bit
targets -set -nocase -filter {name =~ "*microblaze*#0" && bscan=="USER2" }
loadhw -hw C:/Users/C28Asher.Speicher/Documents/ece383_code/vitisWorkspace/lab3wrapper/export/lab3wrapper/hw/lab3wrapper.xsa -regs
configparams mdm-detect-bscan-mask 2
targets -set -nocase -filter {name =~ "*microblaze*#0" && bscan=="USER2" }
rst -system
after 3000
targets -set -nocase -filter {name =~ "*microblaze*#0" && bscan=="USER2" }
dow C:/Users/C28Asher.Speicher/Documents/ece383_code/vitisWorkspace/lab3test/Debug/lab3test.elf
----------------End of Script----------------

08:57:05 INFO  : Context for processor 'microblaze_0' is selected.
08:57:05 INFO  : 'con' command is executed.
08:57:05 INFO  : ----------------XSDB Script (After Launch)----------------
targets -set -nocase -filter {name =~ "*microblaze*#0" && bscan=="USER2" }
con
----------------End of Script----------------

08:57:05 INFO  : Launch script is exported to file 'C:\Users\C28Asher.Speicher\Documents\ece383_code\vitisWorkspace\lab3test_system\_ide\scripts\systemdebugger_lab3test_system_standalone.tcl'
09:08:33 INFO  : Result from executing command 'getProjects': design_1_wrapper;lab3v5;lab3wrapper
09:08:33 INFO  : Result from executing command 'getPlatforms': design_1_wrapper|C:/Users/C28Asher.Speicher/Documents/ece383_code/vitisWorkspace/design_1_wrapper/export/design_1_wrapper/design_1_wrapper.xpfm;lab3wrapper|C:/Users/C28Asher.Speicher/Documents/ece383_code/vitisWorkspace/lab3wrapper/export/lab3wrapper/lab3wrapper.xpfm
09:08:34 INFO  : Platform 'lab3v5' is added to custom repositories.
09:08:34 ERROR : 
org.eclipse.core.runtime.CoreException: CDT Project already configured
	at org.eclipse.cdt.internal.core.settings.model.ExceptionFactory.createCoreException(ExceptionFactory.java:26) ~[org.eclipse.cdt.core_6.4.0.201802261533.jar:?]
	at org.eclipse.cdt.core.CCorePlugin.mapCProjectOwner(CCorePlugin.java:890) ~[org.eclipse.cdt.core_6.4.0.201802261533.jar:?]
	at org.eclipse.cdt.core.CCorePlugin$1.run(CCorePlugin.java:945) ~[org.eclipse.cdt.core_6.4.0.201802261533.jar:?]
	at org.eclipse.core.internal.resources.Workspace.run(Workspace.java:2292) ~[org.eclipse.core.resources_3.13.700.v20200209-1624.jar:?]
	at org.eclipse.cdt.core.CCorePlugin.createCProject(CCorePlugin.java:930) ~[org.eclipse.cdt.core_6.4.0.201802261533.jar:?]
	at com.xilinx.sdx.sdk.core.gen.AppCreationHandler.createCProject(AppCreationHandler.java:92) ~[?:?]
	at com.xilinx.sdx.sdk.core.gen.StandaloneProjectHandler.createCoreApp(StandaloneProjectHandler.java:67) ~[?:?]
	at com.xilinx.sdx.sdk.core.gen.AppCreationHandler.createApplication(AppCreationHandler.java:79) ~[?:?]
	at com.xilinx.sdx.sdk.core.gen.AppCreationHandler.execute(AppCreationHandler.java:69) ~[?:?]
	at com.xilinx.sdx.sdk.core.SdkAppCreationHandler.executeInternal(SdkAppCreationHandler.java:75) ~[?:?]
	at com.xilinx.sdx.sdk.core.SdkAppCreationHandler.lambda$1(SdkAppCreationHandler.java:67) ~[?:?]
	at org.eclipse.core.internal.resources.Workspace.run(Workspace.java:2292) ~[org.eclipse.core.resources_3.13.700.v20200209-1624.jar:?]
	at org.eclipse.core.internal.resources.Workspace.run(Workspace.java:2312) ~[org.eclipse.core.resources_3.13.700.v20200209-1624.jar:?]
	at com.xilinx.sdx.sdk.core.SdkAppCreationHandler.execute(SdkAppCreationHandler.java:66) ~[?:?]
	at com.xilinx.sdx.npw.NewProjectCreationHandler.createApplicationProject(NewProjectCreationHandler.java:237) ~[?:?]
	at com.xilinx.sdx.npw.NewProjectCreationHandler.internalExecute(NewProjectCreationHandler.java:385) ~[?:?]
	at com.xilinx.sdx.npw.NewProjectCreationHandler$1.execute(NewProjectCreationHandler.java:100) ~[?:?]
	at org.eclipse.ui.actions.WorkspaceModifyOperation.lambda$0(WorkspaceModifyOperation.java:110) ~[?:?]
	at org.eclipse.core.internal.resources.Workspace.run(Workspace.java:2292) [org.eclipse.core.resources_3.13.700.v20200209-1624.jar:?]
	at org.eclipse.core.internal.resources.Workspace.run(Workspace.java:2317) [org.eclipse.core.resources_3.13.700.v20200209-1624.jar:?]
	at org.eclipse.ui.actions.WorkspaceModifyOperation.run(WorkspaceModifyOperation.java:131) [org.eclipse.ui.ide_3.17.0.v20200217-1511.jar:?]
	at org.eclipse.jface.operation.ModalContext$ModalContextThread.run(ModalContext.java:122) [org.eclipse.jface_3.19.0.v20200218-1607.jar:?]
Caused by: org.eclipse.core.runtime.CoreException: CDT Project already configured
	at org.eclipse.cdt.internal.core.CConfigBasedDescriptorManager.configure(CConfigBasedDescriptorManager.java:160) ~[org.eclipse.cdt.core_6.4.0.201802261533.jar:?]
	at org.eclipse.cdt.core.CCorePlugin.mapCProjectOwner(CCorePlugin.java:885) ~[org.eclipse.cdt.core_6.4.0.201802261533.jar:?]
	... 20 more
09:08:35 ERROR : Failed to create application project
org.eclipse.core.runtime.CoreException: CDT Project already configured
	at com.xilinx.sdx.sdk.core.gen.StandaloneProjectHandler.createCoreApp(StandaloneProjectHandler.java:150) ~[?:?]
	at com.xilinx.sdx.sdk.core.gen.AppCreationHandler.createApplication(AppCreationHandler.java:79) ~[?:?]
	at com.xilinx.sdx.sdk.core.gen.AppCreationHandler.execute(AppCreationHandler.java:69) ~[?:?]
	at com.xilinx.sdx.sdk.core.SdkAppCreationHandler.executeInternal(SdkAppCreationHandler.java:75) ~[?:?]
	at com.xilinx.sdx.sdk.core.SdkAppCreationHandler.lambda$1(SdkAppCreationHandler.java:67) ~[?:?]
	at org.eclipse.core.internal.resources.Workspace.run(Workspace.java:2292) ~[org.eclipse.core.resources_3.13.700.v20200209-1624.jar:?]
	at org.eclipse.core.internal.resources.Workspace.run(Workspace.java:2312) ~[org.eclipse.core.resources_3.13.700.v20200209-1624.jar:?]
	at com.xilinx.sdx.sdk.core.SdkAppCreationHandler.execute(SdkAppCreationHandler.java:66) ~[?:?]
	at com.xilinx.sdx.npw.NewProjectCreationHandler.createApplicationProject(NewProjectCreationHandler.java:237) ~[?:?]
	at com.xilinx.sdx.npw.NewProjectCreationHandler.internalExecute(NewProjectCreationHandler.java:385) ~[?:?]
	at com.xilinx.sdx.npw.NewProjectCreationHandler$1.execute(NewProjectCreationHandler.java:100) ~[?:?]
	at org.eclipse.ui.actions.WorkspaceModifyOperation.lambda$0(WorkspaceModifyOperation.java:110) ~[?:?]
	at org.eclipse.core.internal.resources.Workspace.run(Workspace.java:2292) [org.eclipse.core.resources_3.13.700.v20200209-1624.jar:?]
	at org.eclipse.core.internal.resources.Workspace.run(Workspace.java:2317) [org.eclipse.core.resources_3.13.700.v20200209-1624.jar:?]
	at org.eclipse.ui.actions.WorkspaceModifyOperation.run(WorkspaceModifyOperation.java:131) [org.eclipse.ui.ide_3.17.0.v20200217-1511.jar:?]
	at org.eclipse.jface.operation.ModalContext$ModalContextThread.run(ModalContext.java:122) [org.eclipse.jface_3.19.0.v20200218-1607.jar:?]
09:21:09 INFO  : Disconnected from the channel tcfchan#4.
09:21:10 INFO  : Connected to target on host '127.0.0.1' and port '3121'.
09:21:19 INFO  : ----------------XSDB Script----------------
connect -url tcp:127.0.0.1:3121
----------------End of Script----------------

09:21:19 ERROR : Could not find FPGA device on the board for connection 'Local'.


Troubleshooting hints:
1. Check whether board is connected to system properly.
2. In case of zynq board, check whether Digilent/Xilinx cable switch settings are correct.
3. If you are using Xilinx Platform Cable USB, ensure that status LED is green.
09:24:47 INFO  : Connected to target on host '127.0.0.1' and port '3121'.
09:24:47 INFO  : Jtag cable 'Digilent Nexys Video 210276689268B' is selected.
09:24:47 INFO  : 'jtag frequency' command is executed.
09:24:47 INFO  : 'targets -set -filter {jtag_cable_name =~ "Digilent Nexys Video 210276689268B" && level==0 && jtag_device_ctx=="jsn-Nexys Video-210276689268B-13636093-0"}' command is executed.
09:24:53 INFO  : Device configured successfully with "C:/Users/C28Asher.Speicher/Documents/ece383_code/vitisWorkspace/lab3test/_ide/bitstream/lab3wrapper.bit"
09:24:53 INFO  : Context for processor 'microblaze_0' is selected.
09:24:53 INFO  : Hardware design and registers information is loaded from 'C:/Users/C28Asher.Speicher/Documents/ece383_code/vitisWorkspace/lab3wrapper/export/lab3wrapper/hw/lab3wrapper.xsa'.
09:24:53 INFO  : 'configparams mdm-detect-bscan-mask 2' command is executed.
09:24:53 INFO  : Context for processor 'microblaze_0' is selected.
09:24:53 INFO  : System reset is completed.
09:24:56 INFO  : 'after 3000' command is executed.
09:24:56 INFO  : Context for processor 'microblaze_0' is selected.
09:24:56 INFO  : The application 'C:/Users/C28Asher.Speicher/Documents/ece383_code/vitisWorkspace/lab3test/Debug/lab3test.elf' is downloaded to processor 'microblaze_0'.
09:24:56 INFO  : ----------------XSDB Script----------------
connect -url tcp:127.0.0.1:3121
targets -set -filter {jtag_cable_name =~ "Digilent Nexys Video 210276689268B" && level==0 && jtag_device_ctx=="jsn-Nexys Video-210276689268B-13636093-0"}
fpga -file C:/Users/C28Asher.Speicher/Documents/ece383_code/vitisWorkspace/lab3test/_ide/bitstream/lab3wrapper.bit
targets -set -nocase -filter {name =~ "*microblaze*#0" && bscan=="USER2" }
loadhw -hw C:/Users/C28Asher.Speicher/Documents/ece383_code/vitisWorkspace/lab3wrapper/export/lab3wrapper/hw/lab3wrapper.xsa -regs
configparams mdm-detect-bscan-mask 2
targets -set -nocase -filter {name =~ "*microblaze*#0" && bscan=="USER2" }
rst -system
after 3000
targets -set -nocase -filter {name =~ "*microblaze*#0" && bscan=="USER2" }
dow C:/Users/C28Asher.Speicher/Documents/ece383_code/vitisWorkspace/lab3test/Debug/lab3test.elf
----------------End of Script----------------

09:24:56 INFO  : Context for processor 'microblaze_0' is selected.
09:24:56 INFO  : 'con' command is executed.
09:24:56 INFO  : ----------------XSDB Script (After Launch)----------------
targets -set -nocase -filter {name =~ "*microblaze*#0" && bscan=="USER2" }
con
----------------End of Script----------------

09:24:56 INFO  : Launch script is exported to file 'C:\Users\C28Asher.Speicher\Documents\ece383_code\vitisWorkspace\lab3test_system\_ide\scripts\debugger_lab3test-default.tcl'
09:25:56 INFO  : Checking for BSP changes to sync application flags for project 'lab3test'...
09:26:05 INFO  : Disconnected from the channel tcfchan#5.
09:26:06 INFO  : Connected to target on host '127.0.0.1' and port '3121'.
09:26:15 INFO  : ----------------XSDB Script----------------
connect -url tcp:127.0.0.1:3121
----------------End of Script----------------

09:26:15 ERROR : Could not find FPGA device on the board for connection 'Local'.


Troubleshooting hints:
1. Check whether board is connected to system properly.
2. In case of zynq board, check whether Digilent/Xilinx cable switch settings are correct.
3. If you are using Xilinx Platform Cable USB, ensure that status LED is green.
09:26:23 INFO  : Connected to target on host '127.0.0.1' and port '3121'.
09:26:23 INFO  : Jtag cable 'Digilent Nexys Video 210276689268B' is selected.
09:26:23 INFO  : 'jtag frequency' command is executed.
09:26:23 INFO  : 'targets -set -filter {jtag_cable_name =~ "Digilent Nexys Video 210276689268B" && level==0 && jtag_device_ctx=="jsn-Nexys Video-210276689268B-13636093-0"}' command is executed.
09:26:28 INFO  : Device configured successfully with "C:/Users/C28Asher.Speicher/Documents/ece383_code/vitisWorkspace/lab3test/_ide/bitstream/lab3wrapper.bit"
09:26:28 INFO  : Context for processor 'microblaze_0' is selected.
09:26:28 INFO  : Hardware design and registers information is loaded from 'C:/Users/C28Asher.Speicher/Documents/ece383_code/vitisWorkspace/lab3wrapper/export/lab3wrapper/hw/lab3wrapper.xsa'.
09:26:28 INFO  : 'configparams mdm-detect-bscan-mask 2' command is executed.
09:26:29 INFO  : Context for processor 'microblaze_0' is selected.
09:26:29 INFO  : System reset is completed.
09:26:32 INFO  : 'after 3000' command is executed.
09:26:32 INFO  : Context for processor 'microblaze_0' is selected.
09:26:32 INFO  : The application 'C:/Users/C28Asher.Speicher/Documents/ece383_code/vitisWorkspace/lab3test/Debug/lab3test.elf' is downloaded to processor 'microblaze_0'.
09:26:32 INFO  : ----------------XSDB Script----------------
connect -url tcp:127.0.0.1:3121
targets -set -filter {jtag_cable_name =~ "Digilent Nexys Video 210276689268B" && level==0 && jtag_device_ctx=="jsn-Nexys Video-210276689268B-13636093-0"}
fpga -file C:/Users/C28Asher.Speicher/Documents/ece383_code/vitisWorkspace/lab3test/_ide/bitstream/lab3wrapper.bit
targets -set -nocase -filter {name =~ "*microblaze*#0" && bscan=="USER2" }
loadhw -hw C:/Users/C28Asher.Speicher/Documents/ece383_code/vitisWorkspace/lab3wrapper/export/lab3wrapper/hw/lab3wrapper.xsa -regs
configparams mdm-detect-bscan-mask 2
targets -set -nocase -filter {name =~ "*microblaze*#0" && bscan=="USER2" }
rst -system
after 3000
targets -set -nocase -filter {name =~ "*microblaze*#0" && bscan=="USER2" }
dow C:/Users/C28Asher.Speicher/Documents/ece383_code/vitisWorkspace/lab3test/Debug/lab3test.elf
----------------End of Script----------------

09:26:32 INFO  : Context for processor 'microblaze_0' is selected.
09:26:32 INFO  : 'con' command is executed.
09:26:32 INFO  : ----------------XSDB Script (After Launch)----------------
targets -set -nocase -filter {name =~ "*microblaze*#0" && bscan=="USER2" }
con
----------------End of Script----------------

09:26:32 INFO  : Launch script is exported to file 'C:\Users\C28Asher.Speicher\Documents\ece383_code\vitisWorkspace\lab3test_system\_ide\scripts\debugger_lab3test-default.tcl'
09:58:38 INFO  : Result from executing command 'getProjects': design_1_wrapper;lab3v6;lab3wrapper
09:58:38 INFO  : Result from executing command 'getPlatforms': design_1_wrapper|C:/Users/C28Asher.Speicher/Documents/ece383_code/vitisWorkspace/design_1_wrapper/export/design_1_wrapper/design_1_wrapper.xpfm;lab3wrapper|C:/Users/C28Asher.Speicher/Documents/ece383_code/vitisWorkspace/lab3wrapper/export/lab3wrapper/lab3wrapper.xpfm
09:58:38 ERROR : An unexpected exception occurred in the module 'platform project logging'
09:58:38 INFO  : Platform 'lab3v6' is added to custom repositories.
09:58:39 ERROR : 
org.eclipse.core.runtime.CoreException: CDT Project already configured
	at org.eclipse.cdt.internal.core.settings.model.ExceptionFactory.createCoreException(ExceptionFactory.java:26) ~[org.eclipse.cdt.core_6.4.0.201802261533.jar:?]
	at org.eclipse.cdt.core.CCorePlugin.mapCProjectOwner(CCorePlugin.java:890) ~[org.eclipse.cdt.core_6.4.0.201802261533.jar:?]
	at org.eclipse.cdt.core.CCorePlugin$1.run(CCorePlugin.java:945) ~[org.eclipse.cdt.core_6.4.0.201802261533.jar:?]
	at org.eclipse.core.internal.resources.Workspace.run(Workspace.java:2292) ~[org.eclipse.core.resources_3.13.700.v20200209-1624.jar:?]
	at org.eclipse.cdt.core.CCorePlugin.createCProject(CCorePlugin.java:930) ~[org.eclipse.cdt.core_6.4.0.201802261533.jar:?]
	at com.xilinx.sdx.sdk.core.gen.AppCreationHandler.createCProject(AppCreationHandler.java:92) ~[?:?]
	at com.xilinx.sdx.sdk.core.gen.StandaloneProjectHandler.createCoreApp(StandaloneProjectHandler.java:67) ~[?:?]
	at com.xilinx.sdx.sdk.core.gen.AppCreationHandler.createApplication(AppCreationHandler.java:79) ~[?:?]
	at com.xilinx.sdx.sdk.core.gen.AppCreationHandler.execute(AppCreationHandler.java:69) ~[?:?]
	at com.xilinx.sdx.sdk.core.SdkAppCreationHandler.executeInternal(SdkAppCreationHandler.java:75) ~[?:?]
	at com.xilinx.sdx.sdk.core.SdkAppCreationHandler.lambda$1(SdkAppCreationHandler.java:67) ~[?:?]
	at org.eclipse.core.internal.resources.Workspace.run(Workspace.java:2292) ~[org.eclipse.core.resources_3.13.700.v20200209-1624.jar:?]
	at org.eclipse.core.internal.resources.Workspace.run(Workspace.java:2312) ~[org.eclipse.core.resources_3.13.700.v20200209-1624.jar:?]
	at com.xilinx.sdx.sdk.core.SdkAppCreationHandler.execute(SdkAppCreationHandler.java:66) ~[?:?]
	at com.xilinx.sdx.npw.NewProjectCreationHandler.createApplicationProject(NewProjectCreationHandler.java:237) ~[?:?]
	at com.xilinx.sdx.npw.NewProjectCreationHandler.internalExecute(NewProjectCreationHandler.java:385) ~[?:?]
	at com.xilinx.sdx.npw.NewProjectCreationHandler$1.execute(NewProjectCreationHandler.java:100) ~[?:?]
	at org.eclipse.ui.actions.WorkspaceModifyOperation.lambda$0(WorkspaceModifyOperation.java:110) ~[?:?]
	at org.eclipse.core.internal.resources.Workspace.run(Workspace.java:2292) [org.eclipse.core.resources_3.13.700.v20200209-1624.jar:?]
	at org.eclipse.core.internal.resources.Workspace.run(Workspace.java:2317) [org.eclipse.core.resources_3.13.700.v20200209-1624.jar:?]
	at org.eclipse.ui.actions.WorkspaceModifyOperation.run(WorkspaceModifyOperation.java:131) [org.eclipse.ui.ide_3.17.0.v20200217-1511.jar:?]
	at org.eclipse.jface.operation.ModalContext$ModalContextThread.run(ModalContext.java:122) [org.eclipse.jface_3.19.0.v20200218-1607.jar:?]
Caused by: org.eclipse.core.runtime.CoreException: CDT Project already configured
	at org.eclipse.cdt.internal.core.CConfigBasedDescriptorManager.configure(CConfigBasedDescriptorManager.java:160) ~[org.eclipse.cdt.core_6.4.0.201802261533.jar:?]
	at org.eclipse.cdt.core.CCorePlugin.mapCProjectOwner(CCorePlugin.java:885) ~[org.eclipse.cdt.core_6.4.0.201802261533.jar:?]
	... 20 more
09:58:40 ERROR : Failed to create application project
org.eclipse.core.runtime.CoreException: CDT Project already configured
	at com.xilinx.sdx.sdk.core.gen.StandaloneProjectHandler.createCoreApp(StandaloneProjectHandler.java:150) ~[?:?]
	at com.xilinx.sdx.sdk.core.gen.AppCreationHandler.createApplication(AppCreationHandler.java:79) ~[?:?]
	at com.xilinx.sdx.sdk.core.gen.AppCreationHandler.execute(AppCreationHandler.java:69) ~[?:?]
	at com.xilinx.sdx.sdk.core.SdkAppCreationHandler.executeInternal(SdkAppCreationHandler.java:75) ~[?:?]
	at com.xilinx.sdx.sdk.core.SdkAppCreationHandler.lambda$1(SdkAppCreationHandler.java:67) ~[?:?]
	at org.eclipse.core.internal.resources.Workspace.run(Workspace.java:2292) ~[org.eclipse.core.resources_3.13.700.v20200209-1624.jar:?]
	at org.eclipse.core.internal.resources.Workspace.run(Workspace.java:2312) ~[org.eclipse.core.resources_3.13.700.v20200209-1624.jar:?]
	at com.xilinx.sdx.sdk.core.SdkAppCreationHandler.execute(SdkAppCreationHandler.java:66) ~[?:?]
	at com.xilinx.sdx.npw.NewProjectCreationHandler.createApplicationProject(NewProjectCreationHandler.java:237) ~[?:?]
	at com.xilinx.sdx.npw.NewProjectCreationHandler.internalExecute(NewProjectCreationHandler.java:385) ~[?:?]
	at com.xilinx.sdx.npw.NewProjectCreationHandler$1.execute(NewProjectCreationHandler.java:100) ~[?:?]
	at org.eclipse.ui.actions.WorkspaceModifyOperation.lambda$0(WorkspaceModifyOperation.java:110) ~[?:?]
	at org.eclipse.core.internal.resources.Workspace.run(Workspace.java:2292) [org.eclipse.core.resources_3.13.700.v20200209-1624.jar:?]
	at org.eclipse.core.internal.resources.Workspace.run(Workspace.java:2317) [org.eclipse.core.resources_3.13.700.v20200209-1624.jar:?]
	at org.eclipse.ui.actions.WorkspaceModifyOperation.run(WorkspaceModifyOperation.java:131) [org.eclipse.ui.ide_3.17.0.v20200217-1511.jar:?]
	at org.eclipse.jface.operation.ModalContext$ModalContextThread.run(ModalContext.java:122) [org.eclipse.jface_3.19.0.v20200218-1607.jar:?]
10:37:31 INFO  : Result from executing command 'getProjects': design_1_wrapper;lab3v7;lab3wrapper
10:37:31 INFO  : Result from executing command 'getPlatforms': design_1_wrapper|C:/Users/C28Asher.Speicher/Documents/ece383_code/vitisWorkspace/design_1_wrapper/export/design_1_wrapper/design_1_wrapper.xpfm;lab3wrapper|C:/Users/C28Asher.Speicher/Documents/ece383_code/vitisWorkspace/lab3wrapper/export/lab3wrapper/lab3wrapper.xpfm
10:37:31 ERROR : An unexpected exception occurred in the module 'platform project logging'
10:37:31 INFO  : Platform 'lab3v7' is added to custom repositories.
10:37:34 INFO  : Platform 'lab3v7' is added to custom repositories.
10:41:44 ERROR : Failed to execute command 'catch {platform remove design_1_wrapper}'. Click on details for more information.
10:42:51 INFO  : Checking for BSP changes to sync application flags for project 'lab3v7-1'...
10:42:52 INFO  : Launching XSCT server: xsct.bat -n  -interactive C:\Users\C28Asher.Speicher\Documents\ece383_code\vitisWorkspace\temp_xsdb_launch_script.tcl
10:42:56 INFO  : XSCT server has started successfully.
10:43:26 INFO  : Checking for BSP changes to sync application flags for project 'lab3v7-1'...
10:44:36 INFO  : Checking for BSP changes to sync application flags for project 'lab3v7-1'...
10:47:33 INFO  : Checking for BSP changes to sync application flags for project 'lab3v7-1'...
10:47:54 INFO  : Checking for BSP changes to sync application flags for project 'lab3v7-1'...
10:52:19 INFO  : Checking for BSP changes to sync application flags for project 'lab3v7-1'...
10:54:18 INFO  : Checking for BSP changes to sync application flags for project 'lab3v7-1'...
10:56:32 INFO  : Checking for BSP changes to sync application flags for project 'lab3v7-1'...
10:58:10 INFO  : Checking for BSP changes to sync application flags for project 'lab3v7-1'...
10:58:26 WARN  : channel "tcfchan#6" closed
