Copyright 1986-2022 Xilinx, Inc. All Rights Reserved. Copyright 2022-2024 Advanced Micro Devices, Inc. All Rights Reserved.
---------------------------------------------------------------------------------------------------------------------------------------------
| Tool Version : Vivado v.2024.2 (win64) Build 5239630 Fri Nov 08 22:35:27 MST 2024
| Date         : Mon Feb 23 09:12:41 2026
| Host         : C28-2TK4150H12 running 64-bit major release  (build 9200)
| Command      : report_drc -file lab2_drc_routed.rpt -pb lab2_drc_routed.pb -rpx lab2_drc_routed.rpx
| Design       : lab2
| Device       : xc7a200tsbg484-1
| Speed File   : -1
| Design State : Fully Routed
---------------------------------------------------------------------------------------------------------------------------------------------

Report DRC

Table of Contents
-----------------
1. REPORT SUMMARY
2. REPORT DETAILS

1. REPORT SUMMARY
-----------------
            Netlist: netlist
          Floorplan: design_1
      Design limits: <entire design considered>
           Ruledeck: default
             Max checks: <unlimited>
             Checks found: 24
+----------+----------+-----------------------------------------------------+--------+
| Rule     | Severity | Description                                         | Checks |
+----------+----------+-----------------------------------------------------+--------+
| CFGBVS-1 | Warning  | Missing CFGBVS and CONFIG_VOLTAGE Design Properties | 1      |
| PDRC-136 | Warning  | SLICE_PairEqSame_C6C5_WARN                          | 7      |
| PDRC-138 | Warning  | SLICE_PairEqSame_D6D5_WARN                          | 6      |
| PDRC-144 | Warning  | SLICE_PairEqSame_C6C5_WARN                          | 1      |
| PDRC-146 | Warning  | SLICE_PairEqSame_D6D5_WARN                          | 1      |
| PDRC-153 | Warning  | Gated clock check                                   | 8      |
+----------+----------+-----------------------------------------------------+--------+

2. REPORT DETAILS
-----------------
CFGBVS-1#1 Warning
Missing CFGBVS and CONFIG_VOLTAGE Design Properties  
Neither the CFGBVS nor CONFIG_VOLTAGE voltage property is set in the current_design.  Configuration bank voltage select (CFGBVS) must be set to VCCO or GND, and CONFIG_VOLTAGE must be set to the correct configuration voltage, in order to determine the I/O voltage support for the pins in bank 0.  It is suggested to specify these either using the 'Edit Device Properties' function in the GUI or directly in the XDC file using the following syntax:

 set_property CFGBVS value1 [current_design]
 #where value1 is either VCCO or GND

 set_property CONFIG_VOLTAGE value2 [current_design]
 #where value2 is the voltage provided to configuration bank 0

Refer to the device configuration user guide for more information.
Related violations: <none>

PDRC-136#1 Warning
SLICE_PairEqSame_C6C5_WARN  
Luts C6LUT and C5LUT in use in site SLICE_X130Y126 with different equations without A6 pin connected to Global Logic High.
Related violations: <none>

PDRC-136#2 Warning
SLICE_PairEqSame_C6C5_WARN  
Luts C6LUT and C5LUT in use in site SLICE_X133Y128 with different equations without A6 pin connected to Global Logic High.
Related violations: <none>

PDRC-136#3 Warning
SLICE_PairEqSame_C6C5_WARN  
Luts C6LUT and C5LUT in use in site SLICE_X134Y122 with different equations without A6 pin connected to Global Logic High.
Related violations: <none>

PDRC-136#4 Warning
SLICE_PairEqSame_C6C5_WARN  
Luts C6LUT and C5LUT in use in site SLICE_X134Y127 with different equations without A6 pin connected to Global Logic High.
Related violations: <none>

PDRC-136#5 Warning
SLICE_PairEqSame_C6C5_WARN  
Luts C6LUT and C5LUT in use in site SLICE_X134Y131 with different equations without A6 pin connected to Global Logic High.
Related violations: <none>

PDRC-136#6 Warning
SLICE_PairEqSame_C6C5_WARN  
Luts C6LUT and C5LUT in use in site SLICE_X135Y127 with different equations without A6 pin connected to Global Logic High.
Related violations: <none>

PDRC-136#7 Warning
SLICE_PairEqSame_C6C5_WARN  
Luts C6LUT and C5LUT in use in site SLICE_X135Y129 with different equations without A6 pin connected to Global Logic High.
Related violations: <none>

PDRC-138#1 Warning
SLICE_PairEqSame_D6D5_WARN  
Luts D6LUT and D5LUT in use in site SLICE_X130Y126 with different equations without A6 pin connected to Global Logic High.
Related violations: <none>

PDRC-138#2 Warning
SLICE_PairEqSame_D6D5_WARN  
Luts D6LUT and D5LUT in use in site SLICE_X133Y128 with different equations without A6 pin connected to Global Logic High.
Related violations: <none>

PDRC-138#3 Warning
SLICE_PairEqSame_D6D5_WARN  
Luts D6LUT and D5LUT in use in site SLICE_X134Y122 with different equations without A6 pin connected to Global Logic High.
Related violations: <none>

PDRC-138#4 Warning
SLICE_PairEqSame_D6D5_WARN  
Luts D6LUT and D5LUT in use in site SLICE_X134Y127 with different equations without A6 pin connected to Global Logic High.
Related violations: <none>

PDRC-138#5 Warning
SLICE_PairEqSame_D6D5_WARN  
Luts D6LUT and D5LUT in use in site SLICE_X134Y131 with different equations without A6 pin connected to Global Logic High.
Related violations: <none>

PDRC-138#6 Warning
SLICE_PairEqSame_D6D5_WARN  
Luts D6LUT and D5LUT in use in site SLICE_X135Y129 with different equations without A6 pin connected to Global Logic High.
Related violations: <none>

PDRC-144#1 Warning
SLICE_PairEqSame_C6C5_WARN  
Luts C6LUT and C5LUT in use in site SLICE_X132Y124 with different equations without A6 pin connected to Global Logic High.
Related violations: <none>

PDRC-146#1 Warning
SLICE_PairEqSame_D6D5_WARN  
Luts D6LUT and D5LUT in use in site SLICE_X132Y124 with different equations without A6 pin connected to Global Logic High.
Related violations: <none>

PDRC-153#1 Warning
Gated clock check  
Net datapath/numeric_stepper_t/debouncer_down/cw_reg[1]_i_2__1_n_0 is a gated clock net sourced by a combinational pin datapath/numeric_stepper_t/debouncer_down/cw_reg[1]_i_2__1/O, cell datapath/numeric_stepper_t/debouncer_down/cw_reg[1]_i_2__1. This is not good design practice and will likely impact performance. For SLICE registers, for example, use the CE pin to control the loading of data.
Related violations: <none>

PDRC-153#2 Warning
Gated clock check  
Net datapath/numeric_stepper_t/debouncer_up/cw_reg[1]_i_2__2_n_0 is a gated clock net sourced by a combinational pin datapath/numeric_stepper_t/debouncer_up/cw_reg[1]_i_2__2/O, cell datapath/numeric_stepper_t/debouncer_up/cw_reg[1]_i_2__2. This is not good design practice and will likely impact performance. For SLICE registers, for example, use the CE pin to control the loading of data.
Related violations: <none>

PDRC-153#3 Warning
Gated clock check  
Net datapath/numeric_stepper_v/debouncer_down/cw_reg[1]_i_2_n_0 is a gated clock net sourced by a combinational pin datapath/numeric_stepper_v/debouncer_down/cw_reg[1]_i_2/O, cell datapath/numeric_stepper_v/debouncer_down/cw_reg[1]_i_2. This is not good design practice and will likely impact performance. For SLICE registers, for example, use the CE pin to control the loading of data.
Related violations: <none>

PDRC-153#4 Warning
Gated clock check  
Net datapath/numeric_stepper_v/debouncer_up/cw_reg[1]_i_2__0_n_0 is a gated clock net sourced by a combinational pin datapath/numeric_stepper_v/debouncer_up/cw_reg[1]_i_2__0/O, cell datapath/numeric_stepper_v/debouncer_up/cw_reg[1]_i_2__0. This is not good design practice and will likely impact performance. For SLICE registers, for example, use the CE pin to control the loading of data.
Related violations: <none>

PDRC-153#5 Warning
Gated clock check  
Net datapath/video_inst/Inst_vga/vga_signal_generator_inst/h_blank_is_low_reg/G0 is a gated clock net sourced by a combinational pin datapath/video_inst/Inst_vga/vga_signal_generator_inst/h_blank_is_low_reg/L3_2/O, cell datapath/video_inst/Inst_vga/vga_signal_generator_inst/h_blank_is_low_reg/L3_2 (in datapath/video_inst/Inst_vga/vga_signal_generator_inst/h_blank_is_low_reg macro). This is not good design practice and will likely impact performance. For SLICE registers, for example, use the CE pin to control the loading of data.
Related violations: <none>

PDRC-153#6 Warning
Gated clock check  
Net datapath/video_inst/Inst_vga/vga_signal_generator_inst/h_sync_is_low_reg/G0 is a gated clock net sourced by a combinational pin datapath/video_inst/Inst_vga/vga_signal_generator_inst/h_sync_is_low_reg/L3_2/O, cell datapath/video_inst/Inst_vga/vga_signal_generator_inst/h_sync_is_low_reg/L3_2 (in datapath/video_inst/Inst_vga/vga_signal_generator_inst/h_sync_is_low_reg macro). This is not good design practice and will likely impact performance. For SLICE registers, for example, use the CE pin to control the loading of data.
Related violations: <none>

PDRC-153#7 Warning
Gated clock check  
Net datapath/video_inst/Inst_vga/vga_signal_generator_inst/v_blank_is_low_reg/G0 is a gated clock net sourced by a combinational pin datapath/video_inst/Inst_vga/vga_signal_generator_inst/v_blank_is_low_reg/L3_2/O, cell datapath/video_inst/Inst_vga/vga_signal_generator_inst/v_blank_is_low_reg/L3_2 (in datapath/video_inst/Inst_vga/vga_signal_generator_inst/v_blank_is_low_reg macro). This is not good design practice and will likely impact performance. For SLICE registers, for example, use the CE pin to control the loading of data.
Related violations: <none>

PDRC-153#8 Warning
Gated clock check  
Net datapath/video_inst/Inst_vga/vga_signal_generator_inst/v_sync_is_low_reg/G0 is a gated clock net sourced by a combinational pin datapath/video_inst/Inst_vga/vga_signal_generator_inst/v_sync_is_low_reg/L3_2/O, cell datapath/video_inst/Inst_vga/vga_signal_generator_inst/v_sync_is_low_reg/L3_2 (in datapath/video_inst/Inst_vga/vga_signal_generator_inst/v_sync_is_low_reg macro). This is not good design practice and will likely impact performance. For SLICE registers, for example, use the CE pin to control the loading of data.
Related violations: <none>


